MUTANT no_features: exit 1; failed: different_seeds_differ, carve_only_removes, partial_heights, z0_to_z1_exposure, z1_to_z2_exposure, feature_reaches_z2, shallow_more_common, caves_on_all_levels, cave_overburden, cave_void_minimum, roof_breach, clearance_4_5_more, multi_z_connectivity, shafts_keep_fluid, ground_holes, save_load
MUTANT seed_ignored: exit 1; failed: different_seeds_differ, feature_reaches_z2, multi_z_connectivity, shafts_keep_fluid
MUTANT flat_cuts: exit 1; failed: partial_heights, z1_to_z2_exposure, feature_reaches_z2, multi_z_connectivity
MUTANT old_gen_cut: exit 1; failed: old_generator_unchanged, carve_only_removes
MUTANT adds_mass: exit 1; failed: carve_only_removes
MUTANT nondeterministic: exit 1; failed: deterministic_same_seed, shafts_keep_fluid, save_load
MUTANT no_exposure: exit 1; failed: z1_to_z2_exposure, feature_reaches_z2
MUTANT underground_caves_only: exit 1; failed: caves_on_all_levels, roof_breach
MUTANT swiss_cheese: exit 1; failed: cave_free_terrain, shafts_keep_fluid
MUTANT z2_everywhere: exit 1; failed: shallow_more_common
MUTANT cuts_in_start: exit 1; failed: traversable_terrain
MUTANT no_roof: exit 1; failed: shallow_more_common, cave_overburden, multi_z_connectivity, protections
MUTANT cap_ignored: exit 1; failed: cave_overburden, roof_breach
MUTANT clearance_off_by_one: exit 1; failed: cave_overburden, roof_breach, clearance_4_5_more, clearance_stops_at_fluid
MUTANT void_min_1: exit 1; failed: cave_void_minimum
MUTANT air_through_fluid: exit 1; failed: clearance_stops_at_fluid
MUTANT airrun_through_fluid: exit 1; failed: clearance_stops_at_fluid
MUTANT shaft_through_fluid: exit 1; failed: shafts_keep_fluid
MUTANT shaft_prescan_removed: exit 1; failed: shafts_keep_fluid
MUTANT pockets_unprotected: exit 1; failed: cave_overburden, protections
MUTANT keep_floating: exit 1; failed: different_seeds_differ, no_floating_mass
MUTANT skylight_through_fluid: exit 1; failed: shafts_keep_fluid
MUTANT no_multi_z: exit 1; failed: multi_z_connectivity, shafts_keep_fluid
MUTANT water_ignored: exit 1; failed: protections
MUTANT open_ground_grass: exit 1; failed: ground_holes
MUTANT plants_in_cuts: exit 1; failed: ground_holes
MUTANT feature_grid_kept: exit 1; failed: no_parallel_authority
MUTANT error_injected: exit 1; failed: no_errors
MUTANTS: 28/28 caught by a named check (exit 1) (1146 s)

real	19m5.977s
user	0m0.000s
sys	0m0.000s
exit=0
