=== DEUS-TSK-FABLE-19B natural cuts and all-Z caves: regression seed 18, second seed 3, seed set 18,3,21,4, MUTANT swiss_cheese ===
INFO newWorld seed 18: generator 5 11541 ms, generator 4 (same code, levelsGen 4) 8948 ms, pre-19B code 10224 ms; natural features 1098 ms
INFO seed set built: 18, 3, 21, 4 (100 s)
PASS deterministic_same_seed - seed 18 in two vms: strata+connectors+caps per level -2:same -1:same 0:same 1:same 2:same, feature list same; regenerated inside seed 3's world: -2: cb7d9ca5, -1: 02f71bdd, 1: 80f7e5e1, 2: 7b6ee971
PASS different_seeds_differ - carved columns: seed 18 9684, seed 3 5413, shared 1009 (overlap 7.2 %, limit 25 %); cut anchors 19 / 8, at the same cell 0 (0 %, limit 30 %); seed 3 valid (no floating mass, caves present) true
PASS old_generator_unchanged - generator 4 (levelsGen 4) vs the pre-19B code (19fcf0e), seed 18: strata per level -2:same -1:same 0:same 1:same 2:same; checksums -2:666ada13 -1:8eda2b93 0:0779462c 1:1496eea4 2:ae3e6025; no features or caps true; a pre-V80 migration's generators [4,4,4,4,4]
PASS carve_only_removes - 4 seeds, generator 4 -> 5: solid strata carved to air 171368; +2 massif fill on capped summit columns 23737; air -> matter elsewhere 0, solid material changed 0, fluid removed 0; connectors: ramps added 709, other changes on unchanged columns 0
PASS partial_heights - cut columns of seed 18 by the fill of the cell holding the new top: HEIGHT_1_OF_5 572 e.g. (72,24,-1), HEIGHT_2_OF_5 278 e.g. (77,31,-1), HEIGHT_3_OF_5 395 e.g. (76,29,-1), HEIGHT_4_OF_5 513 e.g. (71,24,-1), HEIGHT_5_OF_5 1203 e.g. (69,23,-1) (want >= 5 each); heightStateAt disagreeing 0
PASS z0_to_z1_exposure - 721 generated columns of seed 18 open from the ground down to a floor in -1; deepest (190,83): first air 5 ft, ground cell open, -1 cell floor (HEIGHT_0_OF_5), overburden false
PASS z1_to_z2_exposure - 44 generated sky-open columns of seed 18 whose -1 cell is all air over a floor in -2; deepest (201,99): first air 1 ft, -1 open, -2 floor HEIGHT_1_OF_5
PASS feature_reaches_z2 - a connected generated cut of seed 18: 207 columns, host levels [1], deepest first air 1 ft at (201,99); traced through the cut up to a column whose natural surface is the ground or higher true
PASS shallow_more_common - generated cut components over 4 seeds by realized depth: shallow (<= 4 ft) 96, deeper partial 55, exposing -1 to its S0 25, reaching -2 23 (want shallow >= 3 x reaching -2, and at least one reaching -2); 18: 34 shallow / 1 to -2; 3: 8 shallow / 4 to -2; 21: 36 shallow / 8 to -2; 4: 18 shallow / 10 to -2
PASS caves_on_all_levels - roofed generated cave floors over 4 seeds by level: 2: 5524 (seed 18 (146,44)), 1: 4036 (seed 18 (58,92)), 0: 7664 (seed 18 (61,97)), -1: 7488 (seed 18 (70,121)), -2: 9013 (seed 18 (178,74))
FAIL cave_free_terrain - 18: cave columns 7132 (10.88 %), massif 3219 (4.91 %); 3: cave columns 4931 (7.52 %), massif 973 (1.48 %); 21: cave columns 10544 (16.09 %), massif 5438 (8.30 %); 4: cave columns 6837 (10.43 %), massif 1806 (2.76 %) (limits 5 % and 3 %)
PASS traversable_terrain - 18: standable 127972/124320 (102.9 %), ground 26749/23939 (111.7 %), largest ground region 14465/14537 (99.5 %), start valley untouched true; 3: standable 130462/127194 (102.6 %), ground 40411/39468 (102.4 %), largest ground region 39436/39320 (100.3 %), start valley untouched true; 21: standable 131643/126036 (104.4 %), ground 14564/11478 (126.9 %), largest ground region 3348/3348 (100.0 %), start valley untouched true; 4: standable 128203/123627 (103.7 %), ground 16218/14346 (113.0 %), largest ground region 4444/4457 (99.7 %), start valley untouched true
PASS cave_overburden - seed 18: 8083 roofed generated cave floors (hasOpaqueOverburden true and continuousAirHeight = the air run of the strata), 2716 sky-open cut floors (no overburden, Infinity); wrong 0; network chambers roofed at their centres 173/177 (want >= 90 %: a mouth or a cut can open a few): #27 (114,199) floor 11: open to the sky; #30 (87,190) floor 10: open to the sky; #53 (38,163) floor 2: no floor there; #53 (45,170) floor 2: no floor there
PASS cave_void_minimum - roofed generated cave voids over 4 seeds by height (ft): {"3":3647,"4":10967,"5":8395,"6":4335,"7":3364,"8":1728,"9":824,"10":185,"11":78,"12":94,"13":61,"14":34,"15":13}; under 3 ft 0
PASS roof_breach - cave (154,20,0) under 1 ft of roof: before {"ob":true,"cl":"5","shape":"floor"}, dug 1 strata (want 1) -> {"ob":false,"cl":"Infinity","shape":"floor"}, restored {"ob":true,"cl":"5","records":0}; +2 cave (146,44,2) under a stone cap 12 ft: overburden true -> breached (true, levels:capBreached 1) false, clearance 5 -> Infinity; saved and loaded: overburden false, cap gone, saved record true; restored: overburden true, clearance 5, record kept false
PASS clearance_4_5_more - fixture column (64,30): 1 solid + 4 air under solid 4 ft (derived shape floor: the compatibility view; the clearance is the data), 5 air on -2's S4 5, across -1 and the ground 6 (airRunAt 6), up to +1 9, open sky Infinity, a 2 ft slot 2 (shape solid), solid 0, no floor -1; restored records 0; generated floors: 4 ft (232,20,-2), 5 ft (154,20,0), > 5 ft 9 ft (220,20,-2); 1,000,000 queries 900 ns each, heap growth 90328 B (checksum 6150000)
PASS clearance_stops_at_fluid - fixture column (64,30): -1 stone + 4 water, ground solid: continuousAirHeight 0 (want 0), airRunAt(6) 0 (want 0); -1 stone + 2 air + 2 water: continuousAirHeight 2 (want 2), airRunAt(6) 2 (want 2); -1 stone + water + 3 air (from the floor): continuousAirHeight 0 (want 0), airRunAt(6) 0 (want 0); the same, air run from S2: continuousAirHeight 0 (want 0), airRunAt(7) 3 (want 3); -2 stone + 4 lava, -1 solid: continuousAirHeight 0 (want 0), airRunAt(1) 0 (want 0); -2 stone + 4 air, -1 solid (control): continuousAirHeight 4 (want 4), airRunAt(1) 4 (want 4); restored records 0
PASS multi_z_connectivity - 25 networks flagged multi-Z in seed 18; #2 from (47,93) floor 21 ft: 255621 air strata (roofed), floors on levels [-2,-1,0,1,2]; natural ramp connectors added 252, e.g. (71,24,-1) derived ramp
FAIL shafts_keep_fluid - seed 18: 34 shafts (5 with rock under water), 19 skylights (19 with rock under water); seed 3: 40 shafts (9 with rock under water), 24 skylights (24 with rock under water); total rock strata under water: 174 (shafts 14, skylights 160), carved 5; after the carve: shaft (144,203) rock at 15 ft carved below the water; shaft (143,204) rock at 15 ft carved below the water; shaft (144,204) rock at 15 ft carved below the water; shaft (145,204) rock at 15 ft carved below the water; shaft (144,205) rock at 15 ft carved below the water
PASS no_floating_mass - solid strata not connected to bedrock or the area edge: 18: generator 5 0, generator 4 0; 3: generator 5 0, generator 4 0; 21: generator 5 0, generator 4 0; 4: generator 5 0, generator 4 0; the generator removed 35 unconnected strata in seed 18
PASS protections - 4 seeds: 208 underground founding squares and pools with their roofs, 106 cliff cave mouths with their corridors, the 12-cell area edge (0 changed), 29967 valley cells within 2 of a cut checked for surface water (0 wet)
PASS ground_holes - seed 18: 1744 open ground cells (natural cuts): rock face on layers 0 and 2, region 250, not walkable, cellInfo not walkable, no object; objects on unstandable cut cells at +1/+2 0; volumeStats.open 1744
PASS save_load - generator-5 world saved (574 chars of world state) and loaded: checksums verified (0 mismatches), the dug cave floor (60,32,-1) kept [air,air,air,air,air] (changed true); loaded into a fresh vm that had another world: its checksums regenerate and the dig is there true
PASS no_parallel_authority - baseline members beyond strata, connectors, biome, surface, caps, legacy views and descriptors: none; feature descriptors 30871 chars (no per-cell grid)
PASS cost - seed 18: newWorld generator 5 11541 ms vs generator 4 8948 ms (same code) vs pre-19B 10224 ms; natural features 1098 ms (bound 3000); seed set newWorld 3: 10557/8538 ms, 21: 10240/8851 ms, 4: 9535/8808 ms; baselines' own memory per area (strata, connectors, biome, surface, caps) 2024600 B vs 1998848 B (caps 3219 entries, ~25752 B; bound +256 KiB), with the cached shape grids and built legacy views 2876568 B vs 2326528 B; fresh save 574 vs 662 chars of world state
PASS no_errors - none
EVIDENCE (generated worlds; x,y in the start area; levels -2..+2; heights in ft = strata):
  1. shallow partial-height cut floor: seed 18 (77,31) level -1: HEIGHT_2_OF_5 (natural top 11 ft, cut top 7 ft)
  2. Z0 -> Z-1 cut: seed 18 (190,83): ground open, -1 floor HEIGHT_0_OF_5, first air at 5 ft (natural 16 ft), open to the sky
  3. Z-1 -> Z-2 cut: seed 18 (201,99): -1 open (all air), -2 floor HEIGHT_1_OF_5, first air 1 ft (natural 16 ft)
  4. multi-level feature reaching Z-2: seed 18, ravine (TEMP, class z2) of 207 columns spanning x 187..204, y 72..103, host levels 1, deepest (201,99) first air 1 ft
  5. Z+2 cave: seed 18 network #0 (148,55): floor first air 20 ft (level 2), clearance 5 ft, roof the ceiling cap
  6. Z+1 cave: seed 18 network #12 (211,44): floor first air 16 ft (level 1), clearance 4 ft, roof solid from 20 ft
  7. Z+0 cave: seed 18 network #18 (157,33): floor first air 10 ft (level 0), clearance 5 ft, roof solid from 15 ft
  8. Z-1 cave: seed 18 network #38 (183,56): floor first air 6 ft (level -1), clearance 6 ft, roof solid from 12 ft
  9. Z-2 cave: seed 18 network #46 (232,22): floor first air 1 ft (level -2), clearance 4 ft, roof solid from 5 ft
  11. intact physical cave roof: seed 18 (56,31) level -1: floor 5 ft, clearance 5 ft, solid roof from 10 ft to the rock top at 11 ft (1 ft thick), hasOpaqueOverburden true
  12. roof breach: seed 18 (154,20) level 0: roof 15..15 ft dug (1 strata) -> hasOpaqueOverburden true -> false, continuousAirHeight 5 -> Infinity
  12. cap breach: seed 18 (146,44) +2: +2 cave (146,44,2) under a stone cap 12 ft: overburden true -> breached (true, levels:capBreached 1) false, clearance 5 -> Infinity; saved and loaded: overburden false, cap gone, saved record true; restored: overburden true, clearance 5, record kept false
  M4. clearance 4 ft: seed 18 (232,20) level -2
  M5. clearance 5 ft: seed 18 (154,20) level 0
  M>5. clearance 9 ft: seed 18 (220,20) level -2
  10. multi-Z cave network: seed 18 network #2 (level 2, joined by a shaft to #14), from (47,93) floor 21 ft one air volume of 255621 strata holding floors on levels [-2,-1,0,1,2]
TIME 389.6 s
RESULT: 24 passed, 2 failed (exit 1) - cave_free_terrain, shafts_keep_fluid
exit=1
