eb446e068f42051253ec02a1dfb3047a073eb2c0
=== DEUS_Depth suite "layers_flat" (WG.00.09b Lane K) ===
run: RESULT: 12 passed, 0 failed (exit 0) in 33.7 s (snapshot exit 0); snapshot C:\Users\snewt\AppData\Local\Temp\uf_snapshots\lanek_layers_flat_3016_1790416891902 (deleted)
  PASS layers_flat.preconditions - world true, levels true, view 0, screen 816x624, world seed 192437856
  PASS layers_flat.fixtures - fixture scene centred at (192,176) in area (0,0), world seed 192437856: 144 columns x 5 levels (521 cell(s) written, 199 already as specified), 112 ground tile(s) set (meadow, tile 2816), 61 object(s) cleared, 4625 ms; 0 refused, 0 cell(s) not as specified; cut 6 cells from (191,175), -1 floor (191,175); unit A (189,173) +1; unit B (191,175) -1
  PASS layers_flat.flat_position - before the pan depth 1 off by (0,0), depth 2 off by (0,0); after a 2-tile pan depth 1 off by (0,0), depth 2 off by (0,0) (want 0 px); unit A drawn at (288,216) for its cell's foot (288,216)
  PASS layers_flat.flat_crisp - 53504 opaque samples of the +2 planes' tile render, 0 colour(s) not in the 60-colour source set
  PASS layers_flat.unit_step_same_frame - step (189,173) -> (190,173) in frame 116, tick 79: sprite target 190,173 set in frame 116, walk from tick 79; 14 frame(s) drawn 1..15 ticks after it, each between the cells; 2 frame(s) drawn 16+ ticks after it, each on the new cell's foot (336,216); walk frames shown: true (columns 1/2, stand 1); reported, not gated: first drawn on the new cell 17 tick(s), 17 frame update(s) after the step (bound 16 ticks); unit E outside the window at x 204, stepped to (203,176) in frame 146: sprite made in frame 146
  PASS layers_flat.scan_candidates_only - 784 unit(s) tested per frame; 784 on the planes' levels, 1285 in the world; candidate lists made 7 time(s) since boot
  PASS layers_flat.item_change_scoped - before [{"items":false,"all":false,"objects":false},{"items":false,"all":false,"objects":false}]; a stone given to unit A (held): [{"items":false,"all":false,"objects":false},{"items":false,"all":false,"objects":false}]; a stone on the ground of level 1 at (190,173): [{"items":true,"all":false,"objects":false},{"items":false,"all":false,"objects":false}]
  SHOT C:\Users\snewt\AppData\Local\Temp\uf_snapshots\lanek_layers_flat_3016_1790416891902\test_output\layers_flat.ground_off.png
  SHOT C:\Users\snewt\AppData\Local\Temp\uf_snapshots\lanek_layers_flat_3016_1790416891902\test_output\layers_flat.ground_flat.png
  SHOT C:\Users\snewt\AppData\Local\Temp\uf_snapshots\lanek_layers_flat_3016_1790416891902\test_output\layers_flat.minus1_off.png
  SHOT C:\Users\snewt\AppData\Local\Temp\uf_snapshots\lanek_layers_flat_3016_1790416891902\test_output\layers_flat.minus1_flat.png
  PASS layers_flat.every_view_sees_through - +2: open cell (191,175) draws #08080c, planes #08080c/255, planes off #000000; floor cell (196,173) unchanged (#352d24 / #352d24 planes off); planes on levels [1, 0]; +1: open cell (191,175) draws #352d24, planes #352d24/255, planes off #000000; floor cell (188,172) unchanged (#352d24 / #352d24 planes off); planes on levels [0, -1]; Ground: open cell (191,175) draws #352d24, planes #352d24/255, planes off #000000; floor cell (190,175) unchanged (#71864d / #71864d planes off); planes on levels [-1, -2]; -1: open cell (192,175) draws #6d4d3d, planes #6d4d3d/255, planes off #000000; solid cell (190,175) unchanged (#573a07 / #573a07 planes off); planes on levels [-2]
  PASS layers_flat.flat_no_filters - plus2: planes on levels [1, 0], flat; plus1: planes on levels [0, -1], flat
  PASS layers_flat.switch_same_frame - 0->2 (frame 83): planes 1:shown 1 paint(s), 0:shown 1 paint(s); 1 unit(s) in the window, all with a frame; 2->1 (frame 176): planes 0:shown 1 paint(s), -1:shown 1 paint(s); 1 unit(s) in the window, all with a frame; 1->0 (frame 198): planes -1:shown 1 paint(s), -2:shown 1 paint(s); 1 unit(s) in the window, all with a frame; 0->-1 (frame 227): planes -2:shown 1 paint(s); 0 unit(s) in the window, all with a frame; -1->0 (frame 255): planes -1:shown 1 paint(s), -2:shown 1 paint(s); 1 unit(s) in the window, all with a frame
  PASS layers_flat.screenshots_written - layers_flat.ground_off.png 59965 B, layers_flat.ground_flat.png 65374 B, layers_flat.minus1_off.png 129724 B, layers_flat.minus1_flat.png 131096 B
  PASS layers_flat.no_errors - none
required checks: 12/12 PASS

=== provocations (each must FAIL its own check; 3 at a time) ===
CAUGHT depth.flat_no_filters: FAIL layers_flat.flat_no_filters - plus2: planes on levels [1, 0], Container filters [ColorMatrixFilter]; Container ColorMatrixFilter; Container filters [ColorMatrixFilter]; Container ColorMatrixFilter; plus1: planes on levels [0, -1], Container filters [ColorMatrixFilter]; Container ColorMatrixFilter; Container filters [ColorMatrixFilter]; Container ColorMatrixFilter [RESULT: 11 passed, 1 failed (exit 1), 38.4 s]
CAUGHT depth.flat_position: FAIL layers_flat.flat_position - before the pan depth 1 off by (1,0), depth 2 off by (1,0); after a 2-tile pan depth 1 off by (1,0), depth 2 off by (1,0) (want 0 px); unit A drawn at (289,216) for its cell's foot (288,216) [RESULT: 11 passed, 1 failed (exit 1), 33.7 s]
CAUGHT depth.flat_crisp: FAIL layers_flat.flat_crisp - 53504 opaque samples of the +2 planes' tile render, 14835 colour(s) not in the 71-colour source set, first #453933 at (1,1) [RESULT: 10 passed, 2 failed (exit 1), 45.7 s]
CAUGHT depth.switch_same_frame: FAIL layers_flat.switch_same_frame - 0->2 (frame 70): planes 1:shown 1 paint(s), 0:shown 1 paint(s); 1 unit(s) in the window, WITHOUT a frame: TEST_flat_A#5504@1; 2->1 (frame 155): planes 0:shown 1 paint(s), -1:shown 1 paint(s); 1 unit(s) in the window, WITHOUT a frame: TEST_flat_B#5505@-1; 1->0 (frame 177): planes -1:shown 1 paint(s), -2:shown 1 paint(s); 1 unit(s) in the window, all with a frame; 0->-1 (frame 205): planes -2:shown 1 paint(s); 0 unit(s) in the window, all with a frame; -1->0 (frame 233): planes -1:shown 1 paint(s), -2:shown 1 paint(s); 1 unit(s) in the window, all with a frame [RESULT: 11 passed, 1 failed (exit 1), 44.8 s]
CAUGHT depth.unit_step_same_frame: FAIL layers_flat.unit_step_same_frame - step (173,173) -> (174,173) in frame 110, tick 76: sprite target 173,173 set in frame 73, walk from tick -Infinity; 0 frame(s) drawn 1..15 ticks after it, NOT ALL BETWEEN THE CELLS; 10 frame(s) drawn 16+ ticks after it, NOT ALL ON THE NEW CELL (336,216); walk frames shown: false (columns 1, stand 1); reported, not gated: first drawn on the new cell never (bound 16 ticks); unit E outside the window at x 188, stepped to (187,176) in frame 140: sprite NOT made [RESULT: 10 passed, 2 failed (exit 1), 37.0 s]
CAUGHT depth.every_view_sees_through: FAIL layers_flat.every_view_sees_through - +2: open cell (183,183) draws #08080c, planes #08080c/255, planes off #000000; floor cell (188,181) unchanged (#352d24 / #352d24 planes off); planes on levels [1, 0]; +1: open cell (183,183) draws #08080c, planes #08080c/255, planes off #000000; floor cell (180,180) unchanged (#352d24 / #352d24 planes off); planes on levels [0]; Ground: open cell (183,183) draws #000000, planes #000000/0, planes off #000000; floor cell (182,183) unchanged (#71864d / #71864d planes off); planes on levels []; -1: open cell (184,183) draws #000000, planes #000000/0, planes off #000000; solid cell (182,183) unchanged (#573a07 / #573a07 planes off); planes on levels [] [RESULT: 9 passed, 3 failed (exit 1), 40.5 s]
CAUGHT depth.scan_candidates_only: FAIL layers_flat.scan_candidates_only - 1195 unit(s) tested per frame; 707 on the planes' levels, 1195 in the world; candidate lists made 0 time(s) since boot [RESULT: 11 passed, 1 failed (exit 1), 39.6 s]
CAUGHT depth.item_change_scoped: FAIL layers_flat.item_change_scoped - before [{"items":false,"all":false,"objects":false},{"items":false,"all":false,"objects":false}]; a stone given to unit A (held): [{"items":false,"all":true,"objects":true},{"items":false,"all":true,"objects":true}]; a stone on the ground of level 1 at (190,173): [{"items":false,"all":true,"objects":true},{"items":false,"all":true,"objects":true}] [RESULT: 11 passed, 1 failed (exit 1), 42.7 s]

RESULT: all required checks passed, 8 provocation(s) run (exit 0)
EXIT=0 DURATION_MS=155045
