# 63d4156f6e986c5680e2c0246f20b47e4e26a3db
# cwd: C:\Users\snewt\AppData\Local\Temp\laneaa_clones\gates_63d4156f
# node tools/test_zrange.js --provoke-all
# DEUS_Z_RANGE=unset
# start 2026-09-26T11:41:48.7521899-05:00
  run p_literal_reinserted_-4..4_core: RESULT: 8 passed, 0 failed (exit 0) in 38 s (run_tests exit 0); snapshot C:\Users\snewt\AppData\Local\Temp\laneaa_zr_snap\p_literal_reinserted_-4..4_core_23584_1790440908881 (deleted)
CAUGHT provocation literal_reinserted -> single_authority: FAIL static scan: 134 lines with a Z pattern, 133 allowed (110 entries), 1 not allowed (DEUS_Doors.js:39 const validZ = z => Number.isInteger(z) && z >= -2 && z <= 2), 0 stale; in-game: -4..4 PASS
  run p_authority_past_top_-4..4_core: RESULT: 0 passed, 1 failed (exit 1) in 32 s (run_tests exit 1); snapshot C:\Users\snewt\AppData\Local\Temp\laneaa_zr_snap\p_authority_past_top_-4..4_core_23584_1790440947695 (deleted)
    FAIL zrange.suite_completed - Cannot read property 'st' of undefined [at packedGridOf (chrome-extension://njgcanhfjdabfmnlmpmdedalocpafnhl/js/plugins/DEUS_Levels.js:1446:18) | at derivedGrid (chrome-extension://njgcanhfjdabfmnlmpmdedalocpafnhl/js/plugins/DEUS_Levels.js:1502:17) | at Object.paintLevel [as fn] (chrome-extension://njgcanhfjdabfmnlmpmdedalocpafnhl/js/plugins/DEUS_Levels.js:1736:22)]
CAUGHT provocation authority_past_top -> single_authority: FAIL static scan: 133 lines with a Z pattern, 133 allowed (110 entries), 0 not allowed, 0 stale; in-game: -4..4 FAIL
  run p_elevation_cap_24_-16..15_core: RESULT: 7 passed, 1 failed (exit 1) in 34 s (run_tests exit 1); snapshot C:\Users\snewt\AppData\Local\Temp\laneaa_zr_snap\p_elevation_cap_24_-16..15_core_23584_1790440980090 (deleted)
    FAIL zrange.elevation_math - e = (z - -16) * 5 + s on cell (12,40) of levels -16, -15, -2, -1, 0, 1, 2, 14, 15: worldStrataElevationAt, airRunAt at e (0) and e + 1 (air above), a one-stratum box damage at e destroys exactly (z, s); highest elevation 159 (the top S4: 159, past the old cap 24); WRONG: -2/S0: elevation 70 (want 70), airRun 0/4, box damage {"ok":true,"n":0,"levels":[]} | -2/S2: elevat
CAUGHT provocation elevation_cap_24 -> elevation_math: FAIL -16..15: e = (z - -16) * 5 + s on cell (12,40) of levels -16, -15, -2, -1, 0, 1, 2, 14, 15: worldStrataElevationAt, airRunAt at e (0) and e + 1 (air above), a one-stratum box damage at e destroys exactly (z, s); highest elevation
  run p_stratum_one_foot_-4..4_core: RESULT: 7 passed, 1 failed (exit 1) in 31 s (run_tests exit 1); snapshot C:\Users\snewt\AppData\Local\Temp\laneaa_zr_snap\p_stratum_one_foot_-4..4_core_23584_1790441014817 (deleted)
    FAIL zrange.feet_constants - UF.Space: cell 5 ft (per cell 5), stratum 1 ft, 5 strata a layer, Z_STEP_FEET 5 (DEC-013: 5 / 2 / 5 / 10)
CAUGHT provocation stratum_one_foot -> feet_2ft_10ft: FAIL -4..4: constants WRONG, blast DIFFERS from the 2 ft table (r3 7, r5 15, r7 51); base 5255f1a5: = 1 ft table (r3 7, r5 15, r7 51); tables: 2 ft r3 3, r5 9, r7 27, 1 ft r3 7, r5 15, r7 51 strata
  run p_outer_dense_-2..2_core: RESULT: 8 passed, 0 failed (exit 0) in 31 s (run_tests exit 0); snapshot C:\Users\snewt\AppData\Local\Temp\laneaa_zr_snap\p_outer_dense_-2..2_core_23584_1790441045884 (deleted)
  run p_outer_dense_-16..15_core: RESULT: 6 passed, 2 failed (exit 1) in 32 s (run_tests exit 1); snapshot C:\Users\snewt\AppData\Local\Temp\laneaa_zr_snap\p_outer_dense_-16..15_core_23584_1790441045692 (deleted)
    FAIL zrange.sparse_outer_uniform - 27 levels outside -2..+2: directory 3456 B (64 chunks x 2 B a level), MIXED chunks 1728 (9732096 B: the rock of 691 generated ceiling-cap columns rising above +2, +3: 4, +4: 4, +5: 4), every other chunk UNIFORM; WRONG: -16: 64 MIXED (want 0), split 0; -15: 64 MIXED (want 0), split 0; -14: 64 MIXED (want 0), split 0; -13: 64 MIXED (want 0), split 0; -12: 64 MIXED 
    FAIL zrange.sparse_split_one_chunk - sky cell (60,60) on +12 (air true): a wooden deck splits 0 chunk(s) [] (split 0 -> 0, MIXED now 64 -> 64, records 0 -> 1); saved entry 68 B {"z":12,"gen":5,"strata":{"0,0":{"15420":"008300000000ff00000000"}}}; reverted: split 0, records 0, entry gone (had one before: false)
CAUGHT provocation outer_dense -> sparse_memory: FAIL -16..15: outer WRONG, split WRONG, -2..2: outer UNIFORM, split one chunk; baseline store (directories, MIXED arrays, caps) -16..+15 11358104 B, -2..+2 1622552 B: difference 9735552 B, bound 9735552 B ((32 - 5 levels) x 64 chunks x 2 B = 3456 B of directory + 1728 MIXED chunks outside the core (the mountain rock above +2) x 5632 B = 9732096 B); shape grids cached 589824 / 327680 B; JS heap after New Game (forced GC true): 123000000 vs 103000000 B (difference 20000000 B, reported, not judged)
  run p_entries_for_every_level_-4..4_play: RESULT: 4 passed, 0 failed (exit 0) in 43 s (run_tests exit 0); snapshot C:\Users\snewt\AppData\Local\Temp\laneaa_zr_snap\p_entries_for_every_level_-4..4_play_23584_1790441078263 (deleted)
  run p_entries_for_every_level_-16..15_play: RESULT: 4 passed, 0 failed (exit 0) in 45 s (run_tests exit 0); snapshot C:\Users\snewt\AppData\Local\Temp\laneaa_zr_snap\p_entries_for_every_level_-16..15_play_23584_1790441078061 (deleted)
CAUGHT provocation entries_for_every_level -> sparse_save: FAIL -16..15: changes one record each, round trip ok, -4..4: changes one record each, round trip ok; fresh world, terrain and fluid parts (levels + zRange + fluid): -16..+15 7231 B, -4..+4 6075 B: difference 1156 B (bound 256 B); whole saves 6609834 / 6608669 characters
  run p_legacy_read_as_default_legacy: RESULT: 1 passed, 1 failed (exit 1) in 36 s (run_tests exit 1); snapshot C:\Users\snewt\AppData\Local\Temp\laneaa_zr_snap\p_legacy_read_as_default_legacy_23584_1790441123852 (deleted)
    FAIL zrange.legacy_save_loads - base save (6611410 characters) loaded: range -16..15 (32 levels; saved zRange "absent"), every cell of -2..+2 identical to the save, changed cells {"0":1,"1":170,"2":1,"-2":0,"-1":1} (save {"0":1,"1":170,"2":1,"-2":0,"-1":1}), items identical to the save (3302), units identical to the save (1240), cells, units and items identical to the base commit's load true; afte
CAUGHT provocation legacy_read_as_default -> legacy_save_loads: FAIL base save (6611410 characters) loaded: range -16..15 (32 levels; saved zRange "absent"), every cell of -2..+2 identical to the save, changed cells {"0":1,"1":170,"2":1,"-2":0,"-1":1} (save {"0":1,"1":170,"2":1,"-2":0,"-1":1}), items identical to the save (3302), units identical to the save (1240), cells, units and items identical to the base commit's load true; after 30 frames of play saved and loaded again: range -16..15, saved zRange "absent", the world as saved identical (cells, units, items)
  run p_generator_changed_-4..4_core: RESULT: 8 passed, 0 failed (exit 0) in 29 s (run_tests exit 0); snapshot C:\Users\snewt\AppData\Local\Temp\laneaa_zr_snap\p_generator_changed_-4..4_core_23584_1790441159708 (deleted)
CAUGHT provocation generator_changed -> old_layers_identical: FAIL base 5255f1a5 seed 18: -4..4: DIFFERENT checksums, regenerated, baseline, cells, shapes ({"0":"1497e59e","1":"d600d999","2":"5f74eb61","-2":"47f2f28e","-1":"841b59b8"} vs {"0":"ac9a96da","1":"eaf389b9","2":"99c985a5","-2":"9006b9ab","-1":"7ae4f294"})
  run p_matter_destroyed_-4..4_core: RESULT: 8 passed, 0 failed (exit 0) in 29 s (run_tests exit 0); snapshot C:\Users\snewt\AppData\Local\Temp\laneaa_zr_snap\p_matter_destroyed_-4..4_core_23584_1790441188908 (deleted)
  run p_matter_destroyed_-4..4_sim: RESULT: 2 passed, 0 failed (exit 0) in 79 s (run_tests exit 0); snapshot C:\Users\snewt\AppData\Local\Temp\laneaa_zr_snap\p_matter_destroyed_-4..4_sim_23584_1790441188714 (deleted)
CAUGHT provocation matter_destroyed -> matter_unchanged: FAIL base 5255f1a5 seed 18 (base repeat: census true, after play true): -4..4: New Game DIFFERS (strata.1: 550954 vs 550959, objects.68: 10 vs 9), rock above +2 5160 strata (base caps 5160), ledger db205d05 (base f09726b0); after 1500 updates DIFFERS (strata.1: 550954 vs 550959, objects.68: 10 vs 9), ledger db205d05 (base f09726b0); layers outside -2..+2: 4 material keys
  run p_stepping_short_-4..4_play: RESULT: 3 passed, 1 failed (exit 1) in 36 s (run_tests exit 1); snapshot C:\Users\snewt\AppData\Local\Temp\laneaa_zr_snap\p_stepping_short_-4..4_play_23584_1790441267554 (deleted)
    FAIL zrange.extreme_layers_work - top 4 (a wooden deck) and bottom -4 (a dug room), 7 x 5 cells at (125,126), floors true: 4: setView true (in place true, frames 0), plate "+3", unit walked to (131,128) (event on screen), path 6 cells (scratch on [4]), up past the end NOT REFUSED; -4: setView true (in place true, frames 0), plate "-4", unit walked to (131,128) (event on screen), path 6 cells (scra
CAUGHT provocation stepping_short -> extreme_layers_work: FAIL -4..4: FAIL top 4 (a wooden deck) and bottom -4 (a dug room), 7 x 5 cells at (125,126), floors true: 4: setView true (in place true, frames 0), plate "+3", unit walked to (131,128) (event on screen), path 6 cells (scratch on [4]), up past the end NOT REFUSED; -4: setView true (in place true, frames 0), plate "-4", unit walked to (131,128) (event on screen), path 6 cells (scratch on [-4]), down past the end re; errors core SOME, play none
  run p_scratch_every_level_-16..15_core: RESULT: 7 passed, 1 failed (exit 1) in 30 s (run_tests exit 1); snapshot C:\Users\snewt\AppData\Local\Temp\laneaa_zr_snap\p_scratch_every_level_-16..15_core_23584_1790441304215 (deleted)
    FAIL zrange.path_scratch_bounded - a 3D search on the ground from (78,4) to (98,4): path 20 cells; its scratch reached level(s) [-16, -15, -14, -13, -12, -11, -10, -9, -8, -7, -6, -5, -4, -3, -2, -1, 0, 1, 2, 3, 4, 5, 6, 7, 8, 9, 10, 11, 12, 13, 14, 15] of 32; layers with scratch arrays since boot 32 (1310720 B each), heap 262152 entries
CAUGHT provocation scratch_every_level -> path_scratch_bounded: FAIL -16..15: a 3D search on the ground from (78,4) to (98,4): path 20 cells; its scratch reached level(s) [-16, -15, -14, -13, -12, -11, -10, -9, -8, -7, -6, -5, -4, -3, -2, -1, 0, 1, 2, 3, 4, 5, 6, 7, 8, 9, 10, 11, 12, 13, 14, 15] of 32; layers with scratch arrays since b
PROVOCATIONS: 11/11 caught

EXIT=0
# end 2026-09-26T11:48:54.0413585-05:00
