# 63d4156f6e986c5680e2c0246f20b47e4e26a3db
# cwd: C:\Users\snewt\AppData\Local\Temp\laneaa_clones\gates_63d4156f
# node tools/test_layer_switch_inplace.js --mutants
# DEUS_Z_RANGE=unset
# start 2026-09-26T11:35:56.1953249-05:00
running suite layer_switch_inplace on C:\Users\snewt\AppData\Local\Temp\deus_layer_switch\mutant_transfer_switch_24464 (mutant transfer_switch), seed 18
MUTANT transfer_switch: CAUGHT by same_scene_and_spriteset (exit 1; RESULT: 1 passed, 6 failed (exit 1); failing: same_scene_and_spriteset, ticks_never_skipped, no_sync_build_after_prewarm, switch_within_one_frame, new_level_shown_at_once, save_load_keeps_view_and_world; 43 s)
running suite layer_switch_inplace on C:\Users\snewt\AppData\Local\Temp\deus_layer_switch\mutant_pause_during_switch_24464 (mutant pause_during_switch), seed 18
MUTANT pause_during_switch: CAUGHT by ticks_never_skipped (exit 1; RESULT: 6 passed, 1 failed (exit 1); failing: ticks_never_skipped; 36 s)
running suite layer_switch_inplace on C:\Users\snewt\AppData\Local\Temp\deus_layer_switch\mutant_no_prewarm_24464 (mutant no_prewarm), seed 18
MUTANT no_prewarm: CAUGHT by no_sync_build_after_prewarm (exit 1; RESULT: 6 passed, 1 failed (exit 1); failing: no_sync_build_after_prewarm; 56 s)
running suite layer_switch_inplace on C:\Users\snewt\AppData\Local\Temp\deus_layer_switch\mutant_slow_rebind_24464 (mutant slow_rebind), seed 18
MUTANT slow_rebind: CAUGHT by switch_within_one_frame (exit 1; RESULT: 6 passed, 1 failed (exit 1); failing: switch_within_one_frame; 38 s)
running suite layer_switch_inplace on C:\Users\snewt\AppData\Local\Temp\deus_layer_switch\mutant_stale_sprites_24464 (mutant stale_sprites), seed 18
MUTANT stale_sprites: CAUGHT by new_level_shown_at_once (exit 1; RESULT: 6 passed, 1 failed (exit 1); failing: new_level_shown_at_once; 38 s)
running suite layer_switch_inplace on C:\Users\snewt\AppData\Local\Temp\deus_layer_switch\mutant_no_fog_refresh_24464 (mutant no_fog_refresh), seed 18
MUTANT no_fog_refresh: CAUGHT by new_level_shown_at_once (exit 1; RESULT: 6 passed, 1 failed (exit 1); failing: new_level_shown_at_once; 33 s)
running suite layer_switch_inplace on C:\Users\snewt\AppData\Local\Temp\deus_layer_switch\mutant_save_view_stale_24464 (mutant save_view_stale), seed 18
MUTANT save_view_stale: CAUGHT by save_load_keeps_view_and_world (exit 1; RESULT: 6 passed, 1 failed (exit 1); failing: save_load_keeps_view_and_world; 40 s)
running suite layer_switch_inplace on C:\Users\snewt\AppData\Local\Temp\deus_layer_switch\mutant_error_injected_24464 (mutant error_injected), seed 18
MUTANT error_injected: CAUGHT by no_errors (exit 1; RESULT: 6 passed, 1 failed (exit 1); failing: no_errors; 42 s)
MUTANTS: 8/8 caught

EXIT=0
# end 2026-09-26T11:41:48.7501825-05:00
