# 63d4156f6e986c5680e2c0246f20b47e4e26a3db
# cwd: C:\Users\snewt\AppData\Local\Temp\laneaa_clones\gates_63d4156f
# node tools/test_layer_render_flat.js --suite depth
# DEUS_Z_RANGE=unset
# start 2026-09-26T11:22:14.0640884-05:00
=== DEUS_Depth suite "depth" (WG.00.09b Lane K) ===
run: RESULT: 27 passed, 0 failed (exit 0) in 38.5 s (snapshot exit 0); snapshot C:\Users\snewt\AppData\Local\Temp\uf_snapshots\lanek_depth_21692_1790439734107 (deleted)
  PASS depth.preconditions - world true, levels true, view 0, surface grid true, screen 816x624, world seed 1652757580
  PASS depth.proof_scene - fixture scene centred at (168,200) in area (0,0), world seed 1652757580: 144 columns x 5 levels (247 cell(s) written, 473 already as specified), 1 ground tile(s) set (meadow, tile 2816), 58 object(s) cleared, 2568 ms; 0 refused, 0 cell(s) not as specified; hole (163,197), deck 3 cells from (166,198)
  PASS depth.planes_present - view 2; depth 1 -> level 1, 4 paint(s), 9546 opaque samples; depth 2 -> level 0, 2 paint(s), 78338 opaque samples; last paint 4.1 ms, last peek 0.0 ms
  PASS depth.repaint_cost - 4 of 4 refreshes of one 912x720 plane repainted it by the next frame; repaint times 4.1 / 0.5 / 0.3 / 0.4 / 0.4 ms (reported, not gated: wall-clock time, this machine, nw.exe harness)
  PASS depth.projection_origin - centre -> (408,312) want (408,312); left edge -> (0,312) want (0,312) (identity, DEC-011); plane scale 1
  PASS depth.exposure_by_upper_geometry - floor cell (172,197) unchanged by the planes; open cell (165,196) shows the level below
  SHOT C:\Users\snewt\AppData\Local\Temp\uf_snapshots\lanek_depth_21692_1790439734107\test_output\depth.planes_only_plus2.png
  SHOT C:\Users\snewt\AppData\Local\Temp\uf_snapshots\lanek_depth_21692_1790439734107\test_output\depth.planes_only_plus2_tiles.png
  SHOT C:\Users\snewt\AppData\Local\Temp\uf_snapshots\lanek_depth_21692_1790439734107\test_output\depth.canvas_depth1.png
  SHOT C:\Users\snewt\AppData\Local\Temp\uf_snapshots\lanek_depth_21692_1790439734107\test_output\depth.canvas_depth2.png
  PASS depth.mask_order - deck cell (167,198) at screen (384,240): drawn #d89a55, depth 1 texels {#351d16 #492a19 #d89a55 #8e4d30}, ground texel under it #71864d/255
  PASS depth.depth2_through_depth1 - low ground (172,202) at screen (624,432): drawn #71864d/255, ground texel #71864d/255, ground texels {#71864d}, depth 1 alpha there 0; under the hole (163,197) the ground draws #71864d/255 (tiles 2816/0/0)
  PASS depth.entities_drawn - fixtures: oak placed at (161,196), item stone x3 at (162,197), unit added; +1 plane draws 1 object(s), 1 unit(s), 1 item stack(s), 10 wall/ramp frame(s); item sheet !$UF_Item_Stone ready true, tracked by the plane true, visible true; unit at (164,198) probed at screen (240,244): drawn (#fbdcc8 vs #35312d without units)
  PASS depth.crisp_nearest - 53504 opaque samples, 0 colour(s) not in the 61-colour source set; smooth false, baseTexture scaleMode 0 (0 nearest, 1 linear), sprite texture is the bitmap's, plane at (-24,-24)
  PASS depth.parallax_bounded - edge shift measured depth 1 0 px, depth 2 0 px (want 0); a pan of 2 tiles moved a low-ground point on depth 1 from x 624 to 528 (-96 px, want -96); the point under the centre stays at x 408; display back at 159.5 (was 159.5)
  PASS depth.tunables_take_effect - maxDepth 1 [1:1 2:-] void true; maxDepth 2 [1:1 2:0]; enabled false [1:- 2:-] void false; enabled true [1:1 2:0] void true
  PASS depth.no_filters_any_state - maxDepth 1: none; maxDepth 2: none; off: none; on: none; entities off: none; entities on: none
  PASS depth.one_level_below - maxDepth 1: depth 1 level 1, depth 2 hidden, void shown
  PASS depth.void_beyond - low ground (172,202) at screen (624,432): planes render #08080c/255, screen #08080c, void #08080c
  PASS depth.no_blends - 0 of 53504 sampled pixels are blends (want 0)
  PASS depth.flat_transform - depth 1 scale 1 at (-24,-24) filters [] entities [] alpha 1; depth 2 scale 1 at (-24,-24) filters [] entities [] alpha 1; blur/colour filters in the subtree: none; active tilemap scale 1, filters none, alpha 1; terrace pixel #352d24, its source texel #352d24/255
  PASS depth.entities_inherit_treatment - unit sprite in the +1 plane: child of the plane, world scale 1 x 1, filters on it and its 3 container(s): none; tint #ffffff (the unit's own)
  PASS depth.visual_settings_no_physics - unchanged: {"unit":{"x":164,"y":198,"z":1},"shapeUnit":"floor","shapeChain":"open","walkChain":false,"walkUnit":true,"objects":1}
  PASS depth.config_deterministic - the same after maxDepth 1 / 0 / 2 and off / on: {"describe":"2 level(s) below, drawn 1:1 (DEC-011), void #08080c","planes":[{"z":1,"visible":true,"x":-24,"y":-24,"scale":1,"alpha":1,"filters":[]},{"z":0,"visible":true,"x":-24,"y":-24,"scale":1,"alpha":1,"filters":[]}]}
  PASS depth.planes_cost - sampled 2 x 60 frames per condition: planes off none shown in every frame, on both bound in every frame; reported, not gated: GL renderer "ANGLE (NVIDIA GeForce RTX 4060 Laptop GPU Direct3D11 vs_5_0 ps_5_0)"; median engine tick (update + render submit): planes off 1.5 ms, on 1.9 ms (the planes +0.4 ms); median frame intervals off 14, on 14 ms; worst tick off 4.2, on 7.7 ms; this machine, nw.exe harness, simulation paused
  SHOT C:\Users\snewt\AppData\Local\Temp\uf_snapshots\lanek_depth_21692_1790439734107\test_output\depth.plus2_off.png
  SHOT C:\Users\snewt\AppData\Local\Temp\uf_snapshots\lanek_depth_21692_1790439734107\test_output\depth.plus2_flat.png
  SHOT C:\Users\snewt\AppData\Local\Temp\uf_snapshots\lanek_depth_21692_1790439734107\test_output\depth.plus1_off.png
  SHOT C:\Users\snewt\AppData\Local\Temp\uf_snapshots\lanek_depth_21692_1790439734107\test_output\depth.plus1_flat.png
  PASS depth.screenshots_written - depth.plus2_off.png 305303 B, depth.plus2_flat.png 79819 B, depth.plus1_off.png 303114 B, depth.plus1_flat.png 87335 B
  PASS depth.ground_draws_through_openings - view 0, depth 1 -> -1, depth 2 -> -2, void shown; floor ground cell (166,199) unchanged by the planes (its own art's lowest alpha 255); open cell (169,199) over the -2 floor draws #352d24 (planes #352d24, -2 texels {#514945 #35312d #352d24}, -1 alpha 0; planes off #000000); open cell (167,199) over the -1 floor draws #35312d (-1 texels {#615551 #453d39 #6d615d}; planes off #000000)
  PASS depth.entities_at_seam - view on +2 centred on (2,2), display (249.5,251.5) (wrapped); +1 plane level 1: item (1,1) drawn at (384,312); item (253,1) drawn at (192,312); item (1,253) drawn at (384,120); item (253,253) drawn at (192,120); wall face (254,4) drawn at (240,456); wall face (4,254) drawn at (528,168); unit (3,3) drawn at (480,408)
  PASS depth.canvases_freed - after 4 in-place level switches and 2 map transfer(s) (a new spriteset each): 4 canvas layers in use, 4 canvases made since boot, 0 destroyed, 0 pooled (want 4 / 4 / 0 / 0); at each new scene's start, view 2: planes on levels [1 1 paint(s), 0 1 paint(s)]; view 2: planes on levels [1 1 paint(s), 0 1 paint(s)]
  PASS depth.hotkey_free - keyMapper[118] (F7) is undefined: the preset hotkey is gone and the key is free
  PASS depth.no_errors - none
required checks: 27/27 PASS

RESULT: all required checks passed (exit 0)

EXIT=0
# end 2026-09-26T11:22:52.6482331-05:00
