# 63d4156f6e986c5680e2c0246f20b47e4e26a3db
# cwd: C:\Users\snewt\AppData\Local\Temp\laneaa_clones\gates_63d4156f
# node tools/test_layer_render_flat.js
# DEUS_Z_RANGE=unset
# start 2026-09-26T11:12:37.2012823-05:00
=== DEUS_Depth suite "layers_flat" (WG.00.09b Lane K) ===
run: RESULT: 12 passed, 0 failed (exit 0) in 38.0 s (snapshot exit 0); snapshot C:\Users\snewt\AppData\Local\Temp\uf_snapshots\lanek_layers_flat_25416_1790439157264 (deleted)
  PASS layers_flat.preconditions - world true, levels true, view 0, screen 816x624, world seed 1083033658
  PASS layers_flat.fixtures - fixture scene centred at (184,184) in area (0,0), world seed 1083033658: 144 columns x 5 levels (671 cell(s) written, 49 already as specified), 112 ground tile(s) set (meadow, tile 2816), 77 object(s) cleared, 5928 ms; 0 refused, 0 cell(s) not as specified; cut 6 cells from (183,183), -1 floor (183,183); unit A (181,181) +1; unit B (183,183) -1
  PASS layers_flat.flat_position - before the pan depth 1 off by (0,0), depth 2 off by (0,0); after a 2-tile pan depth 1 off by (0,0), depth 2 off by (0,0) (want 0 px); unit A drawn at (288,216) for its cell's foot (288,216)
  PASS layers_flat.flat_crisp - 34112 opaque samples of the +2 planes' tile render, 0 colour(s) not in the 52-colour source set
  PASS layers_flat.unit_step_same_frame - step (181,181) -> (182,181) in frame 124, tick 72: sprite target 182,181 set in frame 124, walk from tick 72; 11 frame(s) drawn 1..15 ticks after it, each between the cells; 3 frame(s) drawn 16+ ticks after it, each on the new cell's foot (336,216); walk frames shown: true (columns 1/2, stand 1); reported, not gated: first drawn on the new cell 16 tick(s), 16 frame update(s) after the step (bound 16 ticks); unit E outside the window at x 196, stepped to (195,184) in frame 154: sprite made in frame 154
  PASS layers_flat.scan_candidates_only - 732 unit(s) tested per frame; 732 on the planes' levels, 1165 in the world; candidate lists made 7 time(s) since boot
  PASS layers_flat.item_change_scoped - before [{"items":false,"all":false,"objects":false},{"items":false,"all":false,"objects":false}]; a stone given to unit A (held): [{"items":false,"all":false,"objects":false},{"items":false,"all":false,"objects":false}]; a stone on the ground of level 1 at (182,181): [{"items":true,"all":false,"objects":false},{"items":false,"all":false,"objects":false}]
  SHOT C:\Users\snewt\AppData\Local\Temp\uf_snapshots\lanek_layers_flat_25416_1790439157264\test_output\layers_flat.ground_off.png
  SHOT C:\Users\snewt\AppData\Local\Temp\uf_snapshots\lanek_layers_flat_25416_1790439157264\test_output\layers_flat.ground_flat.png
  SHOT C:\Users\snewt\AppData\Local\Temp\uf_snapshots\lanek_layers_flat_25416_1790439157264\test_output\layers_flat.minus1_off.png
  SHOT C:\Users\snewt\AppData\Local\Temp\uf_snapshots\lanek_layers_flat_25416_1790439157264\test_output\layers_flat.minus1_flat.png
  PASS layers_flat.every_view_sees_through - +2: open cell (183,183) draws #08080c, planes #08080c/255, planes off #000000; floor cell (188,181) unchanged (#352d24 / #352d24 planes off); planes on levels [1, 0]; +1: open cell (183,183) draws #6d4d3d, planes #6d4d3d/255, planes off #000000; floor cell (180,180) unchanged (#352d24 / #352d24 planes off); planes on levels [0, -1]; Ground: open cell (183,183) draws #6d4d3d, planes #6d4d3d/255, planes off #000000; floor cell (182,183) unchanged (#71864d / #71864d planes off); planes on levels [-1, -2]; -1: open cell (184,183) draws #352d24, planes #352d24/255, planes off #000000; solid cell (182,183) unchanged (#573a07 / #573a07 planes off); planes on levels [-2]
  PASS layers_flat.flat_no_filters - plus2: planes on levels [1, 0], flat; plus1: planes on levels [0, -1], flat
  PASS layers_flat.switch_same_frame - switches 0->2 2->1 1->0 0->-1 -1->0: 0->2 at levels:viewChanged (frame 93): planes 1:shown painted since bound (3 paint(s)), 0:shown painted since bound (3 paint(s)); 1 unit(s) in the window, all with a frame on their cell; first drawn frame (frame 93): planes 1:shown painted since bound (3 paint(s)), 0:shown painted since bound (3 paint(s)); 1 unit(s) in the window, all with a frame on their cell; 2->1 at levels:viewChanged (frame 181): planes 0:shown painted since bound (11 paint(s)), -1:shown painted since bound (11 paint(s)); 1 unit(s) in the window, all with a frame on their cell; first drawn frame (frame 181): planes 0:shown painted since bound (11 paint(s)), -1:shown painted since bound (11 paint(s)); 1 unit(s) in the window, all with a frame on their cell; 1->0 at levels:viewChanged (frame 202): planes -1:shown painted since bound (15 paint(s)), -2:shown painted since bound (15 paint(s)); 1 unit(s) in the window, all with a frame on their cell; first drawn frame (frame 202): planes -1:shown painted since bound (15 paint(s)), -2:shown painted since bound (15 paint(s)); 1 unit(s) in the window, all with a frame on their cell; 0->-1 at levels:viewChanged (frame 229): planes -2:shown painted since bound (20 paint(s)); 0 unit(s) in the window, all with a frame on their cell; first drawn frame (frame 229): planes -2:shown painted since bound (20 paint(s)); 0 unit(s) in the window, all with a frame on their cell; -1->0 at levels:viewChanged (frame 256): planes -1:shown painted since bound (25 paint(s)), -2:shown painted since bound (20 paint(s)); 1 unit(s) in the window, all with a frame on their cell; first drawn frame (frame 256): planes -1:shown painted since bound (25 paint(s)), -2:shown painted since bound (20 paint(s)); 1 unit(s) in the window, all with a frame on their cell
  PASS layers_flat.screenshots_written - layers_flat.ground_off.png 61566 B, layers_flat.ground_flat.png 67899 B, layers_flat.minus1_off.png 107999 B, layers_flat.minus1_flat.png 110324 B
  PASS layers_flat.no_errors - none
required checks: 12/12 PASS

RESULT: all required checks passed (exit 0)

EXIT=0
# end 2026-09-26T11:13:15.2591087-05:00
