# 63d4156f6e986c5680e2c0246f20b47e4e26a3db
# cwd: C:\Users\snewt\AppData\Local\Temp\laneaa_clones\gates_63d4156f
# node tools/test_layer_render_flat.js
# DEUS_Z_RANGE=unset
# start 2026-09-26T11:21:45.9291455-05:00
=== DEUS_Depth suite "layers_flat" (WG.00.09b Lane K) ===
run: RESULT: 12 passed, 0 failed (exit 0) in 28.1 s (snapshot exit 0); snapshot C:\Users\snewt\AppData\Local\Temp\uf_snapshots\lanek_layers_flat_20580_1790439705974 (deleted)
  PASS layers_flat.preconditions - world true, levels true, view 0, screen 816x624, world seed 225623522
  PASS layers_flat.fixtures - fixture scene centred at (192,192) in area (0,0), world seed 225623522: 144 columns x 5 levels (302 cell(s) written, 418 already as specified), 112 ground tile(s) set (meadow, tile 2816), 26 object(s) cleared, 3315 ms; 0 refused, 0 cell(s) not as specified; cut 6 cells from (191,191), -1 floor (191,191); unit A (189,189) +1; unit B (191,191) -1
  PASS layers_flat.flat_position - before the pan depth 1 off by (0,0), depth 2 off by (0,0); after a 2-tile pan depth 1 off by (0,0), depth 2 off by (0,0) (want 0 px); unit A drawn at (288,216) for its cell's foot (288,216)
  PASS layers_flat.flat_crisp - 53504 opaque samples of the +2 planes' tile render, 0 colour(s) not in the 51-colour source set
  PASS layers_flat.unit_step_same_frame - step (189,189) -> (190,189) in frame 130, tick 74: sprite target 190,189 set in frame 130, walk from tick 74; 7 frame(s) drawn 1..15 ticks after it, each between the cells; 2 frame(s) drawn 16+ ticks after it, each on the new cell's foot (336,216); walk frames shown: true (columns 1/2, stand 1); reported, not gated: first drawn on the new cell 16 tick(s), 16 frame update(s) after the step (bound 16 ticks); unit E outside the window at x 204, stepped to (203,192) in frame 160: sprite made in frame 160
  PASS layers_flat.scan_candidates_only - 672 unit(s) tested per frame; 672 on the planes' levels, 1147 in the world; candidate lists made 7 time(s) since boot
  PASS layers_flat.item_change_scoped - before [{"items":false,"all":false,"objects":false},{"items":false,"all":false,"objects":false}]; a stone given to unit A (held): [{"items":false,"all":false,"objects":false},{"items":false,"all":false,"objects":false}]; a stone on the ground of level 1 at (190,189): [{"items":true,"all":false,"objects":false},{"items":false,"all":false,"objects":false}]
  SHOT C:\Users\snewt\AppData\Local\Temp\uf_snapshots\lanek_layers_flat_20580_1790439705974\test_output\layers_flat.ground_off.png
  SHOT C:\Users\snewt\AppData\Local\Temp\uf_snapshots\lanek_layers_flat_20580_1790439705974\test_output\layers_flat.ground_flat.png
  SHOT C:\Users\snewt\AppData\Local\Temp\uf_snapshots\lanek_layers_flat_20580_1790439705974\test_output\layers_flat.minus1_off.png
  SHOT C:\Users\snewt\AppData\Local\Temp\uf_snapshots\lanek_layers_flat_20580_1790439705974\test_output\layers_flat.minus1_flat.png
  PASS layers_flat.every_view_sees_through - +2: open cell (191,191) draws #08080c, planes #08080c/255, planes off #000000; floor cell (196,189) unchanged (#352d24 / #352d24 planes off); planes on levels [1, 0]; +1: open cell (191,191) draws #352d24, planes #352d24/255, planes off #000000; floor cell (188,188) unchanged (#352d24 / #352d24 planes off); planes on levels [0, -1]; Ground: open cell (191,191) draws #352d24, planes #352d24/255, planes off #000000; floor cell (190,191) unchanged (#71864d / #71864d planes off); planes on levels [-1, -2]; -1: open cell (192,191) draws #352d24, planes #352d24/255, planes off #000000; solid cell (190,191) unchanged (#573a07 / #573a07 planes off); planes on levels [-2]
  PASS layers_flat.flat_no_filters - plus2: planes on levels [1, 0], flat; plus1: planes on levels [0, -1], flat
  PASS layers_flat.switch_same_frame - switches 0->2 2->1 1->0 0->-1 -1->0: 0->2 at levels:viewChanged (frame 99): planes 1:shown painted since bound (3 paint(s)), 0:shown painted since bound (3 paint(s)); 1 unit(s) in the window, all with a frame on their cell; first drawn frame (frame 100): planes 1:shown painted since bound (3 paint(s)), 0:shown painted since bound (4 paint(s)); 1 unit(s) in the window, all with a frame on their cell; 2->1 at levels:viewChanged (frame 187): planes 0:shown painted since bound (11 paint(s)), -1:shown painted since bound (15 paint(s)); 1 unit(s) in the window, all with a frame on their cell; first drawn frame (frame 187): planes 0:shown painted since bound (12 paint(s)), -1:shown painted since bound (15 paint(s)); 1 unit(s) in the window, all with a frame on their cell; 1->0 at levels:viewChanged (frame 208): planes -1:shown painted since bound (17 paint(s)), -2:shown painted since bound (19 paint(s)); 1 unit(s) in the window, all with a frame on their cell; first drawn frame (frame 208): planes -1:shown painted since bound (17 paint(s)), -2:shown painted since bound (19 paint(s)); 1 unit(s) in the window, all with a frame on their cell; 0->-1 at levels:viewChanged (frame 235): planes -2:shown painted since bound (22 paint(s)); 0 unit(s) in the window, all with a frame on their cell; first drawn frame (frame 235): planes -2:shown painted since bound (22 paint(s)); 0 unit(s) in the window, all with a frame on their cell; -1->0 at levels:viewChanged (frame 262): planes -1:shown painted since bound (27 paint(s)), -2:shown painted since bound (24 paint(s)); 1 unit(s) in the window, all with a frame on their cell; first drawn frame (frame 262): planes -1:shown painted since bound (27 paint(s)), -2:shown painted since bound (24 paint(s)); 1 unit(s) in the window, all with a frame on their cell
  PASS layers_flat.screenshots_written - layers_flat.ground_off.png 47538 B, layers_flat.ground_flat.png 53438 B, layers_flat.minus1_off.png 125335 B, layers_flat.minus1_flat.png 126666 B
  PASS layers_flat.no_errors - none
required checks: 12/12 PASS

RESULT: all required checks passed (exit 0)

EXIT=0
# end 2026-09-26T11:22:14.0630898-05:00
