# 63d4156f6e986c5680e2c0246f20b47e4e26a3db
# cwd: C:\Users\snewt\AppData\Local\Temp\laneaa_clones\gates_63d4156f
# node tools/test_layer_render_flat.js
# DEUS_Z_RANGE=-2..2
# start 2026-09-26T11:27:11.7402378-05:00
=== DEUS_Depth suite "layers_flat" (WG.00.09b Lane K) ===
run: RESULT: 12 passed, 0 failed (exit 0) in 28.9 s (snapshot exit 0); snapshot C:\Users\snewt\AppData\Local\Temp\uf_snapshots\lanek_layers_flat_21348_1790440031789 (deleted)
  PASS layers_flat.preconditions - world true, levels true, view 0, screen 816x624, world seed 1961956779
  PASS layers_flat.fixtures - fixture scene centred at (152,136) in area (0,0), world seed 1961956779: 144 columns x 5 levels (306 cell(s) written, 414 already as specified), 15 ground tile(s) set (meadow, tile 2816), 70 object(s) cleared, 3234 ms; 0 refused, 0 cell(s) not as specified; cut 6 cells from (151,135), -1 floor (151,135); unit A (149,133) +1; unit B (151,135) -1
  PASS layers_flat.flat_position - before the pan depth 1 off by (0,0), depth 2 off by (0,0); after a 2-tile pan depth 1 off by (0,0), depth 2 off by (0,0) (want 0 px); unit A drawn at (288,216) for its cell's foot (288,216)
  PASS layers_flat.flat_crisp - 53504 opaque samples of the +2 planes' tile render, 0 colour(s) not in the 62-colour source set
  PASS layers_flat.unit_step_same_frame - step (149,133) -> (150,133) in frame 103, tick 63: sprite target 150,133 set in frame 103, walk from tick 63; 15 frame(s) drawn 1..15 ticks after it, each between the cells; 3 frame(s) drawn 16+ ticks after it, each on the new cell's foot (336,216); walk frames shown: true (columns 1/2, stand 1); reported, not gated: first drawn on the new cell 16 tick(s), 16 frame update(s) after the step (bound 16 ticks); unit E outside the window at x 164, stepped to (163,136) in frame 133: sprite made in frame 133
  PASS layers_flat.scan_candidates_only - 712 unit(s) tested per frame; 712 on the planes' levels, 1171 in the world; candidate lists made 7 time(s) since boot
  PASS layers_flat.item_change_scoped - before [{"items":false,"all":false,"objects":false},{"items":false,"all":false,"objects":false}]; a stone given to unit A (held): [{"items":false,"all":false,"objects":false},{"items":false,"all":false,"objects":false}]; a stone on the ground of level 1 at (150,133): [{"items":true,"all":false,"objects":false},{"items":false,"all":false,"objects":false}]
  SHOT C:\Users\snewt\AppData\Local\Temp\uf_snapshots\lanek_layers_flat_21348_1790440031789\test_output\layers_flat.ground_off.png
  SHOT C:\Users\snewt\AppData\Local\Temp\uf_snapshots\lanek_layers_flat_21348_1790440031789\test_output\layers_flat.ground_flat.png
  SHOT C:\Users\snewt\AppData\Local\Temp\uf_snapshots\lanek_layers_flat_21348_1790440031789\test_output\layers_flat.minus1_off.png
  SHOT C:\Users\snewt\AppData\Local\Temp\uf_snapshots\lanek_layers_flat_21348_1790440031789\test_output\layers_flat.minus1_flat.png
  PASS layers_flat.every_view_sees_through - +2: open cell (151,135) draws #08080c, planes #08080c/255, planes off #000000; floor cell (156,133) unchanged (#352d24 / #352d24 planes off); planes on levels [1, 0]; +1: open cell (151,135) draws #352d24, planes #352d24/255, planes off #000000; floor cell (148,132) unchanged (#352d24 / #352d24 planes off); planes on levels [0, -1]; Ground: open cell (151,135) draws #352d24, planes #352d24/255, planes off #000000; floor cell (150,135) unchanged (#71864d / #71864d planes off); planes on levels [-1, -2]; -1: open cell (152,135) draws #352d24, planes #352d24/255, planes off #000000; solid cell (150,135) unchanged (#573a07 / #573a07 planes off); planes on levels [-2]
  PASS layers_flat.flat_no_filters - plus2: planes on levels [1, 0], flat; plus1: planes on levels [0, -1], flat
  PASS layers_flat.switch_same_frame - switches 0->2 2->1 1->0 0->-1 -1->0: 0->2 at levels:viewChanged (frame 81): planes 1:shown painted since bound (3 paint(s)), 0:shown painted since bound (5 paint(s)); 1 unit(s) in the window, all with a frame on their cell; first drawn frame (frame 81): planes 1:shown painted since bound (3 paint(s)), 0:shown painted since bound (5 paint(s)); 1 unit(s) in the window, all with a frame on their cell; 2->1 at levels:viewChanged (frame 160): planes 0:shown painted since bound (11 paint(s)), -1:shown painted since bound (13 paint(s)); 1 unit(s) in the window, all with a frame on their cell; first drawn frame (frame 160): planes 0:shown painted since bound (11 paint(s)), -1:shown painted since bound (14 paint(s)); 1 unit(s) in the window, all with a frame on their cell; 1->0 at levels:viewChanged (frame 181): planes -1:shown painted since bound (15 paint(s)), -2:shown painted since bound (19 paint(s)); 1 unit(s) in the window, all with a frame on their cell; first drawn frame (frame 181): planes -1:shown painted since bound (16 paint(s)), -2:shown painted since bound (19 paint(s)); 1 unit(s) in the window, all with a frame on their cell; 0->-1 at levels:viewChanged (frame 208): planes -2:shown painted since bound (21 paint(s)); 0 unit(s) in the window, all with a frame on their cell; first drawn frame (frame 208): planes -2:shown painted since bound (21 paint(s)); 0 unit(s) in the window, all with a frame on their cell; -1->0 at levels:viewChanged (frame 235): planes -1:shown painted since bound (26 paint(s)), -2:shown painted since bound (24 paint(s)); 1 unit(s) in the window, all with a frame on their cell; first drawn frame (frame 235): planes -1:shown painted since bound (27 paint(s)), -2:shown painted since bound (24 paint(s)); 1 unit(s) in the window, all with a frame on their cell
  PASS layers_flat.screenshots_written - layers_flat.ground_off.png 60574 B, layers_flat.ground_flat.png 66460 B, layers_flat.minus1_off.png 111182 B, layers_flat.minus1_flat.png 112680 B
  PASS layers_flat.no_errors - none
required checks: 12/12 PASS

RESULT: all required checks passed (exit 0)

EXIT=0
# end 2026-09-26T11:27:40.6945565-05:00
