=== determinism_runs 2026-09-26T09:52:13.271Z 5 consecutive run(s); cwd C:\Users\snewt\AppData\Local\Temp\lanek-fix1-eb446e06-det2; git HEAD eb446e068f42051253ec02a1dfb3047a073eb2c0 ===
RUN 1 | node tools/test_layer_render_flat.js --suite depth | load at start: CPU 18.9 % (3 s), AI workers 5, nw.exe 0 (2026-09-26T09:52:13.290Z) | EXIT=0 DURATION_MS=35734 | RESULT: all required checks passed (exit 0) | required checks: 27/27 PASS | passed 27, failed 0 | world seed 879647546
--- raw output run 1 ---
=== DEUS_Depth suite "depth" (WG.00.09b Lane K) ===
run: RESULT: 27 passed, 0 failed (exit 0) in 35.7 s (snapshot exit 0); snapshot C:\Users\snewt\AppData\Local\Temp\uf_snapshots\lanek_depth_22224_1790416336683 (deleted)
  PASS depth.preconditions - world true, levels true, view 0, surface grid true, screen 816x624, world seed 879647546
  PASS depth.proof_scene - fixture scene centred at (184,184) in area (0,0), world seed 879647546: 144 columns x 5 levels (545 cell(s) written, 175 already as specified), 112 ground tile(s) set (meadow, tile 2816), 66 object(s) cleared, 4705 ms; 0 refused, 0 cell(s) not as specified; hole (179,181), deck 3 cells from (182,182)
  PASS depth.planes_present - view 2; depth 1 -> level 1, 1 paint(s), 55956 opaque samples; depth 2 -> level 0, 1 paint(s), 49552 opaque samples; last paint 5.4 ms, last peek 0.0 ms
  PASS depth.repaint_cost - 4 of 4 refreshes of one 912x720 plane repainted it by the next frame; repaint times 5.4 / 2.2 / 3.0 / 1.3 / 2.0 ms (reported, not gated: wall-clock time, this machine, nw.exe harness)
  PASS depth.projection_origin - centre -> (408,312) want (408,312); left edge -> (0,312) want (0,312) (identity, DEC-011); plane scale 1
  PASS depth.exposure_by_upper_geometry - floor cell (188,181) unchanged by the planes; open cell (181,180) shows the level below
  SHOT C:\Users\snewt\AppData\Local\Temp\uf_snapshots\lanek_depth_22224_1790416336683\test_output\depth.planes_only_plus2.png
  SHOT C:\Users\snewt\AppData\Local\Temp\uf_snapshots\lanek_depth_22224_1790416336683\test_output\depth.planes_only_plus2_tiles.png
  SHOT C:\Users\snewt\AppData\Local\Temp\uf_snapshots\lanek_depth_22224_1790416336683\test_output\depth.canvas_depth1.png
  SHOT C:\Users\snewt\AppData\Local\Temp\uf_snapshots\lanek_depth_22224_1790416336683\test_output\depth.canvas_depth2.png
  PASS depth.mask_order - deck cell (183,182) at screen (384,240): drawn #d89a55, depth 1 texels {#351d16 #492a19 #d89a55 #8e4d30}, ground texel under it #71864d/255
  PASS depth.depth2_through_depth1 - low ground (188,186) at screen (624,432): drawn #71864d/255, ground texel #71864d/255, ground texels {#71864d}, depth 1 alpha there 0; under the hole (179,181) the ground draws #71864d/255 (tiles 2816/0/0)
  PASS depth.entities_drawn - fixtures: oak placed at (177,180), item stone x3 at (178,181), unit added; +1 plane draws 1 object(s), 1 unit(s), 1 item stack(s), 69 wall/ramp frame(s); item sheet !$UF_Item_Stone ready true, tracked by the plane true, visible true; unit at (180,182) probed at screen (240,244): drawn (#fbdcc8 vs #35312d without units)
  PASS depth.crisp_nearest - 33792 opaque samples, 0 colour(s) not in the 52-colour source set; smooth false, baseTexture scaleMode 0 (0 nearest, 1 linear), sprite texture is the bitmap's, plane at (-24,-24)
  PASS depth.parallax_bounded - edge shift measured depth 1 0 px, depth 2 0 px (want 0); a pan of 2 tiles moved a low-ground point on depth 1 from x 624 to 528 (-96 px, want -96); the point under the centre stays at x 408; display back at 175.5 (was 175.5)
  PASS depth.tunables_take_effect - maxDepth 1 [1:1 2:-] void true; maxDepth 2 [1:1 2:0]; enabled false [1:- 2:-] void false; enabled true [1:1 2:0] void true
  PASS depth.no_filters_any_state - maxDepth 1: none; maxDepth 2: none; off: none; on: none; entities off: none; entities on: none
  PASS depth.one_level_below - maxDepth 1: depth 1 level 1, depth 2 hidden, void shown
  PASS depth.void_beyond - low ground (188,186) at screen (624,432): planes render #08080c/255, screen #08080c, void #08080c
  PASS depth.no_blends - 0 of 33792 sampled pixels are blends (want 0)
  PASS depth.flat_transform - depth 1 scale 1 at (-24,-24) filters [] entities [] alpha 1; depth 2 scale 1 at (-24,-24) filters [] entities [] alpha 1; blur/colour filters in the subtree: none; active tilemap scale 1, filters none, alpha 1; terrace pixel #352d24, its source texel #352d24/255
  PASS depth.entities_inherit_treatment - unit sprite in the +1 plane: child of the plane, world scale 1 x 1, filters on it and its 3 container(s): none; tint #ffffff (the unit's own)
  PASS depth.visual_settings_no_physics - unchanged: {"unit":{"x":180,"y":182,"z":1},"shapeUnit":"floor","shapeChain":"open","walkChain":false,"walkUnit":true,"objects":1}
  PASS depth.config_deterministic - the same after maxDepth 1 / 0 / 2 and off / on: {"describe":"2 level(s) below, drawn 1:1 (DEC-011), void #08080c","planes":[{"z":1,"visible":true,"x":-24,"y":-24,"scale":1,"alpha":1,"filters":[]},{"z":0,"visible":true,"x":-24,"y":-24,"scale":1,"alpha":1,"filters":[]}]}
  PASS depth.planes_cost - sampled 2 x 60 frames per condition: planes off none shown in every frame, on both bound in every frame; reported, not gated: GL renderer "ANGLE (NVIDIA GeForce RTX 4060 Laptop GPU Direct3D11 vs_5_0 ps_5_0)"; median engine tick (update + render submit): planes off 1.5 ms, on 2.1 ms (the planes +0.5 ms); median frame intervals off 16, on 16 ms; worst tick off 2.6, on 3.4 ms; this machine, nw.exe harness, simulation paused
  SHOT C:\Users\snewt\AppData\Local\Temp\uf_snapshots\lanek_depth_22224_1790416336683\test_output\depth.plus2_off.png
  SHOT C:\Users\snewt\AppData\Local\Temp\uf_snapshots\lanek_depth_22224_1790416336683\test_output\depth.plus2_flat.png
  SHOT C:\Users\snewt\AppData\Local\Temp\uf_snapshots\lanek_depth_22224_1790416336683\test_output\depth.plus1_off.png
  SHOT C:\Users\snewt\AppData\Local\Temp\uf_snapshots\lanek_depth_22224_1790416336683\test_output\depth.plus1_flat.png
  PASS depth.screenshots_written - depth.plus2_off.png 252398 B, depth.plus2_flat.png 113669 B, depth.plus1_off.png 199647 B, depth.plus1_flat.png 91946 B
  PASS depth.ground_draws_through_openings - view 0, depth 1 -> -1, depth 2 -> -2, void shown; floor ground cell (182,183) unchanged by the planes (its own art's lowest alpha 255); open cell (185,183) over the -2 floor draws #352d24 (planes #352d24, -2 texels {#514945 #35312d #352d24}, -1 alpha 0; planes off #000000); open cell (183,183) over the -1 floor draws #6d4d3d (-1 texels {#553d31 #6d4d3d}; planes off #000000)
  PASS depth.entities_at_seam - view on +2 centred on (2,2), display (249.5,251.5) (wrapped); +1 plane level 1: item (1,1) drawn at (384,312); item (253,1) drawn at (192,312); item (1,253) drawn at (384,120); item (253,253) drawn at (192,120); wall face (254,4) drawn at (240,456); wall face (4,254) drawn at (528,168); unit (3,3) drawn at (480,408)
  PASS depth.canvases_freed - 4 canvas layers in use, 4 canvases made since boot, 0 destroyed, 0 pooled, after 4 level switches (want 4 / 4 / 0 / 0)
  PASS depth.hotkey_free - keyMapper[118] (F7) is undefined: the preset hotkey is gone and the key is free
  PASS depth.no_errors - none
required checks: 27/27 PASS

RESULT: all required checks passed (exit 0)
RUN 2 | node tools/test_layer_render_flat.js --suite depth | load at start: CPU 4 % (3 s), AI workers 5, nw.exe 0 (2026-09-26T09:52:52.372Z) | EXIT=0 DURATION_MS=37480 | RESULT: all required checks passed (exit 0) | required checks: 27/27 PASS | passed 27, failed 0 | world seed 1353914113
--- raw output run 2 ---
=== DEUS_Depth suite "depth" (WG.00.09b Lane K) ===
run: RESULT: 27 passed, 0 failed (exit 0) in 37.4 s (snapshot exit 0); snapshot C:\Users\snewt\AppData\Local\Temp\uf_snapshots\lanek_depth_23636_1790416375724 (deleted)
  PASS depth.preconditions - world true, levels true, view 0, surface grid true, screen 816x624, world seed 1353914113
  PASS depth.proof_scene - fixture scene centred at (168,200) in area (0,0), world seed 1353914113: 144 columns x 5 levels (538 cell(s) written, 182 already as specified), 112 ground tile(s) set (meadow, tile 2816), 69 object(s) cleared, 4929 ms; 0 refused, 0 cell(s) not as specified; hole (163,197), deck 3 cells from (166,198)
  PASS depth.planes_present - view 2; depth 1 -> level 1, 1 paint(s), 55956 opaque samples; depth 2 -> level 0, 1 paint(s), 63260 opaque samples; last paint 4.7 ms, last peek 0.0 ms
  PASS depth.repaint_cost - 4 of 4 refreshes of one 912x720 plane repainted it by the next frame; repaint times 4.7 / 1.6 / 3.7 / 1.2 / 1.1 ms (reported, not gated: wall-clock time, this machine, nw.exe harness)
  PASS depth.projection_origin - centre -> (408,312) want (408,312); left edge -> (0,312) want (0,312) (identity, DEC-011); plane scale 1
  PASS depth.exposure_by_upper_geometry - floor cell (172,197) unchanged by the planes; open cell (165,196) shows the level below
  SHOT C:\Users\snewt\AppData\Local\Temp\uf_snapshots\lanek_depth_23636_1790416375724\test_output\depth.planes_only_plus2.png
  SHOT C:\Users\snewt\AppData\Local\Temp\uf_snapshots\lanek_depth_23636_1790416375724\test_output\depth.planes_only_plus2_tiles.png
  SHOT C:\Users\snewt\AppData\Local\Temp\uf_snapshots\lanek_depth_23636_1790416375724\test_output\depth.canvas_depth1.png
  SHOT C:\Users\snewt\AppData\Local\Temp\uf_snapshots\lanek_depth_23636_1790416375724\test_output\depth.canvas_depth2.png
  PASS depth.mask_order - deck cell (167,198) at screen (384,240): drawn #d89a55, depth 1 texels {#351d16 #492a19 #d89a55 #8e4d30}, ground texel under it #71864d/255
  PASS depth.depth2_through_depth1 - low ground (172,202) at screen (624,432): drawn #71864d/255, ground texel #71864d/255, ground texels {#71864d}, depth 1 alpha there 0; under the hole (163,197) the ground draws #71864d/255 (tiles 2816/0/0)
  PASS depth.entities_drawn - fixtures: oak placed at (161,196), item stone x3 at (162,197), unit added; +1 plane draws 1 object(s), 1 unit(s), 1 item stack(s), 105 wall/ramp frame(s); item sheet !$UF_Item_Stone ready true, tracked by the plane true, visible true; unit at (164,198) probed at screen (240,244): drawn (#fbdcc8 vs #35312d without units)
  PASS depth.crisp_nearest - 41216 opaque samples, 0 colour(s) not in the 60-colour source set; smooth false, baseTexture scaleMode 0 (0 nearest, 1 linear), sprite texture is the bitmap's, plane at (-24,-24)
  PASS depth.parallax_bounded - edge shift measured depth 1 0 px, depth 2 0 px (want 0); a pan of 2 tiles moved a low-ground point on depth 1 from x 624 to 528 (-96 px, want -96); the point under the centre stays at x 408; display back at 159.5 (was 159.5)
  PASS depth.tunables_take_effect - maxDepth 1 [1:1 2:-] void true; maxDepth 2 [1:1 2:0]; enabled false [1:- 2:-] void false; enabled true [1:1 2:0] void true
  PASS depth.no_filters_any_state - maxDepth 1: none; maxDepth 2: none; off: none; on: none; entities off: none; entities on: none
  PASS depth.one_level_below - maxDepth 1: depth 1 level 1, depth 2 hidden, void shown
  PASS depth.void_beyond - low ground (172,202) at screen (624,432): planes render #08080c/255, screen #08080c, void #08080c
  PASS depth.no_blends - 0 of 41216 sampled pixels are blends (want 0)
  PASS depth.flat_transform - depth 1 scale 1 at (-24,-24) filters [] entities [] alpha 1; depth 2 scale 1 at (-24,-24) filters [] entities [] alpha 1; blur/colour filters in the subtree: none; active tilemap scale 1, filters none, alpha 1; terrace pixel #352d24, its source texel #352d24/255
  PASS depth.entities_inherit_treatment - unit sprite in the +1 plane: child of the plane, world scale 1 x 1, filters on it and its 3 container(s): none; tint #ffffff (the unit's own)
  PASS depth.visual_settings_no_physics - unchanged: {"unit":{"x":164,"y":198,"z":1},"shapeUnit":"floor","shapeChain":"open","walkChain":false,"walkUnit":true,"objects":1}
  PASS depth.config_deterministic - the same after maxDepth 1 / 0 / 2 and off / on: {"describe":"2 level(s) below, drawn 1:1 (DEC-011), void #08080c","planes":[{"z":1,"visible":true,"x":-24,"y":-24,"scale":1,"alpha":1,"filters":[]},{"z":0,"visible":true,"x":-24,"y":-24,"scale":1,"alpha":1,"filters":[]}]}
  PASS depth.planes_cost - sampled 2 x 60 frames per condition: planes off none shown in every frame, on both bound in every frame; reported, not gated: GL renderer "ANGLE (NVIDIA GeForce RTX 4060 Laptop GPU Direct3D11 vs_5_0 ps_5_0)"; median engine tick (update + render submit): planes off 1.5 ms, on 2.2 ms (the planes +0.7 ms); median frame intervals off 16, on 16 ms; worst tick off 2.8, on 4.4 ms; this machine, nw.exe harness, simulation paused
  SHOT C:\Users\snewt\AppData\Local\Temp\uf_snapshots\lanek_depth_23636_1790416375724\test_output\depth.plus2_off.png
  SHOT C:\Users\snewt\AppData\Local\Temp\uf_snapshots\lanek_depth_23636_1790416375724\test_output\depth.plus2_flat.png
  SHOT C:\Users\snewt\AppData\Local\Temp\uf_snapshots\lanek_depth_23636_1790416375724\test_output\depth.plus1_off.png
  SHOT C:\Users\snewt\AppData\Local\Temp\uf_snapshots\lanek_depth_23636_1790416375724\test_output\depth.plus1_flat.png
  PASS depth.screenshots_written - depth.plus2_off.png 286205 B, depth.plus2_flat.png 116089 B, depth.plus1_off.png 232251 B, depth.plus1_flat.png 105936 B
  PASS depth.ground_draws_through_openings - view 0, depth 1 -> -1, depth 2 -> -2, void shown; floor ground cell (166,199) unchanged by the planes (its own art's lowest alpha 255); open cell (169,199) over the -2 floor draws #352d24 (planes #352d24, -2 texels {#514945 #35312d #352d24}, -1 alpha 0; planes off #000000); open cell (167,199) over the -1 floor draws #6d4d3d (-1 texels {#553d31 #6d4d3d}; planes off #000000)
  PASS depth.entities_at_seam - view on +2 centred on (2,2), display (249.5,251.5) (wrapped); +1 plane level 1: item (1,1) drawn at (384,312); item (253,1) drawn at (192,312); item (1,253) drawn at (384,120); item (253,253) drawn at (192,120); wall face (254,4) drawn at (240,456); wall face (4,254) drawn at (528,168); unit (3,3) drawn at (480,408)
  PASS depth.canvases_freed - 4 canvas layers in use, 4 canvases made since boot, 0 destroyed, 0 pooled, after 4 level switches (want 4 / 4 / 0 / 0)
  PASS depth.hotkey_free - keyMapper[118] (F7) is undefined: the preset hotkey is gone and the key is free
  PASS depth.no_errors - none
required checks: 27/27 PASS

RESULT: all required checks passed (exit 0)
RUN 3 | node tools/test_layer_render_flat.js --suite depth | load at start: CPU 10 % (3 s), AI workers 5, nw.exe 0 (2026-09-26T09:53:33.177Z) | EXIT=0 DURATION_MS=33998 | RESULT: all required checks passed (exit 0) | required checks: 27/27 PASS | passed 27, failed 0 | world seed 859954249
--- raw output run 3 ---
=== DEUS_Depth suite "depth" (WG.00.09b Lane K) ===
run: RESULT: 27 passed, 0 failed (exit 0) in 33.9 s (snapshot exit 0); snapshot C:\Users\snewt\AppData\Local\Temp\uf_snapshots\lanek_depth_14232_1790416416573 (deleted)
  PASS depth.preconditions - world true, levels true, view 0, surface grid true, screen 816x624, world seed 859954249
  PASS depth.proof_scene - fixture scene centred at (184,184) in area (0,0), world seed 859954249: 144 columns x 5 levels (266 cell(s) written, 454 already as specified), 91 ground tile(s) set (meadow, tile 2816), 72 object(s) cleared, 2923 ms; 0 refused, 0 cell(s) not as specified; hole (179,181), deck 3 cells from (182,182)
  PASS depth.planes_present - view 2; depth 1 -> level 1, 1 paint(s), 13166 opaque samples; depth 2 -> level 0, 1 paint(s), 76825 opaque samples; last paint 3.6 ms, last peek 0.0 ms
  PASS depth.repaint_cost - 4 of 4 refreshes of one 912x720 plane repainted it by the next frame; repaint times 3.6 / 1.9 / 0.4 / 0.5 / 0.5 ms (reported, not gated: wall-clock time, this machine, nw.exe harness)
  PASS depth.projection_origin - centre -> (408,312) want (408,312); left edge -> (0,312) want (0,312) (identity, DEC-011); plane scale 1
  PASS depth.exposure_by_upper_geometry - floor cell (188,181) unchanged by the planes; open cell (181,180) shows the level below
  SHOT C:\Users\snewt\AppData\Local\Temp\uf_snapshots\lanek_depth_14232_1790416416573\test_output\depth.planes_only_plus2.png
  SHOT C:\Users\snewt\AppData\Local\Temp\uf_snapshots\lanek_depth_14232_1790416416573\test_output\depth.planes_only_plus2_tiles.png
  SHOT C:\Users\snewt\AppData\Local\Temp\uf_snapshots\lanek_depth_14232_1790416416573\test_output\depth.canvas_depth1.png
  SHOT C:\Users\snewt\AppData\Local\Temp\uf_snapshots\lanek_depth_14232_1790416416573\test_output\depth.canvas_depth2.png
  PASS depth.mask_order - deck cell (183,182) at screen (384,240): drawn #d89a55, depth 1 texels {#351d16 #492a19 #d89a55 #8e4d30}, ground texel under it #71864d/255
  PASS depth.depth2_through_depth1 - low ground (188,186) at screen (624,432): drawn #71864d/255, ground texel #71864d/255, ground texels {#71864d}, depth 1 alpha there 0; under the hole (179,181) the ground draws #71864d/255 (tiles 2816/0/0)
  PASS depth.entities_drawn - fixtures: oak placed at (177,180), item stone x3 at (178,181), unit added; +1 plane draws 1 object(s), 1 unit(s), 1 item stack(s), 10 wall/ramp frame(s); item sheet !$UF_Item_Stone ready true, tracked by the plane true, visible true; unit at (180,182) probed at screen (240,244): drawn (#fbdcc8 vs #35312d without units)
  PASS depth.crisp_nearest - 53504 opaque samples, 0 colour(s) not in the 63-colour source set; smooth false, baseTexture scaleMode 0 (0 nearest, 1 linear), sprite texture is the bitmap's, plane at (-24,-24)
  PASS depth.parallax_bounded - edge shift measured depth 1 0 px, depth 2 0 px (want 0); a pan of 2 tiles moved a low-ground point on depth 1 from x 624 to 528 (-96 px, want -96); the point under the centre stays at x 408; display back at 175.5 (was 175.5)
  PASS depth.tunables_take_effect - maxDepth 1 [1:1 2:-] void true; maxDepth 2 [1:1 2:0]; enabled false [1:- 2:-] void false; enabled true [1:1 2:0] void true
  PASS depth.no_filters_any_state - maxDepth 1: none; maxDepth 2: none; off: none; on: none; entities off: none; entities on: none
  PASS depth.one_level_below - maxDepth 1: depth 1 level 1, depth 2 hidden, void shown
  PASS depth.void_beyond - low ground (188,186) at screen (624,432): planes render #08080c/255, screen #08080c, void #08080c
  PASS depth.no_blends - 0 of 53504 sampled pixels are blends (want 0)
  PASS depth.flat_transform - depth 1 scale 1 at (-24,-24) filters [] entities [] alpha 1; depth 2 scale 1 at (-24,-24) filters [] entities [] alpha 1; blur/colour filters in the subtree: none; active tilemap scale 1, filters none, alpha 1; terrace pixel #352d24, its source texel #352d24/255
  PASS depth.entities_inherit_treatment - unit sprite in the +1 plane: child of the plane, world scale 1 x 1, filters on it and its 3 container(s): none; tint #ffffff (the unit's own)
  PASS depth.visual_settings_no_physics - unchanged: {"unit":{"x":180,"y":182,"z":1},"shapeUnit":"floor","shapeChain":"open","walkChain":false,"walkUnit":true,"objects":1}
  PASS depth.config_deterministic - the same after maxDepth 1 / 0 / 2 and off / on: {"describe":"2 level(s) below, drawn 1:1 (DEC-011), void #08080c","planes":[{"z":1,"visible":true,"x":-24,"y":-24,"scale":1,"alpha":1,"filters":[]},{"z":0,"visible":true,"x":-24,"y":-24,"scale":1,"alpha":1,"filters":[]}]}
  PASS depth.planes_cost - sampled 2 x 60 frames per condition: planes off none shown in every frame, on both bound in every frame; reported, not gated: GL renderer "ANGLE (NVIDIA GeForce RTX 4060 Laptop GPU Direct3D11 vs_5_0 ps_5_0)"; median engine tick (update + render submit): planes off 1.7 ms, on 2.1 ms (the planes +0.4 ms); median frame intervals off 16, on 16 ms; worst tick off 3.9, on 4.0 ms; this machine, nw.exe harness, simulation paused
  SHOT C:\Users\snewt\AppData\Local\Temp\uf_snapshots\lanek_depth_14232_1790416416573\test_output\depth.plus2_off.png
  SHOT C:\Users\snewt\AppData\Local\Temp\uf_snapshots\lanek_depth_14232_1790416416573\test_output\depth.plus2_flat.png
  SHOT C:\Users\snewt\AppData\Local\Temp\uf_snapshots\lanek_depth_14232_1790416416573\test_output\depth.plus1_off.png
  SHOT C:\Users\snewt\AppData\Local\Temp\uf_snapshots\lanek_depth_14232_1790416416573\test_output\depth.plus1_flat.png
  PASS depth.screenshots_written - depth.plus2_off.png 294500 B, depth.plus2_flat.png 97190 B, depth.plus1_off.png 285329 B, depth.plus1_flat.png 100958 B
  PASS depth.ground_draws_through_openings - view 0, depth 1 -> -1, depth 2 -> -2, void shown; floor ground cell (182,183) unchanged by the planes (its own art's lowest alpha 255); open cell (185,183) over the -2 floor draws #352d24 (planes #352d24, -2 texels {#514945 #35312d #352d24}, -1 alpha 0; planes off #000000); open cell (183,183) over the -1 floor draws #6d4d3d (-1 texels {#553d31 #6d4d3d}; planes off #000000)
  PASS depth.entities_at_seam - view on +2 centred on (2,2), display (249.5,251.5) (wrapped); +1 plane level 1: item (1,1) drawn at (384,312); item (253,1) drawn at (192,312); item (1,253) drawn at (384,120); item (253,253) drawn at (192,120); wall face (254,4) drawn at (240,456); wall face (4,254) drawn at (528,168); unit (3,3) drawn at (480,408)
  PASS depth.canvases_freed - 4 canvas layers in use, 4 canvases made since boot, 0 destroyed, 0 pooled, after 4 level switches (want 4 / 4 / 0 / 0)
  PASS depth.hotkey_free - keyMapper[118] (F7) is undefined: the preset hotkey is gone and the key is free
  PASS depth.no_errors - none
required checks: 27/27 PASS

RESULT: all required checks passed (exit 0)
RUN 4 | node tools/test_layer_render_flat.js --suite depth | load at start: CPU 14.4 % (3 s), AI workers 5, nw.exe 0 (2026-09-26T09:54:10.541Z) | EXIT=0 DURATION_MS=33852 | RESULT: all required checks passed (exit 0) | required checks: 27/27 PASS | passed 27, failed 0 | world seed 1519803009
--- raw output run 4 ---
=== DEUS_Depth suite "depth" (WG.00.09b Lane K) ===
run: RESULT: 27 passed, 0 failed (exit 0) in 33.8 s (snapshot exit 0); snapshot C:\Users\snewt\AppData\Local\Temp\uf_snapshots\lanek_depth_25468_1790416453904 (deleted)
  PASS depth.preconditions - world true, levels true, view 0, surface grid true, screen 816x624, world seed 1519803009
  PASS depth.proof_scene - fixture scene centred at (160,160) in area (0,0), world seed 1519803009: 144 columns x 5 levels (374 cell(s) written, 346 already as specified), 105 ground tile(s) set (meadow, tile 2816), 74 object(s) cleared, 3497 ms; 0 refused, 0 cell(s) not as specified; hole (155,157), deck 3 cells from (158,158)
  PASS depth.planes_present - view 2; depth 1 -> level 1, 1 paint(s), 35878 opaque samples; depth 2 -> level 0, 1 paint(s), 62405 opaque samples; last paint 5.2 ms, last peek 0.0 ms
  PASS depth.repaint_cost - 4 of 4 refreshes of one 912x720 plane repainted it by the next frame; repaint times 5.2 / 1.1 / 1.0 / 2.2 / 1.0 ms (reported, not gated: wall-clock time, this machine, nw.exe harness)
  PASS depth.projection_origin - centre -> (408,312) want (408,312); left edge -> (0,312) want (0,312) (identity, DEC-011); plane scale 1
  PASS depth.exposure_by_upper_geometry - floor cell (164,157) unchanged by the planes; open cell (157,156) shows the level below
  SHOT C:\Users\snewt\AppData\Local\Temp\uf_snapshots\lanek_depth_25468_1790416453904\test_output\depth.planes_only_plus2.png
  SHOT C:\Users\snewt\AppData\Local\Temp\uf_snapshots\lanek_depth_25468_1790416453904\test_output\depth.planes_only_plus2_tiles.png
  SHOT C:\Users\snewt\AppData\Local\Temp\uf_snapshots\lanek_depth_25468_1790416453904\test_output\depth.canvas_depth1.png
  SHOT C:\Users\snewt\AppData\Local\Temp\uf_snapshots\lanek_depth_25468_1790416453904\test_output\depth.canvas_depth2.png
  PASS depth.mask_order - deck cell (159,158) at screen (384,240): drawn #d89a55, depth 1 texels {#351d16 #492a19 #d89a55 #8e4d30}, ground texel under it #71864d/255
  PASS depth.depth2_through_depth1 - low ground (164,162) at screen (624,432): drawn #71864d/255, ground texel #71864d/255, ground texels {#71864d}, depth 1 alpha there 0; under the hole (155,157) the ground draws #71864d/255 (tiles 2816/0/0)
  PASS depth.entities_drawn - fixtures: oak placed at (153,156), item stone x3 at (154,157), unit added; +1 plane draws 1 object(s), 1 unit(s), 1 item stack(s), 20 wall/ramp frame(s); item sheet !$UF_Item_Stone ready true, tracked by the plane true, visible true; unit at (156,158) probed at screen (240,244): drawn (#fbdcc8 vs #35312d without units)
  PASS depth.crisp_nearest - 53504 opaque samples, 0 colour(s) not in the 68-colour source set; smooth false, baseTexture scaleMode 0 (0 nearest, 1 linear), sprite texture is the bitmap's, plane at (-24,-24)
  PASS depth.parallax_bounded - edge shift measured depth 1 0 px, depth 2 0 px (want 0); a pan of 2 tiles moved a low-ground point on depth 1 from x 624 to 528 (-96 px, want -96); the point under the centre stays at x 408; display back at 151.5 (was 151.5)
  PASS depth.tunables_take_effect - maxDepth 1 [1:1 2:-] void true; maxDepth 2 [1:1 2:0]; enabled false [1:- 2:-] void false; enabled true [1:1 2:0] void true
  PASS depth.no_filters_any_state - maxDepth 1: none; maxDepth 2: none; off: none; on: none; entities off: none; entities on: none
  PASS depth.one_level_below - maxDepth 1: depth 1 level 1, depth 2 hidden, void shown
  PASS depth.void_beyond - low ground (164,162) at screen (624,432): planes render #08080c/255, screen #08080c, void #08080c
  PASS depth.no_blends - 0 of 53504 sampled pixels are blends (want 0)
  PASS depth.flat_transform - depth 1 scale 1 at (-24,-24) filters [] entities [] alpha 1; depth 2 scale 1 at (-24,-24) filters [] entities [] alpha 1; blur/colour filters in the subtree: none; active tilemap scale 1, filters none, alpha 1; terrace pixel #352d24, its source texel #352d24/255
  PASS depth.entities_inherit_treatment - unit sprite in the +1 plane: child of the plane, world scale 1 x 1, filters on it and its 3 container(s): none; tint #ffffff (the unit's own)
  PASS depth.visual_settings_no_physics - unchanged: {"unit":{"x":156,"y":158,"z":1},"shapeUnit":"floor","shapeChain":"open","walkChain":false,"walkUnit":true,"objects":1}
  PASS depth.config_deterministic - the same after maxDepth 1 / 0 / 2 and off / on: {"describe":"2 level(s) below, drawn 1:1 (DEC-011), void #08080c","planes":[{"z":1,"visible":true,"x":-24,"y":-24,"scale":1,"alpha":1,"filters":[]},{"z":0,"visible":true,"x":-24,"y":-24,"scale":1,"alpha":1,"filters":[]}]}
  PASS depth.planes_cost - sampled 2 x 60 frames per condition: planes off none shown in every frame, on both bound in every frame; reported, not gated: GL renderer "ANGLE (NVIDIA GeForce RTX 4060 Laptop GPU Direct3D11 vs_5_0 ps_5_0)"; median engine tick (update + render submit): planes off 1.6 ms, on 2.1 ms (the planes +0.6 ms); median frame intervals off 16, on 16 ms; worst tick off 6.3, on 3.3 ms; this machine, nw.exe harness, simulation paused
  SHOT C:\Users\snewt\AppData\Local\Temp\uf_snapshots\lanek_depth_25468_1790416453904\test_output\depth.plus2_off.png
  SHOT C:\Users\snewt\AppData\Local\Temp\uf_snapshots\lanek_depth_25468_1790416453904\test_output\depth.plus2_flat.png
  SHOT C:\Users\snewt\AppData\Local\Temp\uf_snapshots\lanek_depth_25468_1790416453904\test_output\depth.plus1_off.png
  SHOT C:\Users\snewt\AppData\Local\Temp\uf_snapshots\lanek_depth_25468_1790416453904\test_output\depth.plus1_flat.png
  PASS depth.screenshots_written - depth.plus2_off.png 295454 B, depth.plus2_flat.png 111725 B, depth.plus1_off.png 269626 B, depth.plus1_flat.png 113567 B
  PASS depth.ground_draws_through_openings - view 0, depth 1 -> -1, depth 2 -> -2, void shown; floor ground cell (158,159) unchanged by the planes (its own art's lowest alpha 255); open cell (161,159) over the -2 floor draws #35312d (planes #35312d, -2 texels {#615551 #453d39 #6d615d}, -1 alpha 0; planes off #000000); open cell (159,159) over the -1 floor draws #6d4d3d (-1 texels {#553d31 #6d4d3d}; planes off #000000)
  PASS depth.entities_at_seam - view on +2 centred on (2,2), display (249.5,251.5) (wrapped); +1 plane level 1: item (1,1) drawn at (384,312); item (253,1) drawn at (192,312); item (1,253) drawn at (384,120); item (253,253) drawn at (192,120); wall face (254,4) drawn at (240,456); wall face (4,254) drawn at (528,168); unit (3,3) drawn at (480,408)
  PASS depth.canvases_freed - 4 canvas layers in use, 4 canvases made since boot, 0 destroyed, 0 pooled, after 4 level switches (want 4 / 4 / 0 / 0)
  PASS depth.hotkey_free - keyMapper[118] (F7) is undefined: the preset hotkey is gone and the key is free
  PASS depth.no_errors - none
required checks: 27/27 PASS

RESULT: all required checks passed (exit 0)
RUN 5 | node tools/test_layer_render_flat.js --suite depth | load at start: CPU 12 % (3 s), AI workers 5, nw.exe 0 (2026-09-26T09:54:47.724Z) | EXIT=0 DURATION_MS=39874 | RESULT: all required checks passed (exit 0) | required checks: 27/27 PASS | passed 27, failed 0 | world seed 161246641
--- raw output run 5 ---
=== DEUS_Depth suite "depth" (WG.00.09b Lane K) ===
run: RESULT: 27 passed, 0 failed (exit 0) in 39.8 s (snapshot exit 0); snapshot C:\Users\snewt\AppData\Local\Temp\uf_snapshots\lanek_depth_16776_1790416491116 (deleted)
  PASS depth.preconditions - world true, levels true, view 0, surface grid true, screen 816x624, world seed 161246641
  PASS depth.proof_scene - fixture scene centred at (176,176) in area (0,0), world seed 161246641: 144 columns x 5 levels (666 cell(s) written, 54 already as specified), 112 ground tile(s) set (meadow, tile 2816), 58 object(s) cleared, 5482 ms; 0 refused, 0 cell(s) not as specified; hole (171,173), deck 3 cells from (174,174)
  PASS depth.planes_present - view 2; depth 1 -> level 1, 1 paint(s), 55956 opaque samples; depth 2 -> level 0, 1 paint(s), 47003 opaque samples; last paint 5.5 ms, last peek 0.0 ms
  PASS depth.repaint_cost - 4 of 4 refreshes of one 912x720 plane repainted it by the next frame; repaint times 5.5 / 1.6 / 3.5 / 1.1 / 1.2 ms (reported, not gated: wall-clock time, this machine, nw.exe harness)
  PASS depth.projection_origin - centre -> (408,312) want (408,312); left edge -> (0,312) want (0,312) (identity, DEC-011); plane scale 1
  PASS depth.exposure_by_upper_geometry - floor cell (180,173) unchanged by the planes; open cell (173,172) shows the level below
  SHOT C:\Users\snewt\AppData\Local\Temp\uf_snapshots\lanek_depth_16776_1790416491116\test_output\depth.planes_only_plus2.png
  SHOT C:\Users\snewt\AppData\Local\Temp\uf_snapshots\lanek_depth_16776_1790416491116\test_output\depth.planes_only_plus2_tiles.png
  SHOT C:\Users\snewt\AppData\Local\Temp\uf_snapshots\lanek_depth_16776_1790416491116\test_output\depth.canvas_depth1.png
  SHOT C:\Users\snewt\AppData\Local\Temp\uf_snapshots\lanek_depth_16776_1790416491116\test_output\depth.canvas_depth2.png
  PASS depth.mask_order - deck cell (175,174) at screen (384,240): drawn #d89a55, depth 1 texels {#351d16 #492a19 #d89a55 #8e4d30}, ground texel under it #71864d/255
  PASS depth.depth2_through_depth1 - low ground (180,178) at screen (624,432): drawn #71864d/255, ground texel #71864d/255, ground texels {#71864d}, depth 1 alpha there 0; under the hole (171,173) the ground draws #71864d/255 (tiles 2816/0/0)
  PASS depth.entities_drawn - fixtures: oak placed at (169,172), item stone x3 at (170,173), unit added; +1 plane draws 1 object(s), 1 unit(s), 1 item stack(s), 88 wall/ramp frame(s); item sheet !$UF_Item_Stone ready true, tracked by the plane true, visible true; unit at (172,174) probed at screen (240,244): drawn (#fbdcc8 vs #35312d without units)
  PASS depth.crisp_nearest - 36800 opaque samples, 0 colour(s) not in the 57-colour source set; smooth false, baseTexture scaleMode 0 (0 nearest, 1 linear), sprite texture is the bitmap's, plane at (-24,-24)
  PASS depth.parallax_bounded - edge shift measured depth 1 0 px, depth 2 0 px (want 0); a pan of 2 tiles moved a low-ground point on depth 1 from x 624 to 528 (-96 px, want -96); the point under the centre stays at x 408; display back at 167.5 (was 167.5)
  PASS depth.tunables_take_effect - maxDepth 1 [1:1 2:-] void true; maxDepth 2 [1:1 2:0]; enabled false [1:- 2:-] void false; enabled true [1:1 2:0] void true
  PASS depth.no_filters_any_state - maxDepth 1: none; maxDepth 2: none; off: none; on: none; entities off: none; entities on: none
  PASS depth.one_level_below - maxDepth 1: depth 1 level 1, depth 2 hidden, void shown
  PASS depth.void_beyond - low ground (180,178) at screen (624,432): planes render #08080c/255, screen #08080c, void #08080c
  PASS depth.no_blends - 0 of 36800 sampled pixels are blends (want 0)
  PASS depth.flat_transform - depth 1 scale 1 at (-24,-24) filters [] entities [] alpha 1; depth 2 scale 1 at (-24,-24) filters [] entities [] alpha 1; blur/colour filters in the subtree: none; active tilemap scale 1, filters none, alpha 1; terrace pixel #352d24, its source texel #352d24/255
  PASS depth.entities_inherit_treatment - unit sprite in the +1 plane: child of the plane, world scale 1 x 1, filters on it and its 3 container(s): none; tint #ffffff (the unit's own)
  PASS depth.visual_settings_no_physics - unchanged: {"unit":{"x":172,"y":174,"z":1},"shapeUnit":"floor","shapeChain":"open","walkChain":false,"walkUnit":true,"objects":1}
  PASS depth.config_deterministic - the same after maxDepth 1 / 0 / 2 and off / on: {"describe":"2 level(s) below, drawn 1:1 (DEC-011), void #08080c","planes":[{"z":1,"visible":true,"x":-24,"y":-24,"scale":1,"alpha":1,"filters":[]},{"z":0,"visible":true,"x":-24,"y":-24,"scale":1,"alpha":1,"filters":[]}]}
  PASS depth.planes_cost - sampled 2 x 60 frames per condition: planes off none shown in every frame, on both bound in every frame; reported, not gated: GL renderer "ANGLE (NVIDIA GeForce RTX 4060 Laptop GPU Direct3D11 vs_5_0 ps_5_0)"; median engine tick (update + render submit): planes off 1.6 ms, on 2.2 ms (the planes +0.6 ms); median frame intervals off 16, on 16 ms; worst tick off 3.4, on 4.1 ms; this machine, nw.exe harness, simulation paused
  SHOT C:\Users\snewt\AppData\Local\Temp\uf_snapshots\lanek_depth_16776_1790416491116\test_output\depth.plus2_off.png
  SHOT C:\Users\snewt\AppData\Local\Temp\uf_snapshots\lanek_depth_16776_1790416491116\test_output\depth.plus2_flat.png
  SHOT C:\Users\snewt\AppData\Local\Temp\uf_snapshots\lanek_depth_16776_1790416491116\test_output\depth.plus1_off.png
  SHOT C:\Users\snewt\AppData\Local\Temp\uf_snapshots\lanek_depth_16776_1790416491116\test_output\depth.plus1_flat.png
  PASS depth.screenshots_written - depth.plus2_off.png 271345 B, depth.plus2_flat.png 114174 B, depth.plus1_off.png 226371 B, depth.plus1_flat.png 102446 B
  PASS depth.ground_draws_through_openings - view 0, depth 1 -> -1, depth 2 -> -2, void shown; floor ground cell (174,175) unchanged by the planes (its own art's lowest alpha 255); open cell (177,175) over the -2 floor draws #35312d (planes #35312d, -2 texels {#615551 #453d39 #6d615d}, -1 alpha 0; planes off #000000); open cell (175,175) over the -1 floor draws #6d4d3d (-1 texels {#553d31 #6d4d3d}; planes off #000000)
  PASS depth.entities_at_seam - view on +2 centred on (2,2), display (249.5,251.5) (wrapped); +1 plane level 1: item (1,1) drawn at (384,312); item (253,1) drawn at (192,312); item (1,253) drawn at (384,120); item (253,253) drawn at (192,120); wall face (254,4) drawn at (240,456); wall face (4,254) drawn at (528,168); unit (3,3) drawn at (480,408)
  PASS depth.canvases_freed - 4 canvas layers in use, 4 canvases made since boot, 0 destroyed, 0 pooled, after 4 level switches (want 4 / 4 / 0 / 0)
  PASS depth.hotkey_free - keyMapper[118] (F7) is undefined: the preset hotkey is gone and the key is free
  PASS depth.no_errors - none
required checks: 27/27 PASS

RESULT: all required checks passed (exit 0)
=== every run exited 0 ===
