=== determinism_runs 2026-09-26T09:48:57.113Z 5 consecutive run(s); cwd C:\Users\snewt\AppData\Local\Temp\lanek-fix1-eb446e06-det1; git HEAD eb446e068f42051253ec02a1dfb3047a073eb2c0 ===
RUN 1 | node tools/test_layer_render_flat.js | load at start: CPU 27.3 % (3 s), AI workers 5, nw.exe 0 (2026-09-26T09:48:57.131Z) | EXIT=0 DURATION_MS=31487 | RESULT: all required checks passed (exit 0) | required checks: 12/12 PASS | passed 12, failed 0 | world seed 113731977
--- raw output run 1 ---
=== DEUS_Depth suite "layers_flat" (WG.00.09b Lane K) ===
run: RESULT: 12 passed, 0 failed (exit 0) in 31.4 s (snapshot exit 0); snapshot C:\Users\snewt\AppData\Local\Temp\uf_snapshots\lanek_layers_flat_15700_1790416140551 (deleted)
  PASS layers_flat.preconditions - world true, levels true, view 0, screen 816x624, world seed 113731977
  PASS layers_flat.fixtures - fixture scene centred at (176,176) in area (0,0), world seed 113731977: 144 columns x 5 levels (342 cell(s) written, 378 already as specified), 170 ground tile(s) set (meadow, tile 2816), 53 object(s) cleared, 4026 ms; 0 refused, 0 cell(s) not as specified; cut 6 cells from (175,175), -1 floor (175,175); unit A (173,173) +1; unit B (175,175) -1
  PASS layers_flat.flat_position - before the pan depth 1 off by (0,0), depth 2 off by (0,0); after a 2-tile pan depth 1 off by (0,0), depth 2 off by (0,0) (want 0 px); unit A drawn at (288,216) for its cell's foot (288,216)
  PASS layers_flat.flat_crisp - 53504 opaque samples of the +2 planes' tile render, 0 colour(s) not in the 67-colour source set
  PASS layers_flat.unit_step_same_frame - step (173,173) -> (174,173) in frame 109, tick 75: sprite target 174,173 set in frame 109, walk from tick 75; 11 frame(s) drawn 1..15 ticks after it, each between the cells; 2 frame(s) drawn 16+ ticks after it, each on the new cell's foot (336,216); walk frames shown: true (columns 1/2, stand 1); reported, not gated: first drawn on the new cell 16 tick(s), 16 frame update(s) after the step (bound 16 ticks); unit E outside the window at x 188, stepped to (187,176) in frame 139: sprite made in frame 139
  PASS layers_flat.scan_candidates_only - 699 unit(s) tested per frame; 699 on the planes' levels, 1209 in the world; candidate lists made 7 time(s) since boot
  PASS layers_flat.item_change_scoped - before [{"items":false,"all":false,"objects":false},{"items":false,"all":false,"objects":false}]; a stone given to unit A (held): [{"items":false,"all":false,"objects":false},{"items":false,"all":false,"objects":false}]; a stone on the ground of level 1 at (174,173): [{"items":true,"all":false,"objects":false},{"items":false,"all":false,"objects":false}]
  SHOT C:\Users\snewt\AppData\Local\Temp\uf_snapshots\lanek_layers_flat_15700_1790416140551\test_output\layers_flat.ground_off.png
  SHOT C:\Users\snewt\AppData\Local\Temp\uf_snapshots\lanek_layers_flat_15700_1790416140551\test_output\layers_flat.ground_flat.png
  SHOT C:\Users\snewt\AppData\Local\Temp\uf_snapshots\lanek_layers_flat_15700_1790416140551\test_output\layers_flat.minus1_off.png
  SHOT C:\Users\snewt\AppData\Local\Temp\uf_snapshots\lanek_layers_flat_15700_1790416140551\test_output\layers_flat.minus1_flat.png
  PASS layers_flat.every_view_sees_through - +2: open cell (175,175) draws #08080c, planes #08080c/255, planes off #000000; floor cell (180,173) unchanged (#352d24 / #352d24 planes off); planes on levels [1, 0]; +1: open cell (175,175) draws #352d24, planes #352d24/255, planes off #000000; floor cell (172,172) unchanged (#352d24 / #352d24 planes off); planes on levels [0, -1]; Ground: open cell (175,175) draws #352d24, planes #352d24/255, planes off #000000; floor cell (174,175) unchanged (#71864d / #71864d planes off); planes on levels [-1, -2]; -1: open cell (176,175) draws #352d24, planes #352d24/255, planes off #000000; solid cell (174,175) unchanged (#573a07 / #573a07 planes off); planes on levels [-2]
  PASS layers_flat.flat_no_filters - plus2: planes on levels [1, 0], flat; plus1: planes on levels [0, -1], flat
  PASS layers_flat.switch_same_frame - 0->2 (frame 78): planes 1:shown 1 paint(s), 0:shown 1 paint(s); 1 unit(s) in the window, all with a frame; 2->1 (frame 167): planes 0:shown 1 paint(s), -1:shown 1 paint(s); 1 unit(s) in the window, all with a frame; 1->0 (frame 189): planes -1:shown 1 paint(s), -2:shown 1 paint(s); 1 unit(s) in the window, all with a frame; 0->-1 (frame 217): planes -2:shown 1 paint(s); 0 unit(s) in the window, all with a frame; -1->0 (frame 245): planes -1:shown 1 paint(s), -2:shown 1 paint(s); 1 unit(s) in the window, all with a frame
  PASS layers_flat.screenshots_written - layers_flat.ground_off.png 63091 B, layers_flat.ground_flat.png 68992 B, layers_flat.minus1_off.png 131142 B, layers_flat.minus1_flat.png 132593 B
  PASS layers_flat.no_errors - none
required checks: 12/12 PASS

RESULT: all required checks passed (exit 0)
RUN 2 | node tools/test_layer_render_flat.js | load at start: CPU 18 % (3 s), AI workers 5, nw.exe 0 (2026-09-26T09:49:31.991Z) | EXIT=0 DURATION_MS=29666 | RESULT: all required checks passed (exit 0) | required checks: 12/12 PASS | passed 12, failed 0 | world seed 1451709876
--- raw output run 2 ---
=== DEUS_Depth suite "layers_flat" (WG.00.09b Lane K) ===
run: RESULT: 12 passed, 0 failed (exit 0) in 29.6 s (snapshot exit 0); snapshot C:\Users\snewt\AppData\Local\Temp\uf_snapshots\lanek_layers_flat_20816_1790416175356 (deleted)
  PASS layers_flat.preconditions - world true, levels true, view 0, screen 816x624, world seed 1451709876
  PASS layers_flat.fixtures - fixture scene centred at (184,152) in area (0,0), world seed 1451709876: 144 columns x 5 levels (317 cell(s) written, 403 already as specified), 190 ground tile(s) set (meadow, tile 2816), 71 object(s) cleared, 3662 ms; 0 refused, 0 cell(s) not as specified; cut 6 cells from (183,151), -1 floor (183,151); unit A (181,149) +1; unit B (183,151) -1
  PASS layers_flat.flat_position - before the pan depth 1 off by (0,0), depth 2 off by (0,0); after a 2-tile pan depth 1 off by (0,0), depth 2 off by (0,0) (want 0 px); unit A drawn at (288,216) for its cell's foot (288,216)
  PASS layers_flat.flat_crisp - 53504 opaque samples of the +2 planes' tile render, 0 colour(s) not in the 60-colour source set
  PASS layers_flat.unit_step_same_frame - step (181,149) -> (182,149) in frame 95, tick 64: sprite target 182,149 set in frame 95, walk from tick 64; 8 frame(s) drawn 1..15 ticks after it, each between the cells; 2 frame(s) drawn 16+ ticks after it, each on the new cell's foot (336,216); walk frames shown: true (columns 1/2, stand 1); reported, not gated: first drawn on the new cell 17 tick(s), 17 frame update(s) after the step (bound 16 ticks); unit E outside the window at x 196, stepped to (195,152) in frame 125: sprite made in frame 125
  PASS layers_flat.scan_candidates_only - 726 unit(s) tested per frame; 726 on the planes' levels, 1229 in the world; candidate lists made 7 time(s) since boot
  PASS layers_flat.item_change_scoped - before [{"items":false,"all":false,"objects":false},{"items":false,"all":false,"objects":false}]; a stone given to unit A (held): [{"items":false,"all":false,"objects":false},{"items":false,"all":false,"objects":false}]; a stone on the ground of level 1 at (182,149): [{"items":true,"all":false,"objects":false},{"items":false,"all":false,"objects":false}]
  SHOT C:\Users\snewt\AppData\Local\Temp\uf_snapshots\lanek_layers_flat_20816_1790416175356\test_output\layers_flat.ground_off.png
  SHOT C:\Users\snewt\AppData\Local\Temp\uf_snapshots\lanek_layers_flat_20816_1790416175356\test_output\layers_flat.ground_flat.png
  SHOT C:\Users\snewt\AppData\Local\Temp\uf_snapshots\lanek_layers_flat_20816_1790416175356\test_output\layers_flat.minus1_off.png
  SHOT C:\Users\snewt\AppData\Local\Temp\uf_snapshots\lanek_layers_flat_20816_1790416175356\test_output\layers_flat.minus1_flat.png
  PASS layers_flat.every_view_sees_through - +2: open cell (183,151) draws #08080c, planes #08080c/255, planes off #000000; floor cell (188,149) unchanged (#352d24 / #352d24 planes off); planes on levels [1, 0]; +1: open cell (183,151) draws #352d24, planes #352d24/255, planes off #000000; floor cell (180,148) unchanged (#352d24 / #352d24 planes off); planes on levels [0, -1]; Ground: open cell (183,151) draws #352d24, planes #352d24/255, planes off #000000; floor cell (182,151) unchanged (#71864d / #71864d planes off); planes on levels [-1, -2]; -1: open cell (184,151) draws #352d24, planes #352d24/255, planes off #000000; solid cell (182,151) unchanged (#573a07 / #573a07 planes off); planes on levels [-2]
  PASS layers_flat.flat_no_filters - plus2: planes on levels [1, 0], flat; plus1: planes on levels [0, -1], flat
  PASS layers_flat.switch_same_frame - 0->2 (frame 72): planes 1:shown 1 paint(s), 0:shown 1 paint(s); 1 unit(s) in the window, all with a frame; 2->1 (frame 153): planes 0:shown 1 paint(s), -1:shown 1 paint(s); 1 unit(s) in the window, all with a frame; 1->0 (frame 175): planes -1:shown 1 paint(s), -2:shown 1 paint(s); 1 unit(s) in the window, all with a frame; 0->-1 (frame 203): planes -2:shown 1 paint(s); 0 unit(s) in the window, all with a frame; -1->0 (frame 231): planes -1:shown 1 paint(s), -2:shown 1 paint(s); 1 unit(s) in the window, all with a frame
  PASS layers_flat.screenshots_written - layers_flat.ground_off.png 64759 B, layers_flat.ground_flat.png 70548 B, layers_flat.minus1_off.png 115080 B, layers_flat.minus1_flat.png 116590 B
  PASS layers_flat.no_errors - none
required checks: 12/12 PASS

RESULT: all required checks passed (exit 0)
RUN 3 | node tools/test_layer_render_flat.js | load at start: CPU 15 % (3 s), AI workers 5, nw.exe 0 (2026-09-26T09:50:04.995Z) | EXIT=0 DURATION_MS=40195 | RESULT: all required checks passed (exit 0) | required checks: 12/12 PASS | passed 12, failed 0 | world seed 803063961
--- raw output run 3 ---
=== DEUS_Depth suite "layers_flat" (WG.00.09b Lane K) ===
run: RESULT: 12 passed, 0 failed (exit 0) in 40.1 s (snapshot exit 0); snapshot C:\Users\snewt\AppData\Local\Temp\uf_snapshots\lanek_layers_flat_20584_1790416208377 (deleted)
  PASS layers_flat.preconditions - world true, levels true, view 0, screen 816x624, world seed 803063961
  PASS layers_flat.fixtures - fixture scene centred at (184,184) in area (0,0), world seed 803063961: 144 columns x 5 levels (671 cell(s) written, 49 already as specified), 112 ground tile(s) set (meadow, tile 2816), 58 object(s) cleared, 6385 ms; 0 refused, 0 cell(s) not as specified; cut 6 cells from (183,183), -1 floor (183,183); unit A (181,181) +1; unit B (183,183) -1
  PASS layers_flat.flat_position - before the pan depth 1 off by (0,0), depth 2 off by (0,0); after a 2-tile pan depth 1 off by (0,0), depth 2 off by (0,0) (want 0 px); unit A drawn at (288,216) for its cell's foot (288,216)
  PASS layers_flat.flat_crisp - 33792 opaque samples of the +2 planes' tile render, 0 colour(s) not in the 56-colour source set
  PASS layers_flat.unit_step_same_frame - step (181,181) -> (182,181) in frame 105, tick 73: sprite target 182,181 set in frame 105, walk from tick 73; 12 frame(s) drawn 1..15 ticks after it, each between the cells; 3 frame(s) drawn 16+ ticks after it, each on the new cell's foot (336,216); walk frames shown: true (columns 1/2, stand 1); reported, not gated: first drawn on the new cell 16 tick(s), 16 frame update(s) after the step (bound 16 ticks); unit E outside the window at x 196, stepped to (195,184) in frame 135: sprite made in frame 135
  PASS layers_flat.scan_candidates_only - 788 unit(s) tested per frame; 788 on the planes' levels, 1260 in the world; candidate lists made 7 time(s) since boot
  PASS layers_flat.item_change_scoped - before [{"items":false,"all":false,"objects":false},{"items":false,"all":false,"objects":false}]; a stone given to unit A (held): [{"items":false,"all":false,"objects":false},{"items":false,"all":false,"objects":false}]; a stone on the ground of level 1 at (182,181): [{"items":true,"all":false,"objects":false},{"items":false,"all":false,"objects":false}]
  SHOT C:\Users\snewt\AppData\Local\Temp\uf_snapshots\lanek_layers_flat_20584_1790416208377\test_output\layers_flat.ground_off.png
  SHOT C:\Users\snewt\AppData\Local\Temp\uf_snapshots\lanek_layers_flat_20584_1790416208377\test_output\layers_flat.ground_flat.png
  SHOT C:\Users\snewt\AppData\Local\Temp\uf_snapshots\lanek_layers_flat_20584_1790416208377\test_output\layers_flat.minus1_off.png
  SHOT C:\Users\snewt\AppData\Local\Temp\uf_snapshots\lanek_layers_flat_20584_1790416208377\test_output\layers_flat.minus1_flat.png
  PASS layers_flat.every_view_sees_through - +2: open cell (183,183) draws #08080c, planes #08080c/255, planes off #000000; floor cell (188,181) unchanged (#352d24 / #352d24 planes off); planes on levels [1, 0]; +1: open cell (183,183) draws #352d24, planes #352d24/255, planes off #000000; floor cell (180,180) unchanged (#352d24 / #352d24 planes off); planes on levels [0, -1]; Ground: open cell (183,183) draws #352d24, planes #352d24/255, planes off #000000; floor cell (182,183) unchanged (#71864d / #71864d planes off); planes on levels [-1, -2]; -1: open cell (184,183) draws #352d24, planes #352d24/255, planes off #000000; solid cell (182,183) unchanged (#573a07 / #573a07 planes off); planes on levels [-2]
  PASS layers_flat.flat_no_filters - plus2: planes on levels [1, 0], flat; plus1: planes on levels [0, -1], flat
  PASS layers_flat.switch_same_frame - 0->2 (frame 74): planes 1:shown 1 paint(s), 0:shown 1 paint(s); 1 unit(s) in the window, all with a frame; 2->1 (frame 163): planes 0:shown 1 paint(s), -1:shown 1 paint(s); 1 unit(s) in the window, all with a frame; 1->0 (frame 185): planes -1:shown 1 paint(s), -2:shown 1 paint(s); 1 unit(s) in the window, all with a frame; 0->-1 (frame 213): planes -2:shown 1 paint(s); 0 unit(s) in the window, all with a frame; -1->0 (frame 241): planes -1:shown 1 paint(s), -2:shown 1 paint(s); 1 unit(s) in the window, all with a frame
  PASS layers_flat.screenshots_written - layers_flat.ground_off.png 63815 B, layers_flat.ground_flat.png 69710 B, layers_flat.minus1_off.png 119929 B, layers_flat.minus1_flat.png 121342 B
  PASS layers_flat.no_errors - none
required checks: 12/12 PASS

RESULT: all required checks passed (exit 0)
RUN 4 | node tools/test_layer_render_flat.js | load at start: CPU 16.9 % (3 s), AI workers 5, nw.exe 0 (2026-09-26T09:50:48.541Z) | EXIT=0 DURATION_MS=32255 | RESULT: all required checks passed (exit 0) | required checks: 12/12 PASS | passed 12, failed 0 | world seed 1931391504
--- raw output run 4 ---
=== DEUS_Depth suite "layers_flat" (WG.00.09b Lane K) ===
run: RESULT: 12 passed, 0 failed (exit 0) in 32.2 s (snapshot exit 0); snapshot C:\Users\snewt\AppData\Local\Temp\uf_snapshots\lanek_layers_flat_22248_1790416251910 (deleted)
  PASS layers_flat.preconditions - world true, levels true, view 0, screen 816x624, world seed 1931391504
  PASS layers_flat.fixtures - fixture scene centred at (184,192) in area (0,0), world seed 1931391504: 144 columns x 5 levels (455 cell(s) written, 265 already as specified), 112 ground tile(s) set (meadow, tile 2816), 32 object(s) cleared, 4086 ms; 0 refused, 0 cell(s) not as specified; cut 6 cells from (183,191), -1 floor (183,191); unit A (181,189) +1; unit B (183,191) -1
  PASS layers_flat.flat_position - before the pan depth 1 off by (0,0), depth 2 off by (0,0); after a 2-tile pan depth 1 off by (0,0), depth 2 off by (0,0) (want 0 px); unit A drawn at (288,216) for its cell's foot (288,216)
  PASS layers_flat.flat_crisp - 52480 opaque samples of the +2 planes' tile render, 0 colour(s) not in the 54-colour source set
  PASS layers_flat.unit_step_same_frame - step (181,189) -> (182,189) in frame 92, tick 62: sprite target 182,189 set in frame 92, walk from tick 62; 8 frame(s) drawn 1..15 ticks after it, each between the cells; 2 frame(s) drawn 16+ ticks after it, each on the new cell's foot (336,216); walk frames shown: true (columns 1/2, stand 1); reported, not gated: first drawn on the new cell 17 tick(s), 17 frame update(s) after the step (bound 16 ticks); unit E outside the window at x 196, stepped to (195,192) in frame 122: sprite made in frame 122
  PASS layers_flat.scan_candidates_only - 739 unit(s) tested per frame; 739 on the planes' levels, 1228 in the world; candidate lists made 7 time(s) since boot
  PASS layers_flat.item_change_scoped - before [{"items":false,"all":false,"objects":false},{"items":false,"all":false,"objects":false}]; a stone given to unit A (held): [{"items":false,"all":false,"objects":false},{"items":false,"all":false,"objects":false}]; a stone on the ground of level 1 at (182,189): [{"items":true,"all":false,"objects":false},{"items":false,"all":false,"objects":false}]
  SHOT C:\Users\snewt\AppData\Local\Temp\uf_snapshots\lanek_layers_flat_22248_1790416251910\test_output\layers_flat.ground_off.png
  SHOT C:\Users\snewt\AppData\Local\Temp\uf_snapshots\lanek_layers_flat_22248_1790416251910\test_output\layers_flat.ground_flat.png
  SHOT C:\Users\snewt\AppData\Local\Temp\uf_snapshots\lanek_layers_flat_22248_1790416251910\test_output\layers_flat.minus1_off.png
  SHOT C:\Users\snewt\AppData\Local\Temp\uf_snapshots\lanek_layers_flat_22248_1790416251910\test_output\layers_flat.minus1_flat.png
  PASS layers_flat.every_view_sees_through - +2: open cell (183,191) draws #08080c, planes #08080c/255, planes off #000000; floor cell (188,189) unchanged (#352d24 / #352d24 planes off); planes on levels [1, 0]; +1: open cell (183,191) draws #6d4d3d, planes #6d4d3d/255, planes off #000000; floor cell (180,188) unchanged (#352d24 / #352d24 planes off); planes on levels [0, -1]; Ground: open cell (183,191) draws #6d4d3d, planes #6d4d3d/255, planes off #000000; floor cell (182,191) unchanged (#71864d / #71864d planes off); planes on levels [-1, -2]; -1: open cell (184,191) draws #6d4d3d, planes #6d4d3d/255, planes off #000000; solid cell (182,191) unchanged (#573a07 / #573a07 planes off); planes on levels [-2]
  PASS layers_flat.flat_no_filters - plus2: planes on levels [1, 0], flat; plus1: planes on levels [0, -1], flat
  PASS layers_flat.switch_same_frame - 0->2 (frame 71): planes 1:shown 1 paint(s), 0:shown 1 paint(s); 1 unit(s) in the window, all with a frame; 2->1 (frame 153): planes 0:shown 1 paint(s), -1:shown 1 paint(s); 1 unit(s) in the window, all with a frame; 1->0 (frame 175): planes -1:shown 1 paint(s), -2:shown 1 paint(s); 1 unit(s) in the window, all with a frame; 0->-1 (frame 203): planes -2:shown 1 paint(s); 0 unit(s) in the window, all with a frame; -1->0 (frame 231): planes -1:shown 1 paint(s), -2:shown 1 paint(s); 1 unit(s) in the window, all with a frame
  PASS layers_flat.screenshots_written - layers_flat.ground_off.png 55352 B, layers_flat.ground_flat.png 59465 B, layers_flat.minus1_off.png 93756 B, layers_flat.minus1_flat.png 94553 B
  PASS layers_flat.no_errors - none
required checks: 12/12 PASS

RESULT: all required checks passed (exit 0)
RUN 5 | node tools/test_layer_render_flat.js | load at start: CPU 15.1 % (3 s), AI workers 4, nw.exe 0 (2026-09-26T09:51:24.138Z) | EXIT=0 DURATION_MS=32390 | RESULT: all required checks passed (exit 0) | required checks: 12/12 PASS | passed 12, failed 0 | world seed 1047224077
--- raw output run 5 ---
=== DEUS_Depth suite "layers_flat" (WG.00.09b Lane K) ===
run: RESULT: 12 passed, 0 failed (exit 0) in 32.3 s (snapshot exit 0); snapshot C:\Users\snewt\AppData\Local\Temp\uf_snapshots\lanek_layers_flat_23948_1790416287505 (deleted)
  PASS layers_flat.preconditions - world true, levels true, view 0, screen 816x624, world seed 1047224077
  PASS layers_flat.fixtures - fixture scene centred at (200,168) in area (0,0), world seed 1047224077: 144 columns x 5 levels (576 cell(s) written, 144 already as specified), 112 ground tile(s) set (meadow, tile 2816), 82 object(s) cleared, 4940 ms; 0 refused, 0 cell(s) not as specified; cut 6 cells from (199,167), -1 floor (199,167); unit A (197,165) +1; unit B (199,167) -1
  PASS layers_flat.flat_position - before the pan depth 1 off by (0,0), depth 2 off by (0,0); after a 2-tile pan depth 1 off by (0,0), depth 2 off by (0,0) (want 0 px); unit A drawn at (288,216) for its cell's foot (288,216)
  PASS layers_flat.flat_crisp - 33792 opaque samples of the +2 planes' tile render, 0 colour(s) not in the 53-colour source set
  PASS layers_flat.unit_step_same_frame - step (197,165) -> (198,165) in frame 111, tick 77: sprite target 198,165 set in frame 111, walk from tick 77; 7 frame(s) drawn 1..15 ticks after it, each between the cells; 2 frame(s) drawn 16+ ticks after it, each on the new cell's foot (336,216); walk frames shown: true (columns 1/2, stand 1); reported, not gated: first drawn on the new cell 16 tick(s), 16 frame update(s) after the step (bound 16 ticks); unit E outside the window at x 212, stepped to (211,168) in frame 141: sprite made in frame 141
  PASS layers_flat.scan_candidates_only - 716 unit(s) tested per frame; 716 on the planes' levels, 1236 in the world; candidate lists made 7 time(s) since boot
  PASS layers_flat.item_change_scoped - before [{"items":false,"all":false,"objects":false},{"items":false,"all":false,"objects":false}]; a stone given to unit A (held): [{"items":false,"all":false,"objects":false},{"items":false,"all":false,"objects":false}]; a stone on the ground of level 1 at (198,165): [{"items":true,"all":false,"objects":false},{"items":false,"all":false,"objects":false}]
  SHOT C:\Users\snewt\AppData\Local\Temp\uf_snapshots\lanek_layers_flat_23948_1790416287505\test_output\layers_flat.ground_off.png
  SHOT C:\Users\snewt\AppData\Local\Temp\uf_snapshots\lanek_layers_flat_23948_1790416287505\test_output\layers_flat.ground_flat.png
  SHOT C:\Users\snewt\AppData\Local\Temp\uf_snapshots\lanek_layers_flat_23948_1790416287505\test_output\layers_flat.minus1_off.png
  SHOT C:\Users\snewt\AppData\Local\Temp\uf_snapshots\lanek_layers_flat_23948_1790416287505\test_output\layers_flat.minus1_flat.png
  PASS layers_flat.every_view_sees_through - +2: open cell (199,167) draws #08080c, planes #08080c/255, planes off #000000; floor cell (204,165) unchanged (#352d24 / #352d24 planes off); planes on levels [1, 0]; +1: open cell (199,167) draws #35312d, planes #35312d/255, planes off #000000; floor cell (196,164) unchanged (#352d24 / #352d24 planes off); planes on levels [0, -1]; Ground: open cell (199,167) draws #35312d, planes #35312d/255, planes off #000000; floor cell (198,167) unchanged (#71864d / #71864d planes off); planes on levels [-1, -2]; -1: open cell (200,167) draws #35312d, planes #35312d/255, planes off #000000; solid cell (198,167) unchanged (#573a07 / #573a07 planes off); planes on levels [-2]
  PASS layers_flat.flat_no_filters - plus2: planes on levels [1, 0], flat; plus1: planes on levels [0, -1], flat
  PASS layers_flat.switch_same_frame - 0->2 (frame 74): planes 1:shown 1 paint(s), 0:shown 1 paint(s); 1 unit(s) in the window, all with a frame; 2->1 (frame 170): planes 0:shown 1 paint(s), -1:shown 1 paint(s); 1 unit(s) in the window, all with a frame; 1->0 (frame 192): planes -1:shown 1 paint(s), -2:shown 1 paint(s); 1 unit(s) in the window, all with a frame; 0->-1 (frame 222): planes -2:shown 1 paint(s); 0 unit(s) in the window, all with a frame; -1->0 (frame 250): planes -1:shown 1 paint(s), -2:shown 1 paint(s); 1 unit(s) in the window, all with a frame
  PASS layers_flat.screenshots_written - layers_flat.ground_off.png 63743 B, layers_flat.ground_flat.png 69856 B, layers_flat.minus1_off.png 120944 B, layers_flat.minus1_flat.png 122812 B
  PASS layers_flat.no_errors - none
required checks: 12/12 PASS

RESULT: all required checks passed (exit 0)
=== every run exited 0 ===
