=== determinism_runs 2026-09-26T09:59:33.772Z 4 command(s) at the same time; cwd C:\Users\snewt\AppData\Local\Temp\lanek-fix1-eb446e06-det1; git HEAD eb446e068f42051253ec02a1dfb3047a073eb2c0 ===
CPU while the 4 command(s) ran: min 15.7 / median 44.9 / max 82.2 % over 49 1-s samples
RUN P1 | node C:\Users\snewt\AppData\Local\Temp\lanek-fix1-eb446e06-det1\tools\test_layer_render_flat.js | load at start: CPU 5.1 % (3 s), AI workers 5, nw.exe 0 (2026-09-26T09:59:33.790Z) | EXIT=0 DURATION_MS=50147 | RESULT: all required checks passed (exit 0) | required checks: 12/12 PASS | passed 12, failed 0 | world seed 50556632
RUN P2 | node C:\Users\snewt\AppData\Local\Temp\lanek-fix1-eb446e06-det2\tools\test_layer_render_flat.js | load at start: CPU 5.1 % (3 s), AI workers 5, nw.exe 0 (2026-09-26T09:59:33.790Z) | EXIT=0 DURATION_MS=42903 | RESULT: all required checks passed (exit 0) | required checks: 12/12 PASS | passed 12, failed 0 | world seed 262651326
RUN P3 | node C:\Users\snewt\AppData\Local\Temp\lanek-fix1-eb446e06-det1\tools\test_layer_render_flat.js --suite depth | load at start: CPU 5.1 % (3 s), AI workers 5, nw.exe 0 (2026-09-26T09:59:33.790Z) | EXIT=0 DURATION_MS=49172 | RESULT: all required checks passed (exit 0) | required checks: 27/27 PASS | passed 27, failed 0 | world seed 822471539
RUN P4 | node C:\Users\snewt\AppData\Local\Temp\lanek-fix1-eb446e06-det2\tools\test_layer_render_flat.js --suite depth | load at start: CPU 5.1 % (3 s), AI workers 5, nw.exe 0 (2026-09-26T09:59:33.790Z) | EXIT=0 DURATION_MS=40594 | RESULT: all required checks passed (exit 0) | required checks: 27/27 PASS | passed 27, failed 0 | world seed 1117155383
--- raw output P1: node C:\Users\snewt\AppData\Local\Temp\lanek-fix1-eb446e06-det1\tools\test_layer_render_flat.js ---
=== DEUS_Depth suite "layers_flat" (WG.00.09b Lane K) ===
run: RESULT: 12 passed, 0 failed (exit 0) in 50.1 s (snapshot exit 0); snapshot C:\Users\snewt\AppData\Local\Temp\uf_snapshots\lanek_layers_flat_26584_1790416777141 (deleted)
  PASS layers_flat.preconditions - world true, levels true, view 0, screen 816x624, world seed 50556632
  PASS layers_flat.fixtures - fixture scene centred at (192,192) in area (0,0), world seed 50556632: 144 columns x 5 levels (618 cell(s) written, 102 already as specified), 112 ground tile(s) set (meadow, tile 2816), 57 object(s) cleared, 5918 ms; 0 refused, 0 cell(s) not as specified; cut 6 cells from (191,191), -1 floor (191,191); unit A (189,189) +1; unit B (191,191) -1
  PASS layers_flat.flat_position - before the pan depth 1 off by (0,0), depth 2 off by (0,0); after a 2-tile pan depth 1 off by (0,0), depth 2 off by (0,0) (want 0 px); unit A drawn at (288,216) for its cell's foot (288,216)
  PASS layers_flat.flat_crisp - 33792 opaque samples of the +2 planes' tile render, 0 colour(s) not in the 57-colour source set
  PASS layers_flat.unit_step_same_frame - step (189,189) -> (190,189) in frame 110, tick 76: sprite target 190,189 set in frame 110, walk from tick 76; 10 frame(s) drawn 1..15 ticks after it, each between the cells; 3 frame(s) drawn 16+ ticks after it, each on the new cell's foot (336,216); walk frames shown: true (columns 1/2, stand 1); reported, not gated: first drawn on the new cell 16 tick(s), 16 frame update(s) after the step (bound 16 ticks); unit E outside the window at x 204, stepped to (203,192) in frame 140: sprite made in frame 140
  PASS layers_flat.scan_candidates_only - 731 unit(s) tested per frame; 731 on the planes' levels, 1227 in the world; candidate lists made 7 time(s) since boot
  PASS layers_flat.item_change_scoped - before [{"items":false,"all":false,"objects":false},{"items":false,"all":false,"objects":false}]; a stone given to unit A (held): [{"items":false,"all":false,"objects":false},{"items":false,"all":false,"objects":false}]; a stone on the ground of level 1 at (190,189): [{"items":true,"all":false,"objects":false},{"items":false,"all":false,"objects":false}]
  SHOT C:\Users\snewt\AppData\Local\Temp\uf_snapshots\lanek_layers_flat_26584_1790416777141\test_output\layers_flat.ground_off.png
  SHOT C:\Users\snewt\AppData\Local\Temp\uf_snapshots\lanek_layers_flat_26584_1790416777141\test_output\layers_flat.ground_flat.png
  SHOT C:\Users\snewt\AppData\Local\Temp\uf_snapshots\lanek_layers_flat_26584_1790416777141\test_output\layers_flat.minus1_off.png
  SHOT C:\Users\snewt\AppData\Local\Temp\uf_snapshots\lanek_layers_flat_26584_1790416777141\test_output\layers_flat.minus1_flat.png
  PASS layers_flat.every_view_sees_through - +2: open cell (191,191) draws #08080c, planes #08080c/255, planes off #000000; floor cell (196,189) unchanged (#352d24 / #352d24 planes off); planes on levels [1, 0]; +1: open cell (191,191) draws #6d4d3d, planes #6d4d3d/255, planes off #000000; floor cell (188,188) unchanged (#352d24 / #352d24 planes off); planes on levels [0, -1]; Ground: open cell (191,191) draws #6d4d3d, planes #6d4d3d/255, planes off #000000; floor cell (190,191) unchanged (#71864d / #71864d planes off); planes on levels [-1, -2]; -1: open cell (192,191) draws #6d4d3d, planes #6d4d3d/255, planes off #000000; solid cell (190,191) unchanged (#573a07 / #573a07 planes off); planes on levels [-2]
  PASS layers_flat.flat_no_filters - plus2: planes on levels [1, 0], flat; plus1: planes on levels [0, -1], flat
  PASS layers_flat.switch_same_frame - 0->2 (frame 79): planes 1:shown 1 paint(s), 0:shown 1 paint(s); 1 unit(s) in the window, all with a frame; 2->1 (frame 168): planes 0:shown 1 paint(s), -1:shown 1 paint(s); 1 unit(s) in the window, all with a frame; 1->0 (frame 190): planes -1:shown 1 paint(s), -2:shown 1 paint(s); 1 unit(s) in the window, all with a frame; 0->-1 (frame 218): planes -2:shown 1 paint(s); 0 unit(s) in the window, all with a frame; -1->0 (frame 246): planes -1:shown 1 paint(s), -2:shown 1 paint(s); 1 unit(s) in the window, all with a frame
  PASS layers_flat.screenshots_written - layers_flat.ground_off.png 62525 B, layers_flat.ground_flat.png 66487 B, layers_flat.minus1_off.png 120283 B, layers_flat.minus1_flat.png 120846 B
  PASS layers_flat.no_errors - none
required checks: 12/12 PASS

RESULT: all required checks passed (exit 0)
--- raw output P2: node C:\Users\snewt\AppData\Local\Temp\lanek-fix1-eb446e06-det2\tools\test_layer_render_flat.js ---
=== DEUS_Depth suite "layers_flat" (WG.00.09b Lane K) ===
run: RESULT: 12 passed, 0 failed (exit 0) in 42.8 s (snapshot exit 0); snapshot C:\Users\snewt\AppData\Local\Temp\uf_snapshots\lanek_layers_flat_26212_1790416777147 (deleted)
  PASS layers_flat.preconditions - world true, levels true, view 0, screen 816x624, world seed 262651326
  PASS layers_flat.fixtures - fixture scene centred at (184,184) in area (0,0), world seed 262651326: 144 columns x 5 levels (322 cell(s) written, 398 already as specified), 112 ground tile(s) set (meadow, tile 2816), 83 object(s) cleared, 3808 ms; 0 refused, 0 cell(s) not as specified; cut 6 cells from (183,183), -1 floor (183,183); unit A (181,181) +1; unit B (183,183) -1
  PASS layers_flat.flat_position - before the pan depth 1 off by (0,0), depth 2 off by (0,0); after a 2-tile pan depth 1 off by (0,0), depth 2 off by (0,0) (want 0 px); unit A drawn at (288,216) for its cell's foot (288,216)
  PASS layers_flat.flat_crisp - 48320 opaque samples of the +2 planes' tile render, 0 colour(s) not in the 59-colour source set
  PASS layers_flat.unit_step_same_frame - step (181,181) -> (182,181) in frame 106, tick 71: sprite target 182,181 set in frame 106, walk from tick 71; 8 frame(s) drawn 1..15 ticks after it, each between the cells; 2 frame(s) drawn 16+ ticks after it, each on the new cell's foot (336,216); walk frames shown: true (columns 1/2, stand 1); reported, not gated: first drawn on the new cell 17 tick(s), 17 frame update(s) after the step (bound 16 ticks); unit E outside the window at x 196, stepped to (195,184) in frame 136: sprite made in frame 136
  PASS layers_flat.scan_candidates_only - 713 unit(s) tested per frame; 713 on the planes' levels, 1216 in the world; candidate lists made 7 time(s) since boot
  PASS layers_flat.item_change_scoped - before [{"items":false,"all":false,"objects":false},{"items":false,"all":false,"objects":false}]; a stone given to unit A (held): [{"items":false,"all":false,"objects":false},{"items":false,"all":false,"objects":false}]; a stone on the ground of level 1 at (182,181): [{"items":true,"all":false,"objects":false},{"items":false,"all":false,"objects":false}]
  SHOT C:\Users\snewt\AppData\Local\Temp\uf_snapshots\lanek_layers_flat_26212_1790416777147\test_output\layers_flat.ground_off.png
  SHOT C:\Users\snewt\AppData\Local\Temp\uf_snapshots\lanek_layers_flat_26212_1790416777147\test_output\layers_flat.ground_flat.png
  SHOT C:\Users\snewt\AppData\Local\Temp\uf_snapshots\lanek_layers_flat_26212_1790416777147\test_output\layers_flat.minus1_off.png
  SHOT C:\Users\snewt\AppData\Local\Temp\uf_snapshots\lanek_layers_flat_26212_1790416777147\test_output\layers_flat.minus1_flat.png
  PASS layers_flat.every_view_sees_through - +2: open cell (183,183) draws #08080c, planes #08080c/255, planes off #000000; floor cell (188,181) unchanged (#352d24 / #352d24 planes off); planes on levels [1, 0]; +1: open cell (183,183) draws #35312d, planes #35312d/255, planes off #000000; floor cell (180,180) unchanged (#352d24 / #352d24 planes off); planes on levels [0, -1]; Ground: open cell (183,183) draws #35312d, planes #35312d/255, planes off #000000; floor cell (182,183) unchanged (#71864d / #71864d planes off); planes on levels [-1, -2]; -1: open cell (184,183) draws #35312d, planes #35312d/255, planes off #000000; solid cell (182,183) unchanged (#573a07 / #573a07 planes off); planes on levels [-2]
  PASS layers_flat.flat_no_filters - plus2: planes on levels [1, 0], flat; plus1: planes on levels [0, -1], flat
  PASS layers_flat.switch_same_frame - 0->2 (frame 78): planes 1:shown 1 paint(s), 0:shown 1 paint(s); 1 unit(s) in the window, all with a frame; 2->1 (frame 166): planes 0:shown 1 paint(s), -1:shown 1 paint(s); 1 unit(s) in the window, all with a frame; 1->0 (frame 188): planes -1:shown 1 paint(s), -2:shown 1 paint(s); 1 unit(s) in the window, all with a frame; 0->-1 (frame 218): planes -2:shown 1 paint(s); 0 unit(s) in the window, all with a frame; -1->0 (frame 246): planes -1:shown 1 paint(s), -2:shown 1 paint(s); 1 unit(s) in the window, all with a frame
  PASS layers_flat.screenshots_written - layers_flat.ground_off.png 60829 B, layers_flat.ground_flat.png 67024 B, layers_flat.minus1_off.png 122929 B, layers_flat.minus1_flat.png 125111 B
  PASS layers_flat.no_errors - none
required checks: 12/12 PASS

RESULT: all required checks passed (exit 0)
--- raw output P3: node C:\Users\snewt\AppData\Local\Temp\lanek-fix1-eb446e06-det1\tools\test_layer_render_flat.js --suite depth ---
=== DEUS_Depth suite "depth" (WG.00.09b Lane K) ===
run: RESULT: 27 passed, 0 failed (exit 0) in 49.1 s (snapshot exit 0); snapshot C:\Users\snewt\AppData\Local\Temp\uf_snapshots\lanek_depth_24736_1790416777153 (deleted)
  PASS depth.preconditions - world true, levels true, view 0, surface grid true, screen 816x624, world seed 822471539
  PASS depth.proof_scene - fixture scene centred at (168,168) in area (0,0), world seed 822471539: 144 columns x 5 levels (479 cell(s) written, 241 already as specified), 112 ground tile(s) set (meadow, tile 2816), 61 object(s) cleared, 5327 ms; 0 refused, 0 cell(s) not as specified; hole (163,165), deck 3 cells from (166,166)
  PASS depth.planes_present - view 2; depth 1 -> level 1, 1 paint(s), 55956 opaque samples; depth 2 -> level 0, 1 paint(s), 56991 opaque samples; last paint 10.8 ms, last peek 0.0 ms
  PASS depth.repaint_cost - 4 of 4 refreshes of one 912x720 plane repainted it by the next frame; repaint times 10.8 / 1.9 / 1.7 / 3.3 / 1.3 ms (reported, not gated: wall-clock time, this machine, nw.exe harness)
  PASS depth.projection_origin - centre -> (408,312) want (408,312); left edge -> (0,312) want (0,312) (identity, DEC-011); plane scale 1
  PASS depth.exposure_by_upper_geometry - floor cell (172,165) unchanged by the planes; open cell (165,164) shows the level below
  SHOT C:\Users\snewt\AppData\Local\Temp\uf_snapshots\lanek_depth_24736_1790416777153\test_output\depth.planes_only_plus2.png
  SHOT C:\Users\snewt\AppData\Local\Temp\uf_snapshots\lanek_depth_24736_1790416777153\test_output\depth.planes_only_plus2_tiles.png
  SHOT C:\Users\snewt\AppData\Local\Temp\uf_snapshots\lanek_depth_24736_1790416777153\test_output\depth.canvas_depth1.png
  SHOT C:\Users\snewt\AppData\Local\Temp\uf_snapshots\lanek_depth_24736_1790416777153\test_output\depth.canvas_depth2.png
  PASS depth.mask_order - deck cell (167,166) at screen (384,240): drawn #d89a55, depth 1 texels {#351d16 #492a19 #d89a55 #8e4d30}, ground texel under it #71864d/255
  PASS depth.depth2_through_depth1 - low ground (172,170) at screen (624,432): drawn #71864d/255, ground texel #71864d/255, ground texels {#71864d}, depth 1 alpha there 0; under the hole (163,165) the ground draws #71864d/255 (tiles 2816/0/0)
  PASS depth.entities_drawn - fixtures: oak placed at (161,164), item stone x3 at (162,165), unit added; +1 plane draws 1 object(s), 1 unit(s), 1 item stack(s), 29 wall/ramp frame(s); item sheet !$UF_Item_Stone ready true, tracked by the plane true, visible true; unit at (164,166) probed at screen (240,244): drawn (#fbdcc8 vs #35312d without units)
  PASS depth.crisp_nearest - 53056 opaque samples, 0 colour(s) not in the 60-colour source set; smooth false, baseTexture scaleMode 0 (0 nearest, 1 linear), sprite texture is the bitmap's, plane at (-24,-24)
  PASS depth.parallax_bounded - edge shift measured depth 1 0 px, depth 2 0 px (want 0); a pan of 2 tiles moved a low-ground point on depth 1 from x 624 to 528 (-96 px, want -96); the point under the centre stays at x 408; display back at 159.5 (was 159.5)
  PASS depth.tunables_take_effect - maxDepth 1 [1:1 2:-] void true; maxDepth 2 [1:1 2:0]; enabled false [1:- 2:-] void false; enabled true [1:1 2:0] void true
  PASS depth.no_filters_any_state - maxDepth 1: none; maxDepth 2: none; off: none; on: none; entities off: none; entities on: none
  PASS depth.one_level_below - maxDepth 1: depth 1 level 1, depth 2 hidden, void shown
  PASS depth.void_beyond - low ground (172,170) at screen (624,432): planes render #08080c/255, screen #08080c, void #08080c
  PASS depth.no_blends - 0 of 53056 sampled pixels are blends (want 0)
  PASS depth.flat_transform - depth 1 scale 1 at (-24,-24) filters [] entities [] alpha 1; depth 2 scale 1 at (-24,-24) filters [] entities [] alpha 1; blur/colour filters in the subtree: none; active tilemap scale 1, filters none, alpha 1; terrace pixel #352d24, its source texel #352d24/255
  PASS depth.entities_inherit_treatment - unit sprite in the +1 plane: child of the plane, world scale 1 x 1, filters on it and its 3 container(s): none; tint #ffffff (the unit's own)
  PASS depth.visual_settings_no_physics - unchanged: {"unit":{"x":164,"y":166,"z":1},"shapeUnit":"floor","shapeChain":"open","walkChain":false,"walkUnit":true,"objects":1}
  PASS depth.config_deterministic - the same after maxDepth 1 / 0 / 2 and off / on: {"describe":"2 level(s) below, drawn 1:1 (DEC-011), void #08080c","planes":[{"z":1,"visible":true,"x":-24,"y":-24,"scale":1,"alpha":1,"filters":[]},{"z":0,"visible":true,"x":-24,"y":-24,"scale":1,"alpha":1,"filters":[]}]}
  PASS depth.planes_cost - sampled 2 x 60 frames per condition: planes off none shown in every frame, on both bound in every frame; reported, not gated: GL renderer "ANGLE (NVIDIA GeForce RTX 4060 Laptop GPU Direct3D11 vs_5_0 ps_5_0)"; median engine tick (update + render submit): planes off 1.6 ms, on 2.1 ms (the planes +0.5 ms); median frame intervals off 16, on 16 ms; worst tick off 3.8, on 4.5 ms; this machine, nw.exe harness, simulation paused
  SHOT C:\Users\snewt\AppData\Local\Temp\uf_snapshots\lanek_depth_24736_1790416777153\test_output\depth.plus2_off.png
  SHOT C:\Users\snewt\AppData\Local\Temp\uf_snapshots\lanek_depth_24736_1790416777153\test_output\depth.plus2_flat.png
  SHOT C:\Users\snewt\AppData\Local\Temp\uf_snapshots\lanek_depth_24736_1790416777153\test_output\depth.plus1_off.png
  SHOT C:\Users\snewt\AppData\Local\Temp\uf_snapshots\lanek_depth_24736_1790416777153\test_output\depth.plus1_flat.png
  PASS depth.screenshots_written - depth.plus2_off.png 307576 B, depth.plus2_flat.png 114698 B, depth.plus1_off.png 255702 B, depth.plus1_flat.png 117616 B
  PASS depth.ground_draws_through_openings - view 0, depth 1 -> -1, depth 2 -> -2, void shown; floor ground cell (166,167) unchanged by the planes (its own art's lowest alpha 255); open cell (169,167) over the -2 floor draws #35312d (planes #35312d, -2 texels {#615551 #453d39 #6d615d}, -1 alpha 0; planes off #000000); open cell (167,167) over the -1 floor draws #6d4d3d (-1 texels {#553d31 #6d4d3d}; planes off #000000)
  PASS depth.entities_at_seam - view on +2 centred on (2,2), display (249.5,251.5) (wrapped); +1 plane level 1: item (1,1) drawn at (384,312); item (253,1) drawn at (192,312); item (1,253) drawn at (384,120); item (253,253) drawn at (192,120); wall face (254,4) drawn at (240,456); wall face (4,254) drawn at (528,168); unit (3,3) drawn at (480,408)
  PASS depth.canvases_freed - 4 canvas layers in use, 4 canvases made since boot, 0 destroyed, 0 pooled, after 4 level switches (want 4 / 4 / 0 / 0)
  PASS depth.hotkey_free - keyMapper[118] (F7) is undefined: the preset hotkey is gone and the key is free
  PASS depth.no_errors - none
required checks: 27/27 PASS

RESULT: all required checks passed (exit 0)
--- raw output P4: node C:\Users\snewt\AppData\Local\Temp\lanek-fix1-eb446e06-det2\tools\test_layer_render_flat.js --suite depth ---
=== DEUS_Depth suite "depth" (WG.00.09b Lane K) ===
run: RESULT: 27 passed, 0 failed (exit 0) in 40.5 s (snapshot exit 0); snapshot C:\Users\snewt\AppData\Local\Temp\uf_snapshots\lanek_depth_10656_1790416777156 (deleted)
  PASS depth.preconditions - world true, levels true, view 0, surface grid true, screen 816x624, world seed 1117155383
  PASS depth.proof_scene - fixture scene centred at (184,184) in area (0,0), world seed 1117155383: 144 columns x 5 levels (539 cell(s) written, 181 already as specified), 112 ground tile(s) set (meadow, tile 2816), 104 object(s) cleared, 5845 ms; 0 refused, 0 cell(s) not as specified; hole (179,181), deck 3 cells from (182,182)
  PASS depth.planes_present - view 2; depth 1 -> level 1, 1 paint(s), 55956 opaque samples; depth 2 -> level 0, 1 paint(s), 50323 opaque samples; last paint 7.2 ms, last peek 0.0 ms
  PASS depth.repaint_cost - 4 of 4 refreshes of one 912x720 plane repainted it by the next frame; repaint times 7.2 / 1.9 / 3.3 / 1.2 / 1.2 ms (reported, not gated: wall-clock time, this machine, nw.exe harness)
  PASS depth.projection_origin - centre -> (408,312) want (408,312); left edge -> (0,312) want (0,312) (identity, DEC-011); plane scale 1
  PASS depth.exposure_by_upper_geometry - floor cell (188,181) unchanged by the planes; open cell (181,180) shows the level below
  SHOT C:\Users\snewt\AppData\Local\Temp\uf_snapshots\lanek_depth_10656_1790416777156\test_output\depth.planes_only_plus2.png
  SHOT C:\Users\snewt\AppData\Local\Temp\uf_snapshots\lanek_depth_10656_1790416777156\test_output\depth.planes_only_plus2_tiles.png
  SHOT C:\Users\snewt\AppData\Local\Temp\uf_snapshots\lanek_depth_10656_1790416777156\test_output\depth.canvas_depth1.png
  SHOT C:\Users\snewt\AppData\Local\Temp\uf_snapshots\lanek_depth_10656_1790416777156\test_output\depth.canvas_depth2.png
  PASS depth.mask_order - deck cell (183,182) at screen (384,240): drawn #d89a55, depth 1 texels {#351d16 #492a19 #d89a55 #8e4d30}, ground texel under it #71864d/255
  PASS depth.depth2_through_depth1 - low ground (188,186) at screen (624,432): drawn #71864d/255, ground texel #71864d/255, ground texels {#71864d}, depth 1 alpha there 0; under the hole (179,181) the ground draws #71864d/255 (tiles 2816/0/0)
  PASS depth.entities_drawn - fixtures: oak placed at (177,180), item stone x3 at (178,181), unit added; +1 plane draws 1 object(s), 1 unit(s), 1 item stack(s), 93 wall/ramp frame(s); item sheet !$UF_Item_Stone ready true, tracked by the plane true, visible true; unit at (180,182) probed at screen (240,244): drawn (#fbdcc8 vs #35312d without units)
  PASS depth.crisp_nearest - 33792 opaque samples, 0 colour(s) not in the 53-colour source set; smooth false, baseTexture scaleMode 0 (0 nearest, 1 linear), sprite texture is the bitmap's, plane at (-24,-24)
  PASS depth.parallax_bounded - edge shift measured depth 1 0 px, depth 2 0 px (want 0); a pan of 2 tiles moved a low-ground point on depth 1 from x 624 to 528 (-96 px, want -96); the point under the centre stays at x 408; display back at 175.5 (was 175.5)
  PASS depth.tunables_take_effect - maxDepth 1 [1:1 2:-] void true; maxDepth 2 [1:1 2:0]; enabled false [1:- 2:-] void false; enabled true [1:1 2:0] void true
  PASS depth.no_filters_any_state - maxDepth 1: none; maxDepth 2: none; off: none; on: none; entities off: none; entities on: none
  PASS depth.one_level_below - maxDepth 1: depth 1 level 1, depth 2 hidden, void shown
  PASS depth.void_beyond - low ground (188,186) at screen (624,432): planes render #08080c/255, screen #08080c, void #08080c
  PASS depth.no_blends - 0 of 33792 sampled pixels are blends (want 0)
  PASS depth.flat_transform - depth 1 scale 1 at (-24,-24) filters [] entities [] alpha 1; depth 2 scale 1 at (-24,-24) filters [] entities [] alpha 1; blur/colour filters in the subtree: none; active tilemap scale 1, filters none, alpha 1; terrace pixel #352d24, its source texel #352d24/255
  PASS depth.entities_inherit_treatment - unit sprite in the +1 plane: child of the plane, world scale 1 x 1, filters on it and its 3 container(s): none; tint #ffffff (the unit's own)
  PASS depth.visual_settings_no_physics - unchanged: {"unit":{"x":180,"y":182,"z":1},"shapeUnit":"floor","shapeChain":"open","walkChain":false,"walkUnit":true,"objects":1}
  PASS depth.config_deterministic - the same after maxDepth 1 / 0 / 2 and off / on: {"describe":"2 level(s) below, drawn 1:1 (DEC-011), void #08080c","planes":[{"z":1,"visible":true,"x":-24,"y":-24,"scale":1,"alpha":1,"filters":[]},{"z":0,"visible":true,"x":-24,"y":-24,"scale":1,"alpha":1,"filters":[]}]}
  PASS depth.planes_cost - sampled 2 x 60 frames per condition: planes off none shown in every frame, on both bound in every frame; reported, not gated: GL renderer "ANGLE (NVIDIA GeForce RTX 4060 Laptop GPU Direct3D11 vs_5_0 ps_5_0)"; median engine tick (update + render submit): planes off 1.8 ms, on 2.4 ms (the planes +0.7 ms); median frame intervals off 16, on 16 ms; worst tick off 5.0, on 4.6 ms; this machine, nw.exe harness, simulation paused
  SHOT C:\Users\snewt\AppData\Local\Temp\uf_snapshots\lanek_depth_10656_1790416777156\test_output\depth.plus2_off.png
  SHOT C:\Users\snewt\AppData\Local\Temp\uf_snapshots\lanek_depth_10656_1790416777156\test_output\depth.plus2_flat.png
  SHOT C:\Users\snewt\AppData\Local\Temp\uf_snapshots\lanek_depth_10656_1790416777156\test_output\depth.plus1_off.png
  SHOT C:\Users\snewt\AppData\Local\Temp\uf_snapshots\lanek_depth_10656_1790416777156\test_output\depth.plus1_flat.png
  PASS depth.screenshots_written - depth.plus2_off.png 252398 B, depth.plus2_flat.png 113669 B, depth.plus1_off.png 199647 B, depth.plus1_flat.png 91946 B
  PASS depth.ground_draws_through_openings - view 0, depth 1 -> -1, depth 2 -> -2, void shown; floor ground cell (182,183) unchanged by the planes (its own art's lowest alpha 255); open cell (185,183) over the -2 floor draws #6d4d3d (planes #6d4d3d, -2 texels {#553d31 #6d4d3d}, -1 alpha 0; planes off #000000); open cell (183,183) over the -1 floor draws #6d4d3d (-1 texels {#553d31 #6d4d3d}; planes off #000000)
  PASS depth.entities_at_seam - view on +2 centred on (2,2), display (249.5,251.5) (wrapped); +1 plane level 1: item (1,1) drawn at (384,312); item (253,1) drawn at (192,312); item (1,253) drawn at (384,120); item (253,253) drawn at (192,120); wall face (254,4) drawn at (240,456); wall face (4,254) drawn at (528,168); unit (3,3) drawn at (480,408)
  PASS depth.canvases_freed - 4 canvas layers in use, 4 canvases made since boot, 0 destroyed, 0 pooled, after 4 level switches (want 4 / 4 / 0 / 0)
  PASS depth.hotkey_free - keyMapper[118] (F7) is undefined: the preset hotkey is gone and the key is free
  PASS depth.no_errors - none
required checks: 27/27 PASS

RESULT: all required checks passed (exit 0)
=== every run exited 0 ===
