=== determinism_runs 2026-09-26T11:21:05.175Z 3 consecutive run(s); cwd C:\Users\snewt\AppData\Local\Temp\lanek-fix2-c2184c94-g1; git HEAD c2184c949650765a4fe8237eccc09c9106537e86 ===
RUN 1 | node tools/test_layer_render_flat.js | load at start: CPU 13.8 % (3 s), AI workers 2, nw.exe 0 (2026-09-26T11:21:05.193Z) | EXIT=0 DURATION_MS=28289 | RESULT: all required checks passed (exit 0) | required checks: 12/12 PASS | passed 12, failed 0 | world seed 1535928102
--- raw output run 1 ---
=== DEUS_Depth suite "layers_flat" (WG.00.09b Lane K) ===
run: RESULT: 12 passed, 0 failed (exit 0) in 28.2 s (snapshot exit 0); snapshot C:\Users\snewt\AppData\Local\Temp\uf_snapshots\lanek_layers_flat_23432_1790421668594 (deleted)
  PASS layers_flat.preconditions - world true, levels true, view 0, screen 816x624, world seed 1535928102
  PASS layers_flat.fixtures - fixture scene centred at (200,168) in area (0,0), world seed 1535928102: 144 columns x 5 levels (396 cell(s) written, 324 already as specified), 112 ground tile(s) set (meadow, tile 2816), 60 object(s) cleared, 3531 ms; 0 refused, 0 cell(s) not as specified; cut 6 cells from (199,167), -1 floor (199,167); unit A (197,165) +1; unit B (199,167) -1
  PASS layers_flat.flat_position - before the pan depth 1 off by (0,0), depth 2 off by (0,0); after a 2-tile pan depth 1 off by (0,0), depth 2 off by (0,0) (want 0 px); unit A drawn at (288,216) for its cell's foot (288,216)
  PASS layers_flat.flat_crisp - 48320 opaque samples of the +2 planes' tile render, 0 colour(s) not in the 62-colour source set
  PASS layers_flat.unit_step_same_frame - step (197,165) -> (198,165) in frame 123, tick 80: sprite target 198,165 set in frame 123, walk from tick 80; 8 frame(s) drawn 1..15 ticks after it, each between the cells; 2 frame(s) drawn 16+ ticks after it, each on the new cell's foot (336,216); walk frames shown: true (columns 1/2, stand 1); reported, not gated: first drawn on the new cell 17 tick(s), 17 frame update(s) after the step (bound 16 ticks); unit E outside the window at x 212, stepped to (211,168) in frame 153: sprite made in frame 153
  PASS layers_flat.scan_candidates_only - 740 unit(s) tested per frame; 740 on the planes' levels, 1115 in the world; candidate lists made 7 time(s) since boot
  PASS layers_flat.item_change_scoped - before [{"items":false,"all":false,"objects":false},{"items":false,"all":false,"objects":false}]; a stone given to unit A (held): [{"items":false,"all":false,"objects":false},{"items":false,"all":false,"objects":false}]; a stone on the ground of level 1 at (198,165): [{"items":true,"all":false,"objects":false},{"items":false,"all":false,"objects":false}]
  SHOT C:\Users\snewt\AppData\Local\Temp\uf_snapshots\lanek_layers_flat_23432_1790421668594\test_output\layers_flat.ground_off.png
  SHOT C:\Users\snewt\AppData\Local\Temp\uf_snapshots\lanek_layers_flat_23432_1790421668594\test_output\layers_flat.ground_flat.png
  SHOT C:\Users\snewt\AppData\Local\Temp\uf_snapshots\lanek_layers_flat_23432_1790421668594\test_output\layers_flat.minus1_off.png
  SHOT C:\Users\snewt\AppData\Local\Temp\uf_snapshots\lanek_layers_flat_23432_1790421668594\test_output\layers_flat.minus1_flat.png
  PASS layers_flat.every_view_sees_through - +2: open cell (199,167) draws #08080c, planes #08080c/255, planes off #000000; floor cell (204,165) unchanged (#352d24 / #352d24 planes off); planes on levels [1, 0]; +1: open cell (199,167) draws #35312d, planes #35312d/255, planes off #000000; floor cell (196,164) unchanged (#352d24 / #352d24 planes off); planes on levels [0, -1]; Ground: open cell (199,167) draws #35312d, planes #35312d/255, planes off #000000; floor cell (198,167) unchanged (#71864d / #71864d planes off); planes on levels [-1, -2]; -1: open cell (200,167) draws #35312d, planes #35312d/255, planes off #000000; solid cell (198,167) unchanged (#573a07 / #573a07 planes off); planes on levels [-2]
  PASS layers_flat.flat_no_filters - plus2: planes on levels [1, 0], flat; plus1: planes on levels [0, -1], flat
  PASS layers_flat.switch_same_frame - switches 0->2 2->1 1->0 0->-1 -1->0: 0->2 at levels:viewChanged (frame 86): planes 1:shown painted since bound (3 paint(s)), 0:shown painted since bound (3 paint(s)); 1 unit(s) in the window, all with a frame on their cell; first drawn frame (frame 87): planes 1:shown painted since bound (3 paint(s)), 0:shown painted since bound (3 paint(s)); 1 unit(s) in the window, all with a frame on their cell; 2->1 at levels:viewChanged (frame 180): planes 0:shown painted since bound (11 paint(s)), -1:shown painted since bound (11 paint(s)); 1 unit(s) in the window, all with a frame on their cell; first drawn frame (frame 180): planes 0:shown painted since bound (11 paint(s)), -1:shown painted since bound (11 paint(s)); 1 unit(s) in the window, all with a frame on their cell; 1->0 at levels:viewChanged (frame 201): planes -1:shown painted since bound (15 paint(s)), -2:shown painted since bound (15 paint(s)); 1 unit(s) in the window, all with a frame on their cell; first drawn frame (frame 201): planes -1:shown painted since bound (15 paint(s)), -2:shown painted since bound (15 paint(s)); 1 unit(s) in the window, all with a frame on their cell; 0->-1 at levels:viewChanged (frame 228): planes -2:shown painted since bound (20 paint(s)); 0 unit(s) in the window, all with a frame on their cell; first drawn frame (frame 228): planes -2:shown painted since bound (20 paint(s)); 0 unit(s) in the window, all with a frame on their cell; -1->0 at levels:viewChanged (frame 255): planes -1:shown painted since bound (25 paint(s)), -2:shown painted since bound (20 paint(s)); 1 unit(s) in the window, all with a frame on their cell; first drawn frame (frame 255): planes -1:shown painted since bound (25 paint(s)), -2:shown painted since bound (20 paint(s)); 1 unit(s) in the window, all with a frame on their cell
  PASS layers_flat.screenshots_written - layers_flat.ground_off.png 64000 B, layers_flat.ground_flat.png 70147 B, layers_flat.minus1_off.png 113330 B, layers_flat.minus1_flat.png 114650 B
  PASS layers_flat.no_errors - none
required checks: 12/12 PASS

RESULT: all required checks passed (exit 0)
RUN 2 | node tools/test_layer_render_flat.js | load at start: CPU 14.4 % (3 s), AI workers 2, nw.exe 0 (2026-09-26T11:21:36.834Z) | EXIT=0 DURATION_MS=33499 | RESULT: all required checks passed (exit 0) | required checks: 12/12 PASS | passed 12, failed 0 | world seed 1899970059
--- raw output run 2 ---
=== DEUS_Depth suite "layers_flat" (WG.00.09b Lane K) ===
run: RESULT: 12 passed, 0 failed (exit 0) in 33.4 s (snapshot exit 0); snapshot C:\Users\snewt\AppData\Local\Temp\uf_snapshots\lanek_layers_flat_5000_1790421700190 (deleted)
  PASS layers_flat.preconditions - world true, levels true, view 0, screen 816x624, world seed 1899970059
  PASS layers_flat.fixtures - fixture scene centred at (176,176) in area (0,0), world seed 1899970059: 144 columns x 5 levels (577 cell(s) written, 143 already as specified), 112 ground tile(s) set (meadow, tile 2816), 37 object(s) cleared, 5224 ms; 0 refused, 0 cell(s) not as specified; cut 6 cells from (175,175), -1 floor (175,175); unit A (173,173) +1; unit B (175,175) -1
  PASS layers_flat.flat_position - before the pan depth 1 off by (0,0), depth 2 off by (0,0); after a 2-tile pan depth 1 off by (0,0), depth 2 off by (0,0) (want 0 px); unit A drawn at (288,216) for its cell's foot (288,216)
  PASS layers_flat.flat_crisp - 33792 opaque samples of the +2 planes' tile render, 0 colour(s) not in the 62-colour source set
  PASS layers_flat.unit_step_same_frame - step (173,173) -> (174,173) in frame 109, tick 69: sprite target 174,173 set in frame 109, walk from tick 69; 11 frame(s) drawn 1..15 ticks after it, each between the cells; 2 frame(s) drawn 16+ ticks after it, each on the new cell's foot (336,216); walk frames shown: true (columns 1/2, stand 1); reported, not gated: first drawn on the new cell 17 tick(s), 17 frame update(s) after the step (bound 16 ticks); unit E outside the window at x 188, stepped to (187,176) in frame 139: sprite made in frame 139
  PASS layers_flat.scan_candidates_only - 692 unit(s) tested per frame; 692 on the planes' levels, 1187 in the world; candidate lists made 7 time(s) since boot
  PASS layers_flat.item_change_scoped - before [{"items":false,"all":false,"objects":false},{"items":false,"all":false,"objects":false}]; a stone given to unit A (held): [{"items":false,"all":false,"objects":false},{"items":false,"all":false,"objects":false}]; a stone on the ground of level 1 at (174,173): [{"items":true,"all":false,"objects":false},{"items":false,"all":false,"objects":false}]
  SHOT C:\Users\snewt\AppData\Local\Temp\uf_snapshots\lanek_layers_flat_5000_1790421700190\test_output\layers_flat.ground_off.png
  SHOT C:\Users\snewt\AppData\Local\Temp\uf_snapshots\lanek_layers_flat_5000_1790421700190\test_output\layers_flat.ground_flat.png
  SHOT C:\Users\snewt\AppData\Local\Temp\uf_snapshots\lanek_layers_flat_5000_1790421700190\test_output\layers_flat.minus1_off.png
  SHOT C:\Users\snewt\AppData\Local\Temp\uf_snapshots\lanek_layers_flat_5000_1790421700190\test_output\layers_flat.minus1_flat.png
  PASS layers_flat.every_view_sees_through - +2: open cell (175,175) draws #08080c, planes #08080c/255, planes off #000000; floor cell (180,173) unchanged (#352d24 / #352d24 planes off); planes on levels [1, 0]; +1: open cell (175,175) draws #6d4d3d, planes #6d4d3d/255, planes off #000000; floor cell (172,172) unchanged (#352d24 / #352d24 planes off); planes on levels [0, -1]; Ground: open cell (175,175) draws #6d4d3d, planes #6d4d3d/255, planes off #000000; floor cell (174,175) unchanged (#71864d / #71864d planes off); planes on levels [-1, -2]; -1: open cell (176,175) draws #6d4d3d, planes #6d4d3d/255, planes off #000000; solid cell (174,175) unchanged (#573a07 / #573a07 planes off); planes on levels [-2]
  PASS layers_flat.flat_no_filters - plus2: planes on levels [1, 0], flat; plus1: planes on levels [0, -1], flat
  PASS layers_flat.switch_same_frame - switches 0->2 2->1 1->0 0->-1 -1->0: 0->2 at levels:viewChanged (frame 83): planes 1:shown painted since bound (3 paint(s)), 0:shown painted since bound (3 paint(s)); 1 unit(s) in the window, all with a frame on their cell; first drawn frame (frame 84): planes 1:shown painted since bound (3 paint(s)), 0:shown painted since bound (3 paint(s)); 1 unit(s) in the window, all with a frame on their cell; 2->1 at levels:viewChanged (frame 167): planes 0:shown painted since bound (11 paint(s)), -1:shown painted since bound (11 paint(s)); 1 unit(s) in the window, all with a frame on their cell; first drawn frame (frame 167): planes 0:shown painted since bound (11 paint(s)), -1:shown painted since bound (11 paint(s)); 1 unit(s) in the window, all with a frame on their cell; 1->0 at levels:viewChanged (frame 188): planes -1:shown painted since bound (15 paint(s)), -2:shown painted since bound (15 paint(s)); 1 unit(s) in the window, all with a frame on their cell; first drawn frame (frame 188): planes -1:shown painted since bound (15 paint(s)), -2:shown painted since bound (15 paint(s)); 1 unit(s) in the window, all with a frame on their cell; 0->-1 at levels:viewChanged (frame 215): planes -2:shown painted since bound (20 paint(s)); 0 unit(s) in the window, all with a frame on their cell; first drawn frame (frame 215): planes -2:shown painted since bound (20 paint(s)); 0 unit(s) in the window, all with a frame on their cell; -1->0 at levels:viewChanged (frame 242): planes -1:shown painted since bound (25 paint(s)), -2:shown painted since bound (20 paint(s)); 1 unit(s) in the window, all with a frame on their cell; first drawn frame (frame 242): planes -1:shown painted since bound (25 paint(s)), -2:shown painted since bound (20 paint(s)); 1 unit(s) in the window, all with a frame on their cell
  PASS layers_flat.screenshots_written - layers_flat.ground_off.png 61470 B, layers_flat.ground_flat.png 65422 B, layers_flat.minus1_off.png 106018 B, layers_flat.minus1_flat.png 106650 B
  PASS layers_flat.no_errors - none
required checks: 12/12 PASS

RESULT: all required checks passed (exit 0)
RUN 3 | node tools/test_layer_render_flat.js | load at start: CPU 12.6 % (3 s), AI workers 2, nw.exe 0 (2026-09-26T11:22:13.660Z) | EXIT=0 DURATION_MS=33845 | RESULT: all required checks passed (exit 0) | required checks: 12/12 PASS | passed 12, failed 0 | world seed 355984856
--- raw output run 3 ---
=== DEUS_Depth suite "layers_flat" (WG.00.09b Lane K) ===
run: RESULT: 12 passed, 0 failed (exit 0) in 33.8 s (snapshot exit 0); snapshot C:\Users\snewt\AppData\Local\Temp\uf_snapshots\lanek_layers_flat_9444_1790421737005 (deleted)
  PASS layers_flat.preconditions - world true, levels true, view 0, screen 816x624, world seed 355984856
  PASS layers_flat.fixtures - fixture scene centred at (184,200) in area (0,0), world seed 355984856: 144 columns x 5 levels (556 cell(s) written, 164 already as specified), 112 ground tile(s) set (meadow, tile 2816), 91 object(s) cleared, 4836 ms; 0 refused, 0 cell(s) not as specified; cut 6 cells from (183,199), -1 floor (183,199); unit A (181,197) +1; unit B (183,199) -1
  PASS layers_flat.flat_position - before the pan depth 1 off by (0,0), depth 2 off by (0,0); after a 2-tile pan depth 1 off by (0,0), depth 2 off by (0,0) (want 0 px); unit A drawn at (288,216) for its cell's foot (288,216)
  PASS layers_flat.flat_crisp - 33792 opaque samples of the +2 planes' tile render, 0 colour(s) not in the 72-colour source set
  PASS layers_flat.unit_step_same_frame - step (181,197) -> (182,197) in frame 123, tick 78: sprite target 182,197 set in frame 123, walk from tick 78; 8 frame(s) drawn 1..15 ticks after it, each between the cells; 2 frame(s) drawn 16+ ticks after it, each on the new cell's foot (336,216); walk frames shown: true (columns 1/2, stand 1); reported, not gated: first drawn on the new cell 17 tick(s), 17 frame update(s) after the step (bound 16 ticks); unit E outside the window at x 196, stepped to (195,200) in frame 153: sprite made in frame 153
  PASS layers_flat.scan_candidates_only - 764 unit(s) tested per frame; 764 on the planes' levels, 1280 in the world; candidate lists made 7 time(s) since boot
  PASS layers_flat.item_change_scoped - before [{"items":false,"all":false,"objects":false},{"items":false,"all":false,"objects":false}]; a stone given to unit A (held): [{"items":false,"all":false,"objects":false},{"items":false,"all":false,"objects":false}]; a stone on the ground of level 1 at (182,197): [{"items":true,"all":false,"objects":false},{"items":false,"all":false,"objects":false}]
  SHOT C:\Users\snewt\AppData\Local\Temp\uf_snapshots\lanek_layers_flat_9444_1790421737005\test_output\layers_flat.ground_off.png
  SHOT C:\Users\snewt\AppData\Local\Temp\uf_snapshots\lanek_layers_flat_9444_1790421737005\test_output\layers_flat.ground_flat.png
  SHOT C:\Users\snewt\AppData\Local\Temp\uf_snapshots\lanek_layers_flat_9444_1790421737005\test_output\layers_flat.minus1_off.png
  SHOT C:\Users\snewt\AppData\Local\Temp\uf_snapshots\lanek_layers_flat_9444_1790421737005\test_output\layers_flat.minus1_flat.png
  PASS layers_flat.every_view_sees_through - +2: open cell (183,199) draws #08080c, planes #08080c/255, planes off #000000; floor cell (188,197) unchanged (#352d24 / #352d24 planes off); planes on levels [1, 0]; +1: open cell (183,199) draws #352d24, planes #352d24/255, planes off #000000; floor cell (180,196) unchanged (#352d24 / #352d24 planes off); planes on levels [0, -1]; Ground: open cell (183,199) draws #352d24, planes #352d24/255, planes off #000000; floor cell (182,199) unchanged (#71864d / #71864d planes off); planes on levels [-1, -2]; -1: open cell (184,199) draws #352d24, planes #352d24/255, planes off #000000; solid cell (182,199) unchanged (#573a07 / #573a07 planes off); planes on levels [-2]
  PASS layers_flat.flat_no_filters - plus2: planes on levels [1, 0], flat; plus1: planes on levels [0, -1], flat
  PASS layers_flat.switch_same_frame - switches 0->2 2->1 1->0 0->-1 -1->0: 0->2 at levels:viewChanged (frame 88): planes 1:shown painted since bound (3 paint(s)), 0:shown painted since bound (3 paint(s)); 1 unit(s) in the window, all with a frame on their cell; first drawn frame (frame 89): planes 1:shown painted since bound (3 paint(s)), 0:shown painted since bound (3 paint(s)); 1 unit(s) in the window, all with a frame on their cell; 2->1 at levels:viewChanged (frame 180): planes 0:shown painted since bound (11 paint(s)), -1:shown painted since bound (11 paint(s)); 1 unit(s) in the window, all with a frame on their cell; first drawn frame (frame 180): planes 0:shown painted since bound (11 paint(s)), -1:shown painted since bound (11 paint(s)); 1 unit(s) in the window, all with a frame on their cell; 1->0 at levels:viewChanged (frame 201): planes -1:shown painted since bound (15 paint(s)), -2:shown painted since bound (15 paint(s)); 1 unit(s) in the window, all with a frame on their cell; first drawn frame (frame 201): planes -1:shown painted since bound (15 paint(s)), -2:shown painted since bound (15 paint(s)); 1 unit(s) in the window, all with a frame on their cell; 0->-1 at levels:viewChanged (frame 228): planes -2:shown painted since bound (20 paint(s)); 0 unit(s) in the window, all with a frame on their cell; first drawn frame (frame 228): planes -2:shown painted since bound (20 paint(s)); 0 unit(s) in the window, all with a frame on their cell; -1->0 at levels:viewChanged (frame 255): planes -1:shown painted since bound (25 paint(s)), -2:shown painted since bound (20 paint(s)); 1 unit(s) in the window, all with a frame on their cell; first drawn frame (frame 255): planes -1:shown painted since bound (25 paint(s)), -2:shown painted since bound (20 paint(s)); 1 unit(s) in the window, all with a frame on their cell
  PASS layers_flat.screenshots_written - layers_flat.ground_off.png 65987 B, layers_flat.ground_flat.png 71869 B, layers_flat.minus1_off.png 121260 B, layers_flat.minus1_flat.png 123059 B
  PASS layers_flat.no_errors - none
required checks: 12/12 PASS

RESULT: all required checks passed (exit 0)
=== every run exited 0 ===
