$ git -C C:\Users\snewt\AppData\Local\Temp\deus-lane-y-gate diff   (the deliberate break)
diff --git a/tools/test_palette.js b/tools/test_palette.js
index 0ba377bf..ecd97dcb 100644
--- a/tools/test_palette.js
+++ b/tools/test_palette.js
@@ -1,3 +1,4 @@
+console.error("OPS.30.01 deliberate break"); process.exit(1);
 const fs = require('fs');
 const path = require('path');
 const { writePNG } = require('./png_util');
$ node tools/ops/run_gate.js --root C:\Users\snewt\AppData\Local\Temp\deus-lane-y-gate   (runner at 7c38950effd94977b4b3f7bc6ddd2d471460a319)
run_gate: gate mode, 9 suites from C:\Users\snewt\AppData\Local\Temp\deus-lane-y-gate\tools\ops\gate_tests.json, root C:\Users\snewt\AppData\Local\Temp\deus-lane-y-gate, HEAD 425b594c146d5f353c10faa11f4b5d47f499b45f, timeout 600 s each, one at a time
GATE tools/check_deus_syntax.js EXIT=0 2989ms
GATE tools/test_palette.js EXIT=1 38ms FAIL_OTHER
    | decided by other: OPS.30.01 deliberate break
    | OPS.30.01 deliberate break
GATE tools/governance/test_check_claims.js EXIT=0 130924ms
GATE tools/test_strata_cuts_and_caves.js EXIT=0 167730ms
GATE tools/test_new_game_year0.js EXIT=0 13677ms
GATE tools/test_history_materialization_and_world_age.js EXIT=0 94146ms
GATE tools/test_historical_carrying_capacity.js EXIT=0 17291ms
GATE tools/test_geology_strata.js EXIT=0 15343ms
GATE tools/test_strata_foundation.js EXIT=0 85222ms
LEFTOVERS: none
RESULT: 8 passed, 1 failed
EXIT=1
