=== DEUS_Depth suite "layers_flat" (WG.00.09b Lane K) ===
run: RESULT: 11 passed, 1 failed (exit 1) in 30.7 s (snapshot exit 1); snapshot C:\Users\snewt\AppData\Local\Temp\uf_snapshots\lanek_layers_flat_22972_1790420665313 (deleted)
  PASS layers_flat.preconditions - world true, levels true, view 0, screen 816x624, world seed 288123541
  PASS layers_flat.fixtures - fixture scene centred at (176,176) in area (0,0), world seed 288123541: 144 columns x 5 levels (225 cell(s) written, 495 already as specified), 71 ground tile(s) set (meadow, tile 2816), 119 object(s) cleared, 2556 ms; 0 refused, 0 cell(s) not as specified; cut 6 cells from (175,175), -1 floor (175,175); unit A (173,173) +1; unit B (175,175) -1
  PASS layers_flat.flat_position - before the pan depth 1 off by (0,0), depth 2 off by (0,0); after a 2-tile pan depth 1 off by (0,0), depth 2 off by (0,0) (want 0 px); unit A drawn at (288,216) for its cell's foot (288,216)
  PASS layers_flat.flat_crisp - 53504 opaque samples of the +2 planes' tile render, 0 colour(s) not in the 65-colour source set
  PASS layers_flat.unit_step_same_frame - step (173,173) -> (174,173) in frame 115, tick 71: sprite target 174,173 set in frame 115, walk from tick 71; 7 frame(s) drawn 1..15 ticks after it, each between the cells; 2 frame(s) drawn 16+ ticks after it, each on the new cell's foot (336,216); walk frames shown: true (columns 1/2, stand 1); reported, not gated: first drawn on the new cell 16 tick(s), 16 frame update(s) after the step (bound 16 ticks); unit E outside the window at x 188, stepped to (187,176) in frame 145: sprite made in frame 145
  PASS layers_flat.scan_candidates_only - 700 unit(s) tested per frame; 700 on the planes' levels, 1169 in the world; candidate lists made 7 time(s) since boot
  PASS layers_flat.item_change_scoped - before [{"items":false,"all":false,"objects":false},{"items":false,"all":false,"objects":false}]; a stone given to unit A (held): [{"items":false,"all":false,"objects":false},{"items":false,"all":false,"objects":false}]; a stone on the ground of level 1 at (174,173): [{"items":true,"all":false,"objects":false},{"items":false,"all":false,"objects":false}]
  SHOT C:\Users\snewt\AppData\Local\Temp\uf_snapshots\lanek_layers_flat_22972_1790420665313\test_output\layers_flat.ground_off.png
  SHOT C:\Users\snewt\AppData\Local\Temp\uf_snapshots\lanek_layers_flat_22972_1790420665313\test_output\layers_flat.ground_flat.png
  SHOT C:\Users\snewt\AppData\Local\Temp\uf_snapshots\lanek_layers_flat_22972_1790420665313\test_output\layers_flat.minus1_off.png
  SHOT C:\Users\snewt\AppData\Local\Temp\uf_snapshots\lanek_layers_flat_22972_1790420665313\test_output\layers_flat.minus1_flat.png
  PASS layers_flat.every_view_sees_through - +2: open cell (175,175) draws #08080c, planes #08080c/255, planes off #000000; floor cell (180,173) unchanged (#352d24 / #352d24 planes off); planes on levels [1, 0]; +1: open cell (175,175) draws #35312d, planes #35312d/255, planes off #000000; floor cell (172,172) unchanged (#352d24 / #352d24 planes off); planes on levels [0, -1]; Ground: open cell (175,175) draws #35312d, planes #35312d/255, planes off #000000; floor cell (174,175) unchanged (#71864d / #71864d planes off); planes on levels [-1, -2]; -1: open cell (176,175) draws #352d24, planes #352d24/255, planes off #000000; solid cell (174,175) unchanged (#573a07 / #573a07 planes off); planes on levels [-2]
  PASS layers_flat.flat_no_filters - plus2: planes on levels [1, 0], flat; plus1: planes on levels [0, -1], flat
  FAIL layers_flat.switch_same_frame - switches 0->2 2->1 1->0 0->-1 -1->0: 0->2 at levels:viewChanged (frame 86): planes 1:shown NOT PAINTED since bound (2 paint(s)), 0:shown NOT PAINTED since bound (2 paint(s)) (want levels [1, 0], shown and painted); 1 unit(s) in the window, NOT DRAWN ON THEIR CELL: TEST_flat_A#5337@1; first drawn frame (frame 86): planes 1:shown painted since bound (3 paint(s)), 0:shown painted since bound (3 paint(s)); 1 unit(s) in the window, all with a frame on their cell; 2->1 at levels:viewChanged (frame 172): planes 0:shown NOT PAINTED since bound (10 paint(s)), -1:shown NOT PAINTED since bound (10 paint(s)) (want levels [0, -1], shown and painted); 1 unit(s) in the window, NOT DRAWN ON THEIR CELL: TEST_flat_B#5338@-1; first drawn frame (frame 172): planes 0:shown painted since bound (11 paint(s)), -1:shown painted since bound (11 paint(s)); 1 unit(s) in the window, all with a frame on their cell; 1->0 at levels:viewChanged (frame 193): planes -1:shown NOT PAINTED since bound (14 paint(s)), -2:shown NOT PAINTED since bound (14 paint(s)) (want levels [-1, -2], shown and painted); 1 unit(s) in the window, NOT DRAWN ON THEIR CELL: TEST_flat_B#5338@-1; first drawn frame (frame 193): planes -1:shown painted since bound (15 paint(s)), -2:shown painted since bound (15 paint(s)); 1 unit(s) in the window, all with a frame on their cell; 0->-1 at levels:viewChanged (frame 220): planes -2:shown NOT PAINTED since bound (19 paint(s)) (want levels [-2], shown and painted); 0 unit(s) in the window, all with a frame on their cell; first drawn frame (frame 220): planes -2:shown painted since bound (20 paint(s)); 0 unit(s) in the window, all with a frame on their cell; -1->0 at levels:viewChanged (frame 247): planes -1:shown NOT PAINTED since bound (24 paint(s)), -2:shown NOT PAINTED since bound (19 paint(s)) (want levels [-1, -2], shown and painted); 1 unit(s) in the window, NOT DRAWN ON THEIR CELL: TEST_flat_B#5338@-1; first drawn frame (frame 247): planes -1:shown painted since bound (25 paint(s)), -2:shown painted since bound (20 paint(s)); 1 unit(s) in the window, all with a frame on their cell
  PASS layers_flat.screenshots_written - layers_flat.ground_off.png 65767 B, layers_flat.ground_flat.png 72737 B, layers_flat.minus1_off.png 121478 B, layers_flat.minus1_flat.png 123848 B
  PASS layers_flat.no_errors - none
required checks: 11/12 PASS

RESULT: 2 problem(s), 0 harness problem(s) (exit 1)
EXIT=1 DURATION_MS=30780
