=== DEUS_Depth suite "layers_flat" (WG.00.09b Lane K) ===
run: RESULT: 11 passed, 1 failed (exit 1) in 37.0 s (snapshot exit 1); snapshot C:\Users\snewt\AppData\Local\Temp\uf_snapshots\lanek_layers_flat_30620_1790436431898 (deleted)
  PASS layers_flat.preconditions - world true, levels true, view 0, screen 816x624, world seed 106309424
  PASS layers_flat.fixtures - fixture scene centred at (200,168) in area (0,0), world seed 106309424: 144 columns x 5 levels (351 cell(s) written, 369 already as specified), 130 ground tile(s) set (meadow, tile 2816), 46 object(s) cleared, 3223 ms; 0 refused, 0 cell(s) not as specified; cut 6 cells from (199,167), -1 floor (199,167); unit A (197,165) +1; unit B (199,167) -1
  PASS layers_flat.flat_position - before the pan depth 1 off by (0,0), depth 2 off by (0,0); after a 2-tile pan depth 1 off by (0,0), depth 2 off by (0,0) (want 0 px); unit A drawn at (288,216) for its cell's foot (288,216)
  PASS layers_flat.flat_crisp - 53504 opaque samples of the +2 planes' tile render, 0 colour(s) not in the 62-colour source set
  PASS layers_flat.unit_step_same_frame - step (197,165) -> (198,165) in frame 121, tick 68: sprite target 198,165 set in frame 121, walk from tick 68; 8 frame(s) drawn 1..15 ticks after it, each between the cells; 3 frame(s) drawn 16+ ticks after it, each on the new cell's foot (336,216); walk frames shown: true (columns 1/2, stand 1); reported, not gated: first drawn on the new cell 16 tick(s), 16 frame update(s) after the step (bound 16 ticks); unit E outside the window at x 212, stepped to (211,168) in frame 151: sprite made in frame 151
  PASS layers_flat.scan_candidates_only - 692 unit(s) tested per frame; 692 on the planes' levels, 1184 in the world; candidate lists made 7 time(s) since boot
  PASS layers_flat.item_change_scoped - before [{"items":false,"all":false,"objects":false},{"items":false,"all":false,"objects":false}]; a stone given to unit A (held): [{"items":false,"all":false,"objects":false},{"items":false,"all":false,"objects":false}]; a stone on the ground of level 1 at (198,165): [{"items":true,"all":false,"objects":false},{"items":false,"all":false,"objects":false}]
  SHOT C:\Users\snewt\AppData\Local\Temp\uf_snapshots\lanek_layers_flat_30620_1790436431898\test_output\layers_flat.ground_off.png
  SHOT C:\Users\snewt\AppData\Local\Temp\uf_snapshots\lanek_layers_flat_30620_1790436431898\test_output\layers_flat.ground_flat.png
  SHOT C:\Users\snewt\AppData\Local\Temp\uf_snapshots\lanek_layers_flat_30620_1790436431898\test_output\layers_flat.minus1_off.png
  SHOT C:\Users\snewt\AppData\Local\Temp\uf_snapshots\lanek_layers_flat_30620_1790436431898\test_output\layers_flat.minus1_flat.png
  PASS layers_flat.every_view_sees_through - +2: open cell (199,167) draws #08080c, planes #08080c/255, planes off #000000; floor cell (204,165) unchanged (#352d24 / #352d24 planes off); planes on levels [1, 0]; +1: open cell (199,167) draws #35312d, planes #35312d/255, planes off #000000; floor cell (196,164) unchanged (#352d24 / #352d24 planes off); planes on levels [0, -1]; Ground: open cell (199,167) draws #35312d, planes #35312d/255, planes off #000000; floor cell (198,167) unchanged (#71864d / #71864d planes off); planes on levels [-1, -2]; -1: open cell (200,167) draws #352d24, planes #352d24/255, planes off #000000; solid cell (198,167) unchanged (#573a07 / #573a07 planes off); planes on levels [-2]
  PASS layers_flat.flat_no_filters - plus2: planes on levels [1, 0], flat; plus1: planes on levels [0, -1], flat
  FAIL layers_flat.switch_same_frame - switches 0->2 2->1 1->0 0->-1 -1->0: 0->2 at levels:viewChanged (frame 96): planes 1:shown painted since bound (3 paint(s)), 0:shown painted since bound (3 paint(s)); 1 unit(s) in the window, all with a frame on their cell; first drawn frame (frame 96): planes 1:shown painted since bound (3 paint(s)), 0:shown painted since bound (3 paint(s)); 1 unit(s) in the window, all with a frame on their cell; 2->1 at levels:viewChanged (frame 178): planes 0:shown painted since bound (11 paint(s)), -1:shown painted since bound (11 paint(s)); 1 unit(s) in the window, all with a frame on their cell; first drawn frame (frame 178): planes 0:shown painted since bound (11 paint(s)), -1:shown painted since bound (11 paint(s)); 1 unit(s) in the window, all with a frame on their cell; 1->0 at levels:viewChanged (frame 199): planes -1:shown painted since bound (15 paint(s)), -2:shown painted since bound (15 paint(s)); 1 unit(s) in the window, all with a frame on their cell; first drawn frame (frame 199): planes -1:shown painted since bound (15 paint(s)), -2:shown painted since bound (15 paint(s)); 1 unit(s) in the window, all with a frame on their cell; 0->-1 at levels:viewChanged (frame 226): planes -2:shown painted since bound (20 paint(s)) (want levels [-2, -3], shown and painted); 0 unit(s) in the window, all with a frame on their cell; first drawn frame (frame 226): planes -2:shown painted since bound (20 paint(s)) (want levels [-2, -3], shown and painted); 0 unit(s) in the window, all with a frame on their cell; -1->0 at levels:viewChanged (frame 253): planes -1:shown painted since bound (25 paint(s)), -2:shown painted since bound (20 paint(s)); 1 unit(s) in the window, all with a frame on their cell; first drawn frame (frame 253): planes -1:shown painted since bound (25 paint(s)), -2:shown painted since bound (20 paint(s)); 1 unit(s) in the window, all with a frame on their cell
  PASS layers_flat.screenshots_written - layers_flat.ground_off.png 64568 B, layers_flat.ground_flat.png 71722 B, layers_flat.minus1_off.png 129900 B, layers_flat.minus1_flat.png 132358 B
  PASS layers_flat.no_errors - none
required checks: 1/2 PASS

RESULT: 2 problem(s), 0 harness problem(s) (exit 1)

EXIT=1
