=== DEUS_Depth suite "layers_flat" (WG.00.09b Lane K) ===
run: RESULT: 12 passed, 0 failed (exit 0) in 52.3 s (snapshot exit 0); snapshot C:\Users\snewt\AppData\Local\Temp\uf_snapshots\lanek_layers_flat_26652_1790436289965 (deleted)
  PASS layers_flat.preconditions - world true, levels true, view 0, screen 816x624, world seed 871978360
  PASS layers_flat.fixtures - fixture scene centred at (192,176) in area (0,0), world seed 871978360: 144 columns x 5 levels (626 cell(s) written, 94 already as specified), 112 ground tile(s) set (meadow, tile 2816), 82 object(s) cleared, 8134 ms; 0 refused, 0 cell(s) not as specified; cut 6 cells from (191,175), -1 floor (191,175); unit A (189,173) +1; unit B (191,175) -1
  PASS layers_flat.flat_position - before the pan depth 1 off by (0,0), depth 2 off by (0,0); after a 2-tile pan depth 1 off by (0,0), depth 2 off by (0,0) (want 0 px); unit A drawn at (288,216) for its cell's foot (288,216)
  PASS layers_flat.flat_crisp - 35136 opaque samples of the +2 planes' tile render, 0 colour(s) not in the 57-colour source set
  PASS layers_flat.unit_step_same_frame - step (189,173) -> (190,173) in frame 130, tick 73: sprite target 190,173 set in frame 130, walk from tick 73; 8 frame(s) drawn 1..15 ticks after it, each between the cells; 2 frame(s) drawn 16+ ticks after it, each on the new cell's foot (336,216); walk frames shown: true (columns 1/2, stand 1); reported, not gated: first drawn on the new cell 17 tick(s), 17 frame update(s) after the step (bound 16 ticks); unit E outside the window at x 204, stepped to (203,176) in frame 160: sprite made in frame 160
  PASS layers_flat.scan_candidates_only - 730 unit(s) tested per frame; 730 on the planes' levels, 1252 in the world; candidate lists made 7 time(s) since boot
  PASS layers_flat.item_change_scoped - before [{"items":false,"all":false,"objects":false},{"items":false,"all":false,"objects":false}]; a stone given to unit A (held): [{"items":false,"all":false,"objects":false},{"items":false,"all":false,"objects":false}]; a stone on the ground of level 1 at (190,173): [{"items":true,"all":false,"objects":false},{"items":false,"all":false,"objects":false}]
  SHOT C:\Users\snewt\AppData\Local\Temp\uf_snapshots\lanek_layers_flat_26652_1790436289965\test_output\layers_flat.ground_off.png
  SHOT C:\Users\snewt\AppData\Local\Temp\uf_snapshots\lanek_layers_flat_26652_1790436289965\test_output\layers_flat.ground_flat.png
  SHOT C:\Users\snewt\AppData\Local\Temp\uf_snapshots\lanek_layers_flat_26652_1790436289965\test_output\layers_flat.minus1_off.png
  SHOT C:\Users\snewt\AppData\Local\Temp\uf_snapshots\lanek_layers_flat_26652_1790436289965\test_output\layers_flat.minus1_flat.png
  PASS layers_flat.every_view_sees_through - +2: open cell (191,175) draws #08080c, planes #08080c/255, planes off #000000; floor cell (196,173) unchanged (#352d24 / #352d24 planes off); planes on levels [1, 0]; +1: open cell (191,175) draws #35312d, planes #35312d/255, planes off #000000; floor cell (188,172) unchanged (#352d24 / #352d24 planes off); planes on levels [0, -1]; Ground: open cell (191,175) draws #35312d, planes #35312d/255, planes off #000000; floor cell (190,175) unchanged (#71864d / #71864d planes off); planes on levels [-1, -2]; -1: open cell (192,175) draws #35312d, planes #35312d/255, planes off #000000; solid cell (190,175) unchanged (#573a07 / #573a07 planes off); planes on levels [-2]
  PASS layers_flat.flat_no_filters - plus2: planes on levels [1, 0], flat; plus1: planes on levels [0, -1], flat
  PASS layers_flat.switch_same_frame - switches 0->2 2->1 1->0 0->-1 -1->0: 0->2 at levels:viewChanged (frame 99): planes 1:shown painted since bound (3 paint(s)), 0:shown painted since bound (3 paint(s)); 1 unit(s) in the window, all with a frame on their cell; first drawn frame (frame 100): planes 1:shown painted since bound (3 paint(s)), 0:shown painted since bound (3 paint(s)); 1 unit(s) in the window, all with a frame on their cell; 2->1 at levels:viewChanged (frame 189): planes 0:shown painted since bound (11 paint(s)), -1:shown painted since bound (11 paint(s)); 1 unit(s) in the window, all with a frame on their cell; first drawn frame (frame 189): planes 0:shown painted since bound (11 paint(s)), -1:shown painted since bound (11 paint(s)); 1 unit(s) in the window, all with a frame on their cell; 1->0 at levels:viewChanged (frame 210): planes -1:shown painted since bound (15 paint(s)), -2:shown painted since bound (15 paint(s)); 1 unit(s) in the window, all with a frame on their cell; first drawn frame (frame 210): planes -1:shown painted since bound (15 paint(s)), -2:shown painted since bound (15 paint(s)); 1 unit(s) in the window, all with a frame on their cell; 0->-1 at levels:viewChanged (frame 237): planes -2:shown painted since bound (20 paint(s)); 0 unit(s) in the window, all with a frame on their cell; first drawn frame (frame 237): planes -2:shown painted since bound (20 paint(s)); 0 unit(s) in the window, all with a frame on their cell; -1->0 at levels:viewChanged (frame 264): planes -1:shown painted since bound (25 paint(s)), -2:shown painted since bound (20 paint(s)); 1 unit(s) in the window, all with a frame on their cell; first drawn frame (frame 264): planes -1:shown painted since bound (25 paint(s)), -2:shown painted since bound (20 paint(s)); 1 unit(s) in the window, all with a frame on their cell
  PASS layers_flat.screenshots_written - layers_flat.ground_off.png 63257 B, layers_flat.ground_flat.png 69473 B, layers_flat.minus1_off.png 123346 B, layers_flat.minus1_flat.png 124761 B
  PASS layers_flat.no_errors - none
required checks: 2/2 PASS

RESULT: all required checks passed (exit 0)

EXIT=0
