=== DEUS_Depth suite "layers_flat" (WG.00.09b Lane K) ===
run: RESULT: 12 passed, 0 failed (exit 0) in 40.4 s (snapshot exit 0); snapshot C:\Users\snewt\AppData\Local\Temp\uf_snapshots\lanek_layers_flat_30252_1790436289886 (deleted)
  PASS layers_flat.preconditions - world true, levels true, view 0, screen 816x624, world seed 1437779666
  PASS layers_flat.fixtures - fixture scene centred at (160,184) in area (0,0), world seed 1437779666: 144 columns x 5 levels (465 cell(s) written, 255 already as specified), 112 ground tile(s) set (meadow, tile 2816), 63 object(s) cleared, 6233 ms; 0 refused, 0 cell(s) not as specified; cut 6 cells from (159,183), -1 floor (159,183); unit A (157,181) +1; unit B (159,183) -1
  PASS layers_flat.flat_position - before the pan depth 1 off by (0,0), depth 2 off by (0,0); after a 2-tile pan depth 1 off by (0,0), depth 2 off by (0,0) (want 0 px); unit A drawn at (288,216) for its cell's foot (288,216)
  PASS layers_flat.flat_crisp - 49280 opaque samples of the +2 planes' tile render, 0 colour(s) not in the 62-colour source set
  PASS layers_flat.unit_step_same_frame - step (157,181) -> (158,181) in frame 126, tick 69: sprite target 158,181 set in frame 126, walk from tick 69; 7 frame(s) drawn 1..15 ticks after it, each between the cells; 2 frame(s) drawn 16+ ticks after it, each on the new cell's foot (336,216); walk frames shown: true (columns 1/2, stand 1); reported, not gated: first drawn on the new cell 16 tick(s), 16 frame update(s) after the step (bound 16 ticks); unit E outside the window at x 172, stepped to (171,184) in frame 156: sprite made in frame 156
  PASS layers_flat.scan_candidates_only - 743 unit(s) tested per frame; 743 on the planes' levels, 1230 in the world; candidate lists made 8 time(s) since boot
  PASS layers_flat.item_change_scoped - before [{"items":false,"all":false,"objects":false},{"items":false,"all":false,"objects":false}]; a stone given to unit A (held): [{"items":false,"all":false,"objects":false},{"items":false,"all":false,"objects":false}]; a stone on the ground of level 1 at (158,181): [{"items":true,"all":false,"objects":false},{"items":false,"all":false,"objects":false}]
  SHOT C:\Users\snewt\AppData\Local\Temp\uf_snapshots\lanek_layers_flat_30252_1790436289886\test_output\layers_flat.ground_off.png
  SHOT C:\Users\snewt\AppData\Local\Temp\uf_snapshots\lanek_layers_flat_30252_1790436289886\test_output\layers_flat.ground_flat.png
  SHOT C:\Users\snewt\AppData\Local\Temp\uf_snapshots\lanek_layers_flat_30252_1790436289886\test_output\layers_flat.minus1_off.png
  SHOT C:\Users\snewt\AppData\Local\Temp\uf_snapshots\lanek_layers_flat_30252_1790436289886\test_output\layers_flat.minus1_flat.png
  PASS layers_flat.every_view_sees_through - +2: open cell (159,183) draws #08080c, planes #08080c/255, planes off #000000; floor cell (164,181) unchanged (#352d24 / #352d24 planes off); planes on levels [1, 0]; +1: open cell (159,183) draws #352d24, planes #352d24/255, planes off #000000; floor cell (156,180) unchanged (#352d24 / #352d24 planes off); planes on levels [0, -1]; Ground: open cell (159,183) draws #352d24, planes #352d24/255, planes off #000000; floor cell (158,183) unchanged (#71864d / #71864d planes off); planes on levels [-1, -2]; -1: open cell (160,183) draws #6d4d3d, planes #6d4d3d/255, planes off #000000; solid cell (158,183) unchanged (#573a07 / #573a07 planes off); planes on levels [-2, -3]
  PASS layers_flat.flat_no_filters - plus2: planes on levels [1, 0], flat; plus1: planes on levels [0, -1], flat
  PASS layers_flat.switch_same_frame - switches 0->2 2->1 1->0 0->-1 -1->0: 0->2 at levels:viewChanged (frame 100): planes 1:shown painted since bound (6 paint(s)), 0:shown painted since bound (4 paint(s)); 1 unit(s) in the window, all with a frame on their cell; first drawn frame (frame 101): planes 1:shown painted since bound (6 paint(s)), 0:shown painted since bound (4 paint(s)); 1 unit(s) in the window, all with a frame on their cell; 2->1 at levels:viewChanged (frame 184): planes 0:shown painted since bound (14 paint(s)), -1:shown painted since bound (12 paint(s)); 1 unit(s) in the window, all with a frame on their cell; first drawn frame (frame 184): planes 0:shown painted since bound (14 paint(s)), -1:shown painted since bound (12 paint(s)); 1 unit(s) in the window, all with a frame on their cell; 1->0 at levels:viewChanged (frame 205): planes -1:shown painted since bound (18 paint(s)), -2:shown painted since bound (16 paint(s)); 1 unit(s) in the window, all with a frame on their cell; first drawn frame (frame 205): planes -1:shown painted since bound (18 paint(s)), -2:shown painted since bound (16 paint(s)); 1 unit(s) in the window, all with a frame on their cell; 0->-1 at levels:viewChanged (frame 232): planes -2:shown painted since bound (23 paint(s)), -3:shown painted since bound (21 paint(s)); 0 unit(s) in the window, all with a frame on their cell; first drawn frame (frame 232): planes -2:shown painted since bound (23 paint(s)), -3:shown painted since bound (21 paint(s)); 0 unit(s) in the window, all with a frame on their cell; -1->0 at levels:viewChanged (frame 259): planes -1:shown painted since bound (28 paint(s)), -2:shown painted since bound (26 paint(s)); 1 unit(s) in the window, all with a frame on their cell; first drawn frame (frame 259): planes -1:shown painted since bound (28 paint(s)), -2:shown painted since bound (26 paint(s)); 1 unit(s) in the window, all with a frame on their cell
  PASS layers_flat.screenshots_written - layers_flat.ground_off.png 63447 B, layers_flat.ground_flat.png 68502 B, layers_flat.minus1_off.png 118674 B, layers_flat.minus1_flat.png 119681 B
  PASS layers_flat.no_errors - none
required checks: 2/2 PASS

RESULT: all required checks passed (exit 0)

EXIT=0
