=== DEUS_Depth suite "layers_flat" (WG.00.09b Lane K) ===
run: RESULT: 9 passed, 3 failed (exit 1) in 46.1 s (snapshot exit 1); snapshot C:\Users\snewt\AppData\Local\Temp\uf_snapshots\lanek_layers_flat_30028_1790436289891 (deleted)
  PASS layers_flat.preconditions - world true, levels true, view 0, screen 816x624, world seed 1867502502
  PASS layers_flat.fixtures - fixture scene centred at (208,160) in area (0,0), world seed 1867502502: 144 columns x 5 levels (499 cell(s) written, 221 already as specified), 112 ground tile(s) set (meadow, tile 2816), 129 object(s) cleared, 6610 ms; 0 refused, 0 cell(s) not as specified; cut 6 cells from (207,159), -1 floor (207,159); unit A (205,157) +1; unit B (207,159) -1
  FAIL layers_flat.flat_position - before the pan depth 1 off by (0,0); after a 2-tile pan depth 1 off by (0,0) (want 0 px); unit A drawn at (288,216) for its cell's foot (288,216)
  PASS layers_flat.flat_crisp - 53504 opaque samples of the +2 planes' tile render, 0 colour(s) not in the 48-colour source set
  PASS layers_flat.unit_step_same_frame - step (205,157) -> (206,157) in frame 131, tick 74: sprite target 206,157 set in frame 131, walk from tick 74; 12 frame(s) drawn 1..15 ticks after it, each between the cells; 3 frame(s) drawn 16+ ticks after it, each on the new cell's foot (336,216); walk frames shown: true (columns 1/2, stand 1); reported, not gated: first drawn on the new cell 16 tick(s), 16 frame update(s) after the step (bound 16 ticks); unit E outside the window at x 220, stepped to (219,160) in frame 161: sprite made in frame 161
  PASS layers_flat.scan_candidates_only - 2 unit(s) tested per frame; 2 on the planes' levels, 1239 in the world; candidate lists made 7 time(s) since boot
  PASS layers_flat.item_change_scoped - before [{"items":false,"all":false,"objects":false},{"items":false,"all":true,"objects":true}]; a stone given to unit A (held): [{"items":false,"all":false,"objects":false},{"items":false,"all":true,"objects":true}]; a stone on the ground of level 1 at (206,157): [{"items":true,"all":false,"objects":false},{"items":false,"all":true,"objects":true}]
  SHOT C:\Users\snewt\AppData\Local\Temp\uf_snapshots\lanek_layers_flat_30028_1790436289891\test_output\layers_flat.ground_off.png
  SHOT C:\Users\snewt\AppData\Local\Temp\uf_snapshots\lanek_layers_flat_30028_1790436289891\test_output\layers_flat.ground_flat.png
  SHOT C:\Users\snewt\AppData\Local\Temp\uf_snapshots\lanek_layers_flat_30028_1790436289891\test_output\layers_flat.minus1_off.png
  SHOT C:\Users\snewt\AppData\Local\Temp\uf_snapshots\lanek_layers_flat_30028_1790436289891\test_output\layers_flat.minus1_flat.png
  PASS layers_flat.every_view_sees_through - +2: open cell (207,159) draws #08080c, planes #08080c/255, planes off #000000; floor cell (212,157) unchanged (#352d24 / #352d24 planes off); planes on levels [1]; +1: open cell (207,159) draws #08080c, planes #08080c/255, planes off #000000; floor cell (204,156) unchanged (#352d24 / #352d24 planes off); planes on levels [0]; Ground: open cell (207,159) draws #6d4d3d, planes #6d4d3d/255, planes off #000000; floor cell (206,159) unchanged (#71864d / #71864d planes off); planes on levels [-1]; -1: open cell (208,159) draws #35312d, planes #35312d/255, planes off #000000; solid cell (206,159) unchanged (#573a07 / #573a07 planes off); planes on levels [-2]
  FAIL layers_flat.flat_no_filters - plus2: planes on levels [1], flat; plus1: planes on levels [0], flat
  FAIL layers_flat.switch_same_frame - switches 0->2 2->1 1->0 0->-1 -1->0: 0->2 at levels:viewChanged (frame 99): planes 1:shown painted since bound (3 paint(s)) (want levels [1, 0], shown and painted); 1 unit(s) in the window, all with a frame on their cell; first drawn frame (frame 100): planes 1:shown painted since bound (3 paint(s)) (want levels [1, 0], shown and painted); 1 unit(s) in the window, all with a frame on their cell; 2->1 at levels:viewChanged (frame 188): planes 0:shown painted since bound (11 paint(s)) (want levels [0, -1], shown and painted); 0 unit(s) in the window, all with a frame on their cell; first drawn frame (frame 188): planes 0:shown painted since bound (11 paint(s)) (want levels [0, -1], shown and painted); 0 unit(s) in the window, all with a frame on their cell; 1->0 at levels:viewChanged (frame 209): planes -1:shown painted since bound (15 paint(s)) (want levels [-1, -2], shown and painted); 1 unit(s) in the window, all with a frame on their cell; first drawn frame (frame 209): planes -1:shown painted since bound (15 paint(s)) (want levels [-1, -2], shown and painted); 1 unit(s) in the window, all with a frame on their cell; 0->-1 at levels:viewChanged (frame 236): planes -2:shown painted since bound (20 paint(s)); 0 unit(s) in the window, all with a frame on their cell; first drawn frame (frame 236): planes -2:shown painted since bound (20 paint(s)); 0 unit(s) in the window, all with a frame on their cell; -1->0 at levels:viewChanged (frame 263): planes -1:shown painted since bound (25 paint(s)) (want levels [-1, -2], shown and painted); 1 unit(s) in the window, all with a frame on their cell; first drawn frame (frame 263): planes -1:shown painted since bound (25 paint(s)) (want levels [-1, -2], shown and painted); 1 unit(s) in the window, all with a frame on their cell
  PASS layers_flat.screenshots_written - layers_flat.ground_off.png 58788 B, layers_flat.ground_flat.png 62054 B, layers_flat.minus1_off.png 105914 B, layers_flat.minus1_flat.png 108828 B
  PASS layers_flat.no_errors - none
required checks: 1/2 PASS

RESULT: 2 problem(s), 0 harness problem(s) (exit 1)

EXIT=1
