=== DEUS_Depth suite "layers_flat" (WG.00.09b Lane K) ===
run: RESULT: 11 passed, 1 failed (exit 1) in 43.0 s (snapshot exit 1); snapshot C:\Users\snewt\AppData\Local\Temp\uf_snapshots\lanek_layers_flat_1656_1790436336070 (deleted)
  PASS layers_flat.preconditions - world true, levels true, view 0, screen 816x624, world seed 125307548
  PASS layers_flat.fixtures - fixture scene centred at (168,192) in area (0,0), world seed 125307548: 144 columns x 5 levels (544 cell(s) written, 176 already as specified), 112 ground tile(s) set (meadow, tile 2816), 96 object(s) cleared, 7267 ms; 0 refused, 0 cell(s) not as specified; cut 6 cells from (167,191), -1 floor (167,191); unit A (165,189) +1; unit B (167,191) -1
  PASS layers_flat.flat_position - before the pan depth 1 off by (0,0), depth 2 off by (0,0); after a 2-tile pan depth 1 off by (0,0), depth 2 off by (0,0) (want 0 px); unit A drawn at (288,216) for its cell's foot (288,216)
  PASS layers_flat.flat_crisp - 33792 opaque samples of the +2 planes' tile render, 0 colour(s) not in the 57-colour source set
  PASS layers_flat.unit_step_same_frame - step (165,189) -> (166,189) in frame 129, tick 76: sprite target 166,189 set in frame 129, walk from tick 76; 15 frame(s) drawn 1..15 ticks after it, each between the cells; 3 frame(s) drawn 16+ ticks after it, each on the new cell's foot (336,216); walk frames shown: true (columns 1/2, stand 1); reported, not gated: first drawn on the new cell 16 tick(s), 16 frame update(s) after the step (bound 16 ticks); unit E outside the window at x 180, stepped to (179,192) in frame 159: sprite made in frame 159
  PASS layers_flat.scan_candidates_only - 736 unit(s) tested per frame; 736 on the planes' levels, 1241 in the world; candidate lists made 7 time(s) since boot
  PASS layers_flat.item_change_scoped - before [{"items":false,"all":false,"objects":false},{"items":false,"all":false,"objects":false}]; a stone given to unit A (held): [{"items":false,"all":false,"objects":false},{"items":false,"all":false,"objects":false}]; a stone on the ground of level 1 at (166,189): [{"items":true,"all":false,"objects":false},{"items":false,"all":false,"objects":false}]
  SHOT C:\Users\snewt\AppData\Local\Temp\uf_snapshots\lanek_layers_flat_1656_1790436336070\test_output\layers_flat.ground_off.png
  SHOT C:\Users\snewt\AppData\Local\Temp\uf_snapshots\lanek_layers_flat_1656_1790436336070\test_output\layers_flat.ground_flat.png
  SHOT C:\Users\snewt\AppData\Local\Temp\uf_snapshots\lanek_layers_flat_1656_1790436336070\test_output\layers_flat.minus1_off.png
  SHOT C:\Users\snewt\AppData\Local\Temp\uf_snapshots\lanek_layers_flat_1656_1790436336070\test_output\layers_flat.minus1_flat.png
  PASS layers_flat.every_view_sees_through - +2: open cell (167,191) draws #08080c, planes #08080c/255, planes off #000000; floor cell (172,189) unchanged (#352d24 / #352d24 planes off); planes on levels [1, 0]; +1: open cell (167,191) draws #6d4d3d, planes #6d4d3d/255, planes off #000000; floor cell (164,188) unchanged (#352d24 / #352d24 planes off); planes on levels [0, -1]; Ground: open cell (167,191) draws #6d4d3d, planes #6d4d3d/255, planes off #000000; floor cell (166,191) unchanged (#71864d / #71864d planes off); planes on levels [-1, -2]; -1: open cell (168,191) draws #352d24, planes #352d24/255, planes off #000000; solid cell (166,191) unchanged (#573a07 / #573a07 planes off); planes on levels [-2, -3]
  PASS layers_flat.flat_no_filters - plus2: planes on levels [1, 0], flat; plus1: planes on levels [0, -1], flat
  FAIL layers_flat.switch_same_frame - switches 0->2 2->1 1->0 0->-1 -1->0: 0->2 at levels:viewChanged (frame 96): planes 1:shown painted since bound (5 paint(s)), 0:shown painted since bound (3 paint(s)); 1 unit(s) in the window, all with a frame on their cell; first drawn frame (frame 96): planes 1:shown painted since bound (5 paint(s)), 0:shown painted since bound (3 paint(s)); 1 unit(s) in the window, all with a frame on their cell; 2->1 at levels:viewChanged (frame 186): planes 0:shown painted since bound (13 paint(s)), -1:shown painted since bound (11 paint(s)); 1 unit(s) in the window, all with a frame on their cell; first drawn frame (frame 186): planes 0:shown painted since bound (13 paint(s)), -1:shown painted since bound (11 paint(s)); 1 unit(s) in the window, all with a frame on their cell; 1->0 at levels:viewChanged (frame 207): planes -1:shown painted since bound (17 paint(s)), -2:shown painted since bound (15 paint(s)); 1 unit(s) in the window, all with a frame on their cell; first drawn frame (frame 207): planes -1:shown painted since bound (17 paint(s)), -2:shown painted since bound (15 paint(s)); 1 unit(s) in the window, all with a frame on their cell; 0->-1 at levels:viewChanged (frame 234): planes -2:shown painted since bound (22 paint(s)), -3:shown painted since bound (20 paint(s)) (want levels [-2], shown and painted); 0 unit(s) in the window, all with a frame on their cell; first drawn frame (frame 234): planes -2:shown painted since bound (22 paint(s)), -3:shown painted since bound (20 paint(s)) (want levels [-2], shown and painted); 0 unit(s) in the window, all with a frame on their cell; -1->0 at levels:viewChanged (frame 261): planes -1:shown painted since bound (27 paint(s)), -2:shown painted since bound (25 paint(s)); 1 unit(s) in the window, all with a frame on their cell; first drawn frame (frame 261): planes -1:shown painted since bound (27 paint(s)), -2:shown painted since bound (25 paint(s)); 1 unit(s) in the window, all with a frame on their cell
  PASS layers_flat.screenshots_written - layers_flat.ground_off.png 63935 B, layers_flat.ground_flat.png 70204 B, layers_flat.minus1_off.png 102489 B, layers_flat.minus1_flat.png 104879 B
  PASS layers_flat.no_errors - none
required checks: 1/2 PASS

RESULT: 2 problem(s), 0 harness problem(s) (exit 1)

EXIT=1
