=== DEUS_Depth suite "layers_flat" (WG.00.09b Lane K) ===
run: RESULT: 11 passed, 1 failed (exit 1) in 37.2 s (snapshot exit 1); snapshot C:\Users\snewt\AppData\Local\Temp\uf_snapshots\lanek_layers_flat_29884_1790436422929 (deleted)
  PASS layers_flat.preconditions - world true, levels true, view 0, screen 816x624, world seed 1559607288
  PASS layers_flat.fixtures - fixture scene centred at (184,184) in area (0,0), world seed 1559607288: 144 columns x 5 levels (542 cell(s) written, 178 already as specified), 112 ground tile(s) set (meadow, tile 2816), 50 object(s) cleared, 5346 ms; 0 refused, 0 cell(s) not as specified; cut 6 cells from (183,183), -1 floor (183,183); unit A (181,181) +1; unit B (183,183) -1
  PASS layers_flat.flat_position - before the pan depth 1 off by (0,0), depth 2 off by (0,0); after a 2-tile pan depth 1 off by (0,0), depth 2 off by (0,0) (want 0 px); unit A drawn at (288,216) for its cell's foot (288,216)
  PASS layers_flat.flat_crisp - 37056 opaque samples of the +2 planes' tile render, 0 colour(s) not in the 53-colour source set
  PASS layers_flat.unit_step_same_frame - step (181,181) -> (182,181) in frame 122, tick 70: sprite target 182,181 set in frame 122, walk from tick 70; 7 frame(s) drawn 1..15 ticks after it, each between the cells; 2 frame(s) drawn 16+ ticks after it, each on the new cell's foot (336,216); walk frames shown: true (columns 1/2, stand 1); reported, not gated: first drawn on the new cell 16 tick(s), 16 frame update(s) after the step (bound 16 ticks); unit E outside the window at x 196, stepped to (195,184) in frame 152: sprite made in frame 152
  PASS layers_flat.scan_candidates_only - 750 unit(s) tested per frame; 750 on the planes' levels, 1252 in the world; candidate lists made 8 time(s) since boot
  PASS layers_flat.item_change_scoped - before [{"items":false,"all":false,"objects":false},{"items":false,"all":false,"objects":false}]; a stone given to unit A (held): [{"items":false,"all":false,"objects":false},{"items":false,"all":false,"objects":false}]; a stone on the ground of level 1 at (182,181): [{"items":true,"all":false,"objects":false},{"items":false,"all":false,"objects":false}]
  SHOT C:\Users\snewt\AppData\Local\Temp\uf_snapshots\lanek_layers_flat_29884_1790436422929\test_output\layers_flat.ground_off.png
  SHOT C:\Users\snewt\AppData\Local\Temp\uf_snapshots\lanek_layers_flat_29884_1790436422929\test_output\layers_flat.ground_flat.png
  SHOT C:\Users\snewt\AppData\Local\Temp\uf_snapshots\lanek_layers_flat_29884_1790436422929\test_output\layers_flat.minus1_off.png
  SHOT C:\Users\snewt\AppData\Local\Temp\uf_snapshots\lanek_layers_flat_29884_1790436422929\test_output\layers_flat.minus1_flat.png
  PASS layers_flat.every_view_sees_through - +2: open cell (183,183) draws #08080c, planes #08080c/255, planes off #000000; floor cell (188,181) unchanged (#352d24 / #352d24 planes off); planes on levels [1, 0]; +1: open cell (183,183) draws #35312d, planes #35312d/255, planes off #000000; floor cell (180,180) unchanged (#352d24 / #352d24 planes off); planes on levels [0, -1]; Ground: open cell (183,183) draws #35312d, planes #35312d/255, planes off #000000; floor cell (182,183) unchanged (#71864d / #71864d planes off); planes on levels [-1, -2]; -1: open cell (184,183) draws #35312d, planes #35312d/255, planes off #000000; solid cell (182,183) unchanged (#573a07 / #573a07 planes off); planes on levels [-2, -3]
  PASS layers_flat.flat_no_filters - plus2: planes on levels [1, 0], flat; plus1: planes on levels [0, -1], flat
  FAIL layers_flat.switch_same_frame - switches 0->2 2->1 1->0 0->-1 -1->0: 0->2 at levels:viewChanged (frame 95): planes 1:shown painted since bound (5 paint(s)), 0:shown painted since bound (5 paint(s)); 1 unit(s) in the window, all with a frame on their cell; first drawn frame (frame 95): planes 1:shown painted since bound (5 paint(s)), 0:shown painted since bound (5 paint(s)); 1 unit(s) in the window, all with a frame on their cell; 2->1 at levels:viewChanged (frame 180): planes 0:shown painted since bound (13 paint(s)), -1:shown painted since bound (13 paint(s)); 1 unit(s) in the window, all with a frame on their cell; first drawn frame (frame 180): planes 0:shown painted since bound (13 paint(s)), -1:shown painted since bound (13 paint(s)); 1 unit(s) in the window, all with a frame on their cell; 1->0 at levels:viewChanged (frame 201): planes -1:shown painted since bound (17 paint(s)), -2:shown painted since bound (17 paint(s)); 1 unit(s) in the window, all with a frame on their cell; first drawn frame (frame 201): planes -1:shown painted since bound (17 paint(s)), -2:shown painted since bound (17 paint(s)); 1 unit(s) in the window, all with a frame on their cell; 0->-1 at levels:viewChanged (frame 228): planes -2:shown painted since bound (22 paint(s)), -3:shown painted since bound (22 paint(s)) (want levels [-2], shown and painted); 0 unit(s) in the window, all with a frame on their cell; first drawn frame (frame 228): planes -2:shown painted since bound (22 paint(s)), -3:shown painted since bound (22 paint(s)) (want levels [-2], shown and painted); 0 unit(s) in the window, all with a frame on their cell; -1->0 at levels:viewChanged (frame 255): planes -1:shown painted since bound (27 paint(s)), -2:shown painted since bound (27 paint(s)); 1 unit(s) in the window, all with a frame on their cell; first drawn frame (frame 255): planes -1:shown painted since bound (27 paint(s)), -2:shown painted since bound (27 paint(s)); 1 unit(s) in the window, all with a frame on their cell
  PASS layers_flat.screenshots_written - layers_flat.ground_off.png 61924 B, layers_flat.ground_flat.png 68053 B, layers_flat.minus1_off.png 106763 B, layers_flat.minus1_flat.png 108276 B
  PASS layers_flat.no_errors - none
required checks: 1/2 PASS

RESULT: 2 problem(s), 0 harness problem(s) (exit 1)

EXIT=1
