snapshot: C:\Users\snewt\AppData\Local\Temp\uf_snapshots\lanek_repro_depth_1
plugins: DEUS_Core > DEUS_Visuals > DEUS_Movement8D > DEUS_Perspective25D > DEUS_ColonyOverseer > DEUS_World > DEUS_WorldGen > DEUS_Tiles > DEUS_Factions > DEUS_History > DEUS_Objects > DEUS_Walls > DEUS_Doors > DEUS_Items > DEUS_Jobs > DEUS_Floors > DEUS_Generator > DEUS_Colonists > DEUS_Projects > DEUS_Wildlife > DEUS_Ecology > DEUS_Stance > DEUS_Combat > DEUS_Anim > DEUS_Fog > DEUS_DayNight > DEUS_TimeSpeed > DEUS_Camera > DEUS_Culling > DEUS_Speech > DEUS_Look > DEUS_Interact > DEUS_Sheet > DEUS_Talk > DEUS_Fire > DEUS_Levels > DEUS_Ownership > DEUS_Environment > DEUS_NaturalConnections > DEUS_FactionMenus > DEUS_Depth > DEUS_Test > UF_Test
Running --deus-test=depth on C:\Users\snewt\AppData\Local\Temp\uf_snapshots\lanek_repro_depth_1
UF_Test run 2026-09-26T08:48:37.380Z args=[]
DEBUG_SHEET: Scene_Boot.start called
AVAILABLE SUITES: selftest, smoke, perf, native_starting_gear, native_survival_dying, native_perf_4x_benchmark, select, minimap, natural_connections, ownership, ecology, projects, settlement, colonists, overseer, world, spawn, worldgen, biomes, tiles, ground, factions, skins, history, objects, walls, doors, items, jobs, floors, wildlife, wildlife_seeds, stance, combat, anim, fog, daynight, timespeed, camera, culling, speech, overhead, look, sheet, talk, fire, vertical, natural_walls, flooding, strata, environment, faction_menus, title, load, setup, depth, layers_flat, select
SUITE depth
PASS depth.preconditions - world true, levels true, view 0, surface grid true, screen 816x624
PASS depth.proof_scene - natural window at (146,172): ground 58, +1 101, +2 62 cells; hole (153,173), deck 3 cells from (151,173)
PASS depth.planes_present - view 2; depth 1 -> level 1, 1 paint(s), 66158 opaque samples; depth 2 -> level 0, 1 paint(s), 35595 opaque samples; last paint 6.6 ms, last peek 0.0 ms
PASS depth.repaint_cost - repaints of one 912x720 plane: 6.6 / 5.0 / 6.3 / 2.6 / 2.1 ms (bound 16; this machine, nw.exe harness)
TRACE b1 world seed 2034507779; proof window (146,172) centre (154,178); item sheet !$UF_Item_Stone ready before I.create: false
TRACE b1 after I.create +0 frame 136 world 129: item sheet !$UF_Item_Stone ready false; rebuildItems query finds it true (near 153.5,177.5 radius 19.3, 1 hit(s)); tracked false; visible -; display (145.5,171.5) window x 142..165 y 162..187; item at (154,175,1)
TRACE b1 after I.create +1 frame 138 world 131: item sheet !$UF_Item_Stone ready true; rebuildItems query finds it true (near 153.5,177.5 radius 19.3, 1 hit(s)); tracked true; visible true; display (145.5,171.5) window x 142..165 y 162..187; item at (154,175,1)
TRACE b1 after I.create +2 frame 140 world 133: item sheet !$UF_Item_Stone ready true; rebuildItems query finds it true (near 153.5,177.5 radius 19.3, 1 hit(s)); tracked true; visible true; display (145.5,171.5) window x 142..165 y 162..187; item at (154,175,1)
TRACE b1 after I.create +3 frame 142 world 135: item sheet !$UF_Item_Stone ready true; rebuildItems query finds it true (near 153.5,177.5 radius 19.3, 1 hit(s)); tracked true; visible true; display (145.5,171.5) window x 142..165 y 162..187; item at (154,175,1)
TRACE b1 after I.create +4 frame 144 world 137: item sheet !$UF_Item_Stone ready true; rebuildItems query finds it true (near 153.5,177.5 radius 19.3, 1 hit(s)); tracked true; visible true; display (145.5,171.5) window x 142..165 y 162..187; item at (154,175,1)
TRACE b1 after I.create +5 frame 146 world 139: item sheet !$UF_Item_Stone ready true; rebuildItems query finds it true (near 153.5,177.5 radius 19.3, 1 hit(s)); tracked true; visible true; display (145.5,171.5) window x 142..165 y 162..187; item at (154,175,1)
TRACE b1 after I.create +6 frame 148 world 141: item sheet !$UF_Item_Stone ready true; rebuildItems query finds it true (near 153.5,177.5 radius 19.3, 1 hit(s)); tracked true; visible true; display (145.5,171.5) window x 142..165 y 162..187; item at (154,175,1)
PASS depth.projection_origin - centre -> (408,312) want (408,312); left edge -> (0,312) want (0,312) (identity, DEC-011); plane scale 1
PASS depth.exposure_by_upper_geometry - floor cell (160,174) unchanged by the planes; open cell (152,173) shows the level below
SHOT C:\Users\snewt\AppData\Local\Temp\uf_snapshots\lanek_repro_depth_1\test_output\depth.planes_only_plus2.png
SHOT C:\Users\snewt\AppData\Local\Temp\uf_snapshots\lanek_repro_depth_1\test_output\depth.planes_only_plus2_tiles.png
SHOT C:\Users\snewt\AppData\Local\Temp\uf_snapshots\lanek_repro_depth_1\test_output\depth.canvas_depth1.png
SHOT C:\Users\snewt\AppData\Local\Temp\uf_snapshots\lanek_repro_depth_1\test_output\depth.canvas_depth2.png
PASS depth.mask_order - deck cell (151,173) at screen (288,96): drawn #d89a55, depth 1 texels {#351d16 #492a19 #d89a55 #8e4d30}, ground texel under it #71864d/255
PASS depth.depth2_through_depth1 - low ground (146,173) at screen (48,96): drawn #71864d/255, ground texel #71864d/255, ground texels {#71864d #553d31 #6d4d3d}, depth 1 alpha there 0; under the hole (153,173) the ground draws #8e3d0c/255 (tiles 3488/952/3488)
TRACE b1 at the check +0 frame 164 world 157: item sheet !$UF_Item_Stone ready true; rebuildItems query finds it true (near 153.5,177.5 radius 19.3, 1 hit(s)); tracked true; visible true; display (145.5,171.5) window x 142..165 y 162..187; item at (154,175,1)
PASS depth.entities_drawn - fixtures: oak placed at (151,175), item stone x3 at (154,175), unit added; +1 plane draws 8 object(s), 1 unit(s), 1 item stack(s), 21 wall/ramp frame(s); unit at (157,175) probed at screen (576,196): drawn (#fbdcc8 vs #35312d without units)
PASS depth.crisp_nearest - 44992 opaque samples, 0 colour(s) not in the 72-colour source set; smooth false, baseTexture scaleMode 0 (0 nearest, 1 linear), sprite texture is the bitmap's, plane at (-24,-24)
PASS depth.parallax_bounded - edge shift measured depth 1 0 px, depth 2 0 px (want 0); a pan of 2 tiles moved a low-ground point on depth 1 from x 48 to -48 (-96 px, want -96); the point under the centre stays at x 408; display back at 145.5 (was 145.5)
PASS depth.tunables_take_effect - maxDepth 1 [1:1 2:-] void true; maxDepth 2 [1:1 2:0]; enabled false [1:- 2:-] void false; enabled true [1:1 2:0] void true
PASS depth.no_filters_any_state - maxDepth 1: none; maxDepth 2: none; off: none; on: none; entities off: none; entities on: none
PASS depth.one_level_below - maxDepth 1: depth 1 level 1, depth 2 hidden, void shown
PASS depth.void_beyond - low ground (146,173) at screen (48,96): planes render #08080c/255, screen #08080c, void #08080c
PASS depth.no_blends - 0 of 44992 sampled pixels are blends (want 0)
PASS depth.flat_transform - depth 1 scale 1 at (-24,-24) filters [] entities [] alpha 1; depth 2 scale 1 at (-24,-24) filters [] entities [] alpha 1; blur/colour filters in the subtree: none; active tilemap scale 1, filters none, alpha 1; terrace pixel #352d24, its source texel #352d24/255
PASS depth.entities_inherit_treatment - unit sprite in the +1 plane: child of the plane, world scale 1 x 1, filters on it and its 3 container(s): none; tint #ffffff (the unit's own)
PASS depth.visual_settings_no_physics - unchanged: {"unit":{"x":157,"y":175,"z":1},"shapeUnit":"floor","shapeChain":"open","walkChain":false,"walkUnit":true,"objects":1}
PASS depth.config_deterministic - the same after maxDepth 1 / 0 / 2 and off / on: {"describe":"2 level(s) below, drawn 1:1 (DEC-011), void #08080c","planes":[{"z":1,"visible":true,"x":-24,"y":-24,"scale":1,"alpha":1,"filters":[]},{"z":0,"visible":true,"x":-24,"y":-24,"scale":1,"alpha":1,"filters":[]}]}
PASS depth.planes_cost - GL renderer "ANGLE (NVIDIA GeForce RTX 4060 Laptop GPU Direct3D11 vs_5_0 ps_5_0)"; median engine tick (update + render submit) over 2 x 60 frames: planes off 1.8 ms, on 2.6 ms (the planes +0.8 ms, bound 8); median frame intervals off 16, on 16 ms; worst tick off 6.0, on 6.3 ms; this machine, nw.exe harness, simulation paused
SHOT C:\Users\snewt\AppData\Local\Temp\uf_snapshots\lanek_repro_depth_1\test_output\depth.plus2_off.png
SHOT C:\Users\snewt\AppData\Local\Temp\uf_snapshots\lanek_repro_depth_1\test_output\depth.plus2_flat.png
SHOT C:\Users\snewt\AppData\Local\Temp\uf_snapshots\lanek_repro_depth_1\test_output\depth.plus1_off.png
SHOT C:\Users\snewt\AppData\Local\Temp\uf_snapshots\lanek_repro_depth_1\test_output\depth.plus1_flat.png
PASS depth.screenshots_written - depth.plus2_off.png 304159 B, depth.plus2_flat.png 154866 B, depth.plus1_off.png 231353 B, depth.plus1_flat.png 168751 B
PASS depth.ground_draws_through_openings - view 0, depth 1 -> -1, depth 2 -> -2, void shown; solid ground cell (147,173) unchanged by the planes (its own art's lowest alpha 255); open cell (150,174) over the -2 floor draws #352d24 (planes #352d24, -2 texels {#514945 #35312d #352d24}, -1 alpha 0; planes off #000000); open cell (148,174) over the -1 floor draws #6d4d3d (-1 texels {#553d31 #6d4d3d}; planes off #000000)
PASS depth.canvases_freed - 4 canvas layers in use, 4 canvases made since boot, 0 destroyed, 0 pooled, after 4 level switches (want 4 / 4 / 0 / 0)
PASS depth.hotkey_free - keyMapper[118] (F7) is undefined: the preset hotkey is gone and the key is free
PASS depth.no_errors - none
RESULT: 26 passed, 0 failed (exit 0)
results: C:\Users\snewt\AppData\Local\Temp\uf_snapshots\lanek_repro_depth_1\test_output\results.txt; screenshots in C:\Users\snewt\AppData\Local\Temp\uf_snapshots\lanek_repro_depth_1\test_output
